SYSTICK_program.c:21:6:MSYSTICK_voidInit	4	static
SYSTICK_program.c:47:6:MSYSTICK_voidSTATUS	16	static
SYSTICK_program.c:56:6:MSYSTICK_voidPreload	16	static
SYSTICK_program.c:70:6:MSYSTICK_voidBusyWait	16	static
SYSTICK_program.c:87:6:MSYSTICK_voidDelay_MS	16	static
SYSTICK_program.c:105:6:MSYSTICK_voidSetIntervalSingle	16	static
SYSTICK_program.c:131:6:MSYSTICK_voidSetIntervalPeriodic	16	static
SYSTICK_program.c:157:6:MSYSTICK_voidStopPeriodicFunction	4	static
SYSTICK_program.c:174:5:MSYSTICK_u32MS_TO_TICKS	16	static
SYSTICK_program.c:181:6:SysTick_Handler	8	static
SYSTICK_program.c:200:5:MSYSTICK_u32GetRemaniningTime	4	static
SYSTICK_program.c:205:5:MSYSTICK_u32GetElapsedTime	4	static
