Archive member included to satisfy reference by file (symbol)

c:/program files (x86)/stmicroelectronics/stm32cubeide_1.4.0/stm32cubeide/plugins/com.st.stm32cube.ide.mcu.externaltools.gnu-tools-for-stm32.7-2018-q2-update.win32_1.4.0.202007081208/tools/bin/../lib/gcc/arm-none-eabi/7.3.1/../../../../arm-none-eabi/lib/thumb/v7-m\libc_nano.a(lib_a-exit.o)
                              c:/program files (x86)/stmicroelectronics/stm32cubeide_1.4.0/stm32cubeide/plugins/com.st.stm32cube.ide.mcu.externaltools.gnu-tools-for-stm32.7-2018-q2-update.win32_1.4.0.202007081208/tools/bin/../lib/gcc/arm-none-eabi/7.3.1/../../../../arm-none-eabi/lib/thumb/v7-m/crt0.o (exit)
c:/program files (x86)/stmicroelectronics/stm32cubeide_1.4.0/stm32cubeide/plugins/com.st.stm32cube.ide.mcu.externaltools.gnu-tools-for-stm32.7-2018-q2-update.win32_1.4.0.202007081208/tools/bin/../lib/gcc/arm-none-eabi/7.3.1/../../../../arm-none-eabi/lib/thumb/v7-m\libc_nano.a(lib_a-impure.o)
                              c:/program files (x86)/stmicroelectronics/stm32cubeide_1.4.0/stm32cubeide/plugins/com.st.stm32cube.ide.mcu.externaltools.gnu-tools-for-stm32.7-2018-q2-update.win32_1.4.0.202007081208/tools/bin/../lib/gcc/arm-none-eabi/7.3.1/../../../../arm-none-eabi/lib/thumb/v7-m\libc_nano.a(lib_a-exit.o) (_global_impure_ptr)
c:/program files (x86)/stmicroelectronics/stm32cubeide_1.4.0/stm32cubeide/plugins/com.st.stm32cube.ide.mcu.externaltools.gnu-tools-for-stm32.7-2018-q2-update.win32_1.4.0.202007081208/tools/bin/../lib/gcc/arm-none-eabi/7.3.1/../../../../arm-none-eabi/lib/thumb/v7-m\libc_nano.a(lib_a-init.o)
                              c:/program files (x86)/stmicroelectronics/stm32cubeide_1.4.0/stm32cubeide/plugins/com.st.stm32cube.ide.mcu.externaltools.gnu-tools-for-stm32.7-2018-q2-update.win32_1.4.0.202007081208/tools/bin/../lib/gcc/arm-none-eabi/7.3.1/../../../../arm-none-eabi/lib/thumb/v7-m/crt0.o (__libc_init_array)
c:/program files (x86)/stmicroelectronics/stm32cubeide_1.4.0/stm32cubeide/plugins/com.st.stm32cube.ide.mcu.externaltools.gnu-tools-for-stm32.7-2018-q2-update.win32_1.4.0.202007081208/tools/bin/../lib/gcc/arm-none-eabi/7.3.1/../../../../arm-none-eabi/lib/thumb/v7-m\libc_nano.a(lib_a-memset.o)
                              c:/program files (x86)/stmicroelectronics/stm32cubeide_1.4.0/stm32cubeide/plugins/com.st.stm32cube.ide.mcu.externaltools.gnu-tools-for-stm32.7-2018-q2-update.win32_1.4.0.202007081208/tools/bin/../lib/gcc/arm-none-eabi/7.3.1/../../../../arm-none-eabi/lib/thumb/v7-m/crt0.o (memset)
c:/program files (x86)/stmicroelectronics/stm32cubeide_1.4.0/stm32cubeide/plugins/com.st.stm32cube.ide.mcu.externaltools.gnu-tools-for-stm32.7-2018-q2-update.win32_1.4.0.202007081208/tools/bin/../lib/gcc/arm-none-eabi/7.3.1/thumb/v7-m\libgcc.a(_arm_addsubdf3.o)
                              Src/USART_program.o (__aeabi_ui2d)
c:/program files (x86)/stmicroelectronics/stm32cubeide_1.4.0/stm32cubeide/plugins/com.st.stm32cube.ide.mcu.externaltools.gnu-tools-for-stm32.7-2018-q2-update.win32_1.4.0.202007081208/tools/bin/../lib/gcc/arm-none-eabi/7.3.1/thumb/v7-m\libgcc.a(_arm_muldivdf3.o)
                              Src/USART_program.o (__aeabi_ddiv)
c:/program files (x86)/stmicroelectronics/stm32cubeide_1.4.0/stm32cubeide/plugins/com.st.stm32cube.ide.mcu.externaltools.gnu-tools-for-stm32.7-2018-q2-update.win32_1.4.0.202007081208/tools/bin/../lib/gcc/arm-none-eabi/7.3.1/thumb/v7-m\libgcc.a(_arm_truncdfsf2.o)
                              Src/USART_program.o (__aeabi_d2f)
c:/program files (x86)/stmicroelectronics/stm32cubeide_1.4.0/stm32cubeide/plugins/com.st.stm32cube.ide.mcu.externaltools.gnu-tools-for-stm32.7-2018-q2-update.win32_1.4.0.202007081208/tools/bin/../lib/gcc/arm-none-eabi/7.3.1/thumb/v7-m\libgcc.a(_arm_addsubsf3.o)
                              Src/USART_program.o (__aeabi_fsub)
c:/program files (x86)/stmicroelectronics/stm32cubeide_1.4.0/stm32cubeide/plugins/com.st.stm32cube.ide.mcu.externaltools.gnu-tools-for-stm32.7-2018-q2-update.win32_1.4.0.202007081208/tools/bin/../lib/gcc/arm-none-eabi/7.3.1/thumb/v7-m\libgcc.a(_arm_muldivsf3.o)
                              Src/USART_program.o (__aeabi_fmul)
c:/program files (x86)/stmicroelectronics/stm32cubeide_1.4.0/stm32cubeide/plugins/com.st.stm32cube.ide.mcu.externaltools.gnu-tools-for-stm32.7-2018-q2-update.win32_1.4.0.202007081208/tools/bin/../lib/gcc/arm-none-eabi/7.3.1/thumb/v7-m\libgcc.a(_arm_cmpsf2.o)
                              Src/USART_program.o (__aeabi_fcmpgt)
c:/program files (x86)/stmicroelectronics/stm32cubeide_1.4.0/stm32cubeide/plugins/com.st.stm32cube.ide.mcu.externaltools.gnu-tools-for-stm32.7-2018-q2-update.win32_1.4.0.202007081208/tools/bin/../lib/gcc/arm-none-eabi/7.3.1/thumb/v7-m\libgcc.a(_arm_fixunssfsi.o)
                              Src/USART_program.o (__aeabi_f2uiz)
c:/program files (x86)/stmicroelectronics/stm32cubeide_1.4.0/stm32cubeide/plugins/com.st.stm32cube.ide.mcu.externaltools.gnu-tools-for-stm32.7-2018-q2-update.win32_1.4.0.202007081208/tools/bin/../lib/gcc/arm-none-eabi/7.3.1/../../../../arm-none-eabi/lib/thumb/v7-m\libnosys.a(_exit.o)
                              c:/program files (x86)/stmicroelectronics/stm32cubeide_1.4.0/stm32cubeide/plugins/com.st.stm32cube.ide.mcu.externaltools.gnu-tools-for-stm32.7-2018-q2-update.win32_1.4.0.202007081208/tools/bin/../lib/gcc/arm-none-eabi/7.3.1/../../../../arm-none-eabi/lib/thumb/v7-m\libc_nano.a(lib_a-exit.o) (_exit)

Allocating common symbols
Common symbol       size              file

RCC_F_CPU           0x4               Src/RCC_program.o
RCC_APB1_Frequency  0x4               Src/RCC_program.o
SYSTICK_Frequency   0x4               Src/SYSTICK_program.o
RCC_AHB_Frequency   0x4               Src/RCC_program.o
RCC_APB2_Frequency  0x4               Src/RCC_program.o

Discarded input sections

 .text          0x0000000000000000        0x0 c:/program files (x86)/stmicroelectronics/stm32cubeide_1.4.0/stm32cubeide/plugins/com.st.stm32cube.ide.mcu.externaltools.gnu-tools-for-stm32.7-2018-q2-update.win32_1.4.0.202007081208/tools/bin/../lib/gcc/arm-none-eabi/7.3.1/thumb/v7-m/crti.o
 .data          0x0000000000000000        0x0 c:/program files (x86)/stmicroelectronics/stm32cubeide_1.4.0/stm32cubeide/plugins/com.st.stm32cube.ide.mcu.externaltools.gnu-tools-for-stm32.7-2018-q2-update.win32_1.4.0.202007081208/tools/bin/../lib/gcc/arm-none-eabi/7.3.1/thumb/v7-m/crti.o
 .bss           0x0000000000000000        0x0 c:/program files (x86)/stmicroelectronics/stm32cubeide_1.4.0/stm32cubeide/plugins/com.st.stm32cube.ide.mcu.externaltools.gnu-tools-for-stm32.7-2018-q2-update.win32_1.4.0.202007081208/tools/bin/../lib/gcc/arm-none-eabi/7.3.1/thumb/v7-m/crti.o
 .data          0x0000000000000000        0x4 c:/program files (x86)/stmicroelectronics/stm32cubeide_1.4.0/stm32cubeide/plugins/com.st.stm32cube.ide.mcu.externaltools.gnu-tools-for-stm32.7-2018-q2-update.win32_1.4.0.202007081208/tools/bin/../lib/gcc/arm-none-eabi/7.3.1/thumb/v7-m/crtbegin.o
 .text          0x0000000000000000       0x74 c:/program files (x86)/stmicroelectronics/stm32cubeide_1.4.0/stm32cubeide/plugins/com.st.stm32cube.ide.mcu.externaltools.gnu-tools-for-stm32.7-2018-q2-update.win32_1.4.0.202007081208/tools/bin/../lib/gcc/arm-none-eabi/7.3.1/../../../../arm-none-eabi/lib/thumb/v7-m/crt0.o
 .data          0x0000000000000000        0x0 c:/program files (x86)/stmicroelectronics/stm32cubeide_1.4.0/stm32cubeide/plugins/com.st.stm32cube.ide.mcu.externaltools.gnu-tools-for-stm32.7-2018-q2-update.win32_1.4.0.202007081208/tools/bin/../lib/gcc/arm-none-eabi/7.3.1/../../../../arm-none-eabi/lib/thumb/v7-m/crt0.o
 .bss           0x0000000000000000        0x0 c:/program files (x86)/stmicroelectronics/stm32cubeide_1.4.0/stm32cubeide/plugins/com.st.stm32cube.ide.mcu.externaltools.gnu-tools-for-stm32.7-2018-q2-update.win32_1.4.0.202007081208/tools/bin/../lib/gcc/arm-none-eabi/7.3.1/../../../../arm-none-eabi/lib/thumb/v7-m/crt0.o
 .ARM.extab     0x0000000000000000        0x0 c:/program files (x86)/stmicroelectronics/stm32cubeide_1.4.0/stm32cubeide/plugins/com.st.stm32cube.ide.mcu.externaltools.gnu-tools-for-stm32.7-2018-q2-update.win32_1.4.0.202007081208/tools/bin/../lib/gcc/arm-none-eabi/7.3.1/../../../../arm-none-eabi/lib/thumb/v7-m/crt0.o
 .ARM.exidx     0x0000000000000000        0x8 c:/program files (x86)/stmicroelectronics/stm32cubeide_1.4.0/stm32cubeide/plugins/com.st.stm32cube.ide.mcu.externaltools.gnu-tools-for-stm32.7-2018-q2-update.win32_1.4.0.202007081208/tools/bin/../lib/gcc/arm-none-eabi/7.3.1/../../../../arm-none-eabi/lib/thumb/v7-m/crt0.o
 .ARM.attributes
                0x0000000000000000       0x1b c:/program files (x86)/stmicroelectronics/stm32cubeide_1.4.0/stm32cubeide/plugins/com.st.stm32cube.ide.mcu.externaltools.gnu-tools-for-stm32.7-2018-q2-update.win32_1.4.0.202007081208/tools/bin/../lib/gcc/arm-none-eabi/7.3.1/../../../../arm-none-eabi/lib/thumb/v7-m/crt0.o
 .group         0x0000000000000000        0xc Src/FPEC_program.o
 .group         0x0000000000000000        0xc Src/FPEC_program.o
 .group         0x0000000000000000        0xc Src/FPEC_program.o
 .group         0x0000000000000000        0xc Src/FPEC_program.o
 .text          0x0000000000000000        0x0 Src/FPEC_program.o
 .data          0x0000000000000000        0x0 Src/FPEC_program.o
 .bss           0x0000000000000000        0x0 Src/FPEC_program.o
 .text.FLASH_voidINTSTATUS
                0x0000000000000000       0x48 Src/FPEC_program.o
 .group         0x0000000000000000        0xc Src/GPIO_program.o
 .group         0x0000000000000000        0xc Src/GPIO_program.o
 .group         0x0000000000000000        0xc Src/GPIO_program.o
 .group         0x0000000000000000        0xc Src/GPIO_program.o
 .group         0x0000000000000000        0xc Src/GPIO_program.o
 .text          0x0000000000000000        0x0 Src/GPIO_program.o
 .data          0x0000000000000000        0x0 Src/GPIO_program.o
 .bss           0x0000000000000000        0x0 Src/GPIO_program.o
 .text.MGPIO_voidSetPortDirection
                0x0000000000000000       0x4a Src/GPIO_program.o
 .text.MGPIO_u8GetPinValue
                0x0000000000000000       0x84 Src/GPIO_program.o
 .text.MGPIO_u16GetPort
                0x0000000000000000       0x68 Src/GPIO_program.o
 .text.MGPIO_voidLockPins
                0x0000000000000000       0x98 Src/GPIO_program.o
 .text.MGPIO_voidWriteField
                0x0000000000000000       0x7c Src/GPIO_program.o
 .text.MAFIO_voidSetEXTILineSource
                0x0000000000000000       0x58 Src/GPIO_program.o
 .debug_macro   0x0000000000000000      0xa60 Src/GPIO_program.o
 .debug_macro   0x0000000000000000       0x40 Src/GPIO_program.o
 .debug_macro   0x0000000000000000       0x10 Src/GPIO_program.o
 .group         0x0000000000000000        0xc Src/NVIC_program.o
 .group         0x0000000000000000        0xc Src/NVIC_program.o
 .group         0x0000000000000000        0xc Src/NVIC_program.o
 .group         0x0000000000000000        0xc Src/NVIC_program.o
 .group         0x0000000000000000        0xc Src/NVIC_program.o
 .text          0x0000000000000000        0x0 Src/NVIC_program.o
 .data          0x0000000000000000        0x0 Src/NVIC_program.o
 .bss           0x0000000000000000        0x0 Src/NVIC_program.o
 .text.MNVIC_voidDisableInterrupt
                0x0000000000000000       0x34 Src/NVIC_program.o
 .text.MNVIC_voidSetPendingInterrupt
                0x0000000000000000       0x34 Src/NVIC_program.o
 .text.MNVIC_voidClearPendingInterrupt
                0x0000000000000000       0x34 Src/NVIC_program.o
 .text.MNVIC_u8IsINTActive
                0x0000000000000000       0x38 Src/NVIC_program.o
 .text.MNVIC_voidSetPriorityGrouping
                0x0000000000000000       0x28 Src/NVIC_program.o
 .text.MNVIC_voidSetISRPriority
                0x0000000000000000       0xe0 Src/NVIC_program.o
 .debug_macro   0x0000000000000000      0xa60 Src/NVIC_program.o
 .debug_macro   0x0000000000000000       0x40 Src/NVIC_program.o
 .debug_macro   0x0000000000000000       0x10 Src/NVIC_program.o
 .group         0x0000000000000000        0xc Src/RCC_program.o
 .group         0x0000000000000000        0xc Src/RCC_program.o
 .group         0x0000000000000000        0xc Src/RCC_program.o
 .group         0x0000000000000000        0xc Src/RCC_program.o
 .group         0x0000000000000000        0xc Src/RCC_program.o
 .group         0x0000000000000000        0xc Src/RCC_program.o
 .text          0x0000000000000000        0x0 Src/RCC_program.o
 .data          0x0000000000000000        0x0 Src/RCC_program.o
 .bss           0x0000000000000000        0x0 Src/RCC_program.o
 .text.MRCC_voidConfigurePLL
                0x0000000000000000       0xac Src/RCC_program.o
 .debug_macro   0x0000000000000000      0xa60 Src/RCC_program.o
 .debug_macro   0x0000000000000000       0x40 Src/RCC_program.o
 .debug_macro   0x0000000000000000       0x10 Src/RCC_program.o
 .group         0x0000000000000000        0xc Src/SYSTICK_program.o
 .group         0x0000000000000000        0xc Src/SYSTICK_program.o
 .group         0x0000000000000000        0xc Src/SYSTICK_program.o
 .group         0x0000000000000000        0xc Src/SYSTICK_program.o
 .group         0x0000000000000000        0xc Src/SYSTICK_program.o
 .text          0x0000000000000000        0x0 Src/SYSTICK_program.o
 .data          0x0000000000000000        0x0 Src/SYSTICK_program.o
 .bss           0x0000000000000000        0x0 Src/SYSTICK_program.o
 .text.MSYSTICK_voidInit
                0x0000000000000000       0x40 Src/SYSTICK_program.o
 .text.MSYSTICK_voidSTATUS
                0x0000000000000000       0x28 Src/SYSTICK_program.o
 .text.MSYSTICK_voidPreload
                0x0000000000000000       0x34 Src/SYSTICK_program.o
 .text.MSYSTICK_voidBusyWait
                0x0000000000000000       0x4c Src/SYSTICK_program.o
 .text.MSYSTICK_voidDelay_MS
                0x0000000000000000       0x64 Src/SYSTICK_program.o
 .text.MSYSTICK_voidSetIntervalSingle
                0x0000000000000000       0x68 Src/SYSTICK_program.o
 .text.MSYSTICK_voidSetIntervalPeriodic
                0x0000000000000000       0x68 Src/SYSTICK_program.o
 .text.MSYSTICK_voidStopPeriodicFunction
                0x0000000000000000       0x34 Src/SYSTICK_program.o
 .text.MSYSTICK_u32MS_TO_TICKS
                0x0000000000000000       0x2c Src/SYSTICK_program.o
 .text.MSYSTICK_u32GetRemaniningTime
                0x0000000000000000       0x14 Src/SYSTICK_program.o
 .text.MSYSTICK_u32GetElapsedTime
                0x0000000000000000       0x1c Src/SYSTICK_program.o
 .debug_macro   0x0000000000000000      0xa60 Src/SYSTICK_program.o
 .debug_macro   0x0000000000000000       0x40 Src/SYSTICK_program.o
 .debug_macro   0x0000000000000000       0x10 Src/SYSTICK_program.o
 COMMON         0x0000000000000000        0x4 Src/SYSTICK_program.o
 .group         0x0000000000000000        0xc Src/USART_program.o
 .group         0x0000000000000000        0xc Src/USART_program.o
 .group         0x0000000000000000        0xc Src/USART_program.o
 .group         0x0000000000000000        0xc Src/USART_program.o
 .group         0x0000000000000000        0xc Src/USART_program.o
 .text          0x0000000000000000        0x0 Src/USART_program.o
 .data          0x0000000000000000        0x0 Src/USART_program.o
 .bss           0x0000000000000000        0x0 Src/USART_program.o
 .text.MUSART_voidInit
                0x0000000000000000       0x5c Src/USART_program.o
 .text.MUSART_voidSetBaudRate
                0x0000000000000000       0xbc Src/USART_program.o
 .text.MUSART_voidTransmittChar
                0x0000000000000000       0x30 Src/USART_program.o
 .text.MUSART_u8ReceiveChar
                0x0000000000000000       0x1c Src/USART_program.o
 .text.MUSART_SetINTStatus
                0x0000000000000000       0x40 Src/USART_program.o
 .text.MUSART_voidTransmittString
                0x0000000000000000       0x28 Src/USART_program.o
 .debug_info    0x0000000000000000      0x25c Src/USART_program.o
 .debug_abbrev  0x0000000000000000      0x140 Src/USART_program.o
 .debug_aranges
                0x0000000000000000       0x48 Src/USART_program.o
 .debug_ranges  0x0000000000000000       0x38 Src/USART_program.o
 .debug_macro   0x0000000000000000       0x3f Src/USART_program.o
 .debug_macro   0x0000000000000000      0xa60 Src/USART_program.o
 .debug_macro   0x0000000000000000       0x40 Src/USART_program.o
 .debug_macro   0x0000000000000000       0x10 Src/USART_program.o
 .debug_macro   0x0000000000000000       0x4c Src/USART_program.o
 .debug_macro   0x0000000000000000       0x28 Src/USART_program.o
 .debug_line    0x0000000000000000      0x14b Src/USART_program.o
 .debug_str     0x0000000000000000     0x3337 Src/USART_program.o
 .comment       0x0000000000000000       0x7c Src/USART_program.o
 .debug_frame   0x0000000000000000       0xf0 Src/USART_program.o
 .ARM.attributes
                0x0000000000000000       0x33 Src/USART_program.o
 .group         0x0000000000000000        0xc Src/main.o
 .group         0x0000000000000000        0xc Src/main.o
 .group         0x0000000000000000        0xc Src/main.o
 .group         0x0000000000000000        0xc Src/main.o
 .group         0x0000000000000000        0xc Src/main.o
 .group         0x0000000000000000        0xc Src/main.o
 .text          0x0000000000000000        0x0 Src/main.o
 .data          0x0000000000000000        0x0 Src/main.o
 .bss           0x0000000000000000        0x0 Src/main.o
 .debug_macro   0x0000000000000000      0xa60 Src/main.o
 .debug_macro   0x0000000000000000       0x40 Src/main.o
 .debug_macro   0x0000000000000000       0x10 Src/main.o
 .debug_macro   0x0000000000000000      0x104 Src/main.o
 .debug_macro   0x0000000000000000      0x196 Src/main.o
 .debug_macro   0x0000000000000000       0x10 Src/main.o
 .text          0x0000000000000000       0x14 Startup/startup_stm32f103c8tx.o
 .data          0x0000000000000000        0x0 Startup/startup_stm32f103c8tx.o
 .bss           0x0000000000000000        0x0 Startup/startup_stm32f103c8tx.o
 .text          0x0000000000000000        0x0 c:/program files (x86)/stmicroelectronics/stm32cubeide_1.4.0/stm32cubeide/plugins/com.st.stm32cube.ide.mcu.externaltools.gnu-tools-for-stm32.7-2018-q2-update.win32_1.4.0.202007081208/tools/bin/../lib/gcc/arm-none-eabi/7.3.1/../../../../arm-none-eabi/lib/thumb/v7-m\libc_nano.a(lib_a-exit.o)
 .data          0x0000000000000000        0x0 c:/program files (x86)/stmicroelectronics/stm32cubeide_1.4.0/stm32cubeide/plugins/com.st.stm32cube.ide.mcu.externaltools.gnu-tools-for-stm32.7-2018-q2-update.win32_1.4.0.202007081208/tools/bin/../lib/gcc/arm-none-eabi/7.3.1/../../../../arm-none-eabi/lib/thumb/v7-m\libc_nano.a(lib_a-exit.o)
 .bss           0x0000000000000000        0x0 c:/program files (x86)/stmicroelectronics/stm32cubeide_1.4.0/stm32cubeide/plugins/com.st.stm32cube.ide.mcu.externaltools.gnu-tools-for-stm32.7-2018-q2-update.win32_1.4.0.202007081208/tools/bin/../lib/gcc/arm-none-eabi/7.3.1/../../../../arm-none-eabi/lib/thumb/v7-m\libc_nano.a(lib_a-exit.o)
 .text.exit     0x0000000000000000       0x28 c:/program files (x86)/stmicroelectronics/stm32cubeide_1.4.0/stm32cubeide/plugins/com.st.stm32cube.ide.mcu.externaltools.gnu-tools-for-stm32.7-2018-q2-update.win32_1.4.0.202007081208/tools/bin/../lib/gcc/arm-none-eabi/7.3.1/../../../../arm-none-eabi/lib/thumb/v7-m\libc_nano.a(lib_a-exit.o)
 .debug_frame   0x0000000000000000       0x28 c:/program files (x86)/stmicroelectronics/stm32cubeide_1.4.0/stm32cubeide/plugins/com.st.stm32cube.ide.mcu.externaltools.gnu-tools-for-stm32.7-2018-q2-update.win32_1.4.0.202007081208/tools/bin/../lib/gcc/arm-none-eabi/7.3.1/../../../../arm-none-eabi/lib/thumb/v7-m\libc_nano.a(lib_a-exit.o)
 .ARM.attributes
                0x0000000000000000       0x2d c:/program files (x86)/stmicroelectronics/stm32cubeide_1.4.0/stm32cubeide/plugins/com.st.stm32cube.ide.mcu.externaltools.gnu-tools-for-stm32.7-2018-q2-update.win32_1.4.0.202007081208/tools/bin/../lib/gcc/arm-none-eabi/7.3.1/../../../../arm-none-eabi/lib/thumb/v7-m\libc_nano.a(lib_a-exit.o)
 .text          0x0000000000000000        0x0 c:/program files (x86)/stmicroelectronics/stm32cubeide_1.4.0/stm32cubeide/plugins/com.st.stm32cube.ide.mcu.externaltools.gnu-tools-for-stm32.7-2018-q2-update.win32_1.4.0.202007081208/tools/bin/../lib/gcc/arm-none-eabi/7.3.1/../../../../arm-none-eabi/lib/thumb/v7-m\libc_nano.a(lib_a-impure.o)
 .data          0x0000000000000000        0x0 c:/program files (x86)/stmicroelectronics/stm32cubeide_1.4.0/stm32cubeide/plugins/com.st.stm32cube.ide.mcu.externaltools.gnu-tools-for-stm32.7-2018-q2-update.win32_1.4.0.202007081208/tools/bin/../lib/gcc/arm-none-eabi/7.3.1/../../../../arm-none-eabi/lib/thumb/v7-m\libc_nano.a(lib_a-impure.o)
 .bss           0x0000000000000000        0x0 c:/program files (x86)/stmicroelectronics/stm32cubeide_1.4.0/stm32cubeide/plugins/com.st.stm32cube.ide.mcu.externaltools.gnu-tools-for-stm32.7-2018-q2-update.win32_1.4.0.202007081208/tools/bin/../lib/gcc/arm-none-eabi/7.3.1/../../../../arm-none-eabi/lib/thumb/v7-m\libc_nano.a(lib_a-impure.o)
 .data._impure_ptr
                0x0000000000000000        0x4 c:/program files (x86)/stmicroelectronics/stm32cubeide_1.4.0/stm32cubeide/plugins/com.st.stm32cube.ide.mcu.externaltools.gnu-tools-for-stm32.7-2018-q2-update.win32_1.4.0.202007081208/tools/bin/../lib/gcc/arm-none-eabi/7.3.1/../../../../arm-none-eabi/lib/thumb/v7-m\libc_nano.a(lib_a-impure.o)
 .data.impure_data
                0x0000000000000000       0x60 c:/program files (x86)/stmicroelectronics/stm32cubeide_1.4.0/stm32cubeide/plugins/com.st.stm32cube.ide.mcu.externaltools.gnu-tools-for-stm32.7-2018-q2-update.win32_1.4.0.202007081208/tools/bin/../lib/gcc/arm-none-eabi/7.3.1/../../../../arm-none-eabi/lib/thumb/v7-m\libc_nano.a(lib_a-impure.o)
 .rodata._global_impure_ptr
                0x0000000000000000        0x4 c:/program files (x86)/stmicroelectronics/stm32cubeide_1.4.0/stm32cubeide/plugins/com.st.stm32cube.ide.mcu.externaltools.gnu-tools-for-stm32.7-2018-q2-update.win32_1.4.0.202007081208/tools/bin/../lib/gcc/arm-none-eabi/7.3.1/../../../../arm-none-eabi/lib/thumb/v7-m\libc_nano.a(lib_a-impure.o)
 .ARM.attributes
                0x0000000000000000       0x2d c:/program files (x86)/stmicroelectronics/stm32cubeide_1.4.0/stm32cubeide/plugins/com.st.stm32cube.ide.mcu.externaltools.gnu-tools-for-stm32.7-2018-q2-update.win32_1.4.0.202007081208/tools/bin/../lib/gcc/arm-none-eabi/7.3.1/../../../../arm-none-eabi/lib/thumb/v7-m\libc_nano.a(lib_a-impure.o)
 .text          0x0000000000000000        0x0 c:/program files (x86)/stmicroelectronics/stm32cubeide_1.4.0/stm32cubeide/plugins/com.st.stm32cube.ide.mcu.externaltools.gnu-tools-for-stm32.7-2018-q2-update.win32_1.4.0.202007081208/tools/bin/../lib/gcc/arm-none-eabi/7.3.1/../../../../arm-none-eabi/lib/thumb/v7-m\libc_nano.a(lib_a-init.o)
 .data          0x0000000000000000        0x0 c:/program files (x86)/stmicroelectronics/stm32cubeide_1.4.0/stm32cubeide/plugins/com.st.stm32cube.ide.mcu.externaltools.gnu-tools-for-stm32.7-2018-q2-update.win32_1.4.0.202007081208/tools/bin/../lib/gcc/arm-none-eabi/7.3.1/../../../../arm-none-eabi/lib/thumb/v7-m\libc_nano.a(lib_a-init.o)
 .bss           0x0000000000000000        0x0 c:/program files (x86)/stmicroelectronics/stm32cubeide_1.4.0/stm32cubeide/plugins/com.st.stm32cube.ide.mcu.externaltools.gnu-tools-for-stm32.7-2018-q2-update.win32_1.4.0.202007081208/tools/bin/../lib/gcc/arm-none-eabi/7.3.1/../../../../arm-none-eabi/lib/thumb/v7-m\libc_nano.a(lib_a-init.o)
 .text          0x0000000000000000        0x0 c:/program files (x86)/stmicroelectronics/stm32cubeide_1.4.0/stm32cubeide/plugins/com.st.stm32cube.ide.mcu.externaltools.gnu-tools-for-stm32.7-2018-q2-update.win32_1.4.0.202007081208/tools/bin/../lib/gcc/arm-none-eabi/7.3.1/../../../../arm-none-eabi/lib/thumb/v7-m\libc_nano.a(lib_a-memset.o)
 .data          0x0000000000000000        0x0 c:/program files (x86)/stmicroelectronics/stm32cubeide_1.4.0/stm32cubeide/plugins/com.st.stm32cube.ide.mcu.externaltools.gnu-tools-for-stm32.7-2018-q2-update.win32_1.4.0.202007081208/tools/bin/../lib/gcc/arm-none-eabi/7.3.1/../../../../arm-none-eabi/lib/thumb/v7-m\libc_nano.a(lib_a-memset.o)
 .bss           0x0000000000000000        0x0 c:/program files (x86)/stmicroelectronics/stm32cubeide_1.4.0/stm32cubeide/plugins/com.st.stm32cube.ide.mcu.externaltools.gnu-tools-for-stm32.7-2018-q2-update.win32_1.4.0.202007081208/tools/bin/../lib/gcc/arm-none-eabi/7.3.1/../../../../arm-none-eabi/lib/thumb/v7-m\libc_nano.a(lib_a-memset.o)
 .text.memset   0x0000000000000000       0x10 c:/program files (x86)/stmicroelectronics/stm32cubeide_1.4.0/stm32cubeide/plugins/com.st.stm32cube.ide.mcu.externaltools.gnu-tools-for-stm32.7-2018-q2-update.win32_1.4.0.202007081208/tools/bin/../lib/gcc/arm-none-eabi/7.3.1/../../../../arm-none-eabi/lib/thumb/v7-m\libc_nano.a(lib_a-memset.o)
 .debug_frame   0x0000000000000000       0x20 c:/program files (x86)/stmicroelectronics/stm32cubeide_1.4.0/stm32cubeide/plugins/com.st.stm32cube.ide.mcu.externaltools.gnu-tools-for-stm32.7-2018-q2-update.win32_1.4.0.202007081208/tools/bin/../lib/gcc/arm-none-eabi/7.3.1/../../../../arm-none-eabi/lib/thumb/v7-m\libc_nano.a(lib_a-memset.o)
 .ARM.attributes
                0x0000000000000000       0x2d c:/program files (x86)/stmicroelectronics/stm32cubeide_1.4.0/stm32cubeide/plugins/com.st.stm32cube.ide.mcu.externaltools.gnu-tools-for-stm32.7-2018-q2-update.win32_1.4.0.202007081208/tools/bin/../lib/gcc/arm-none-eabi/7.3.1/../../../../arm-none-eabi/lib/thumb/v7-m\libc_nano.a(lib_a-memset.o)
 .text          0x0000000000000000      0x378 c:/program files (x86)/stmicroelectronics/stm32cubeide_1.4.0/stm32cubeide/plugins/com.st.stm32cube.ide.mcu.externaltools.gnu-tools-for-stm32.7-2018-q2-update.win32_1.4.0.202007081208/tools/bin/../lib/gcc/arm-none-eabi/7.3.1/thumb/v7-m\libgcc.a(_arm_addsubdf3.o)
 .data          0x0000000000000000        0x0 c:/program files (x86)/stmicroelectronics/stm32cubeide_1.4.0/stm32cubeide/plugins/com.st.stm32cube.ide.mcu.externaltools.gnu-tools-for-stm32.7-2018-q2-update.win32_1.4.0.202007081208/tools/bin/../lib/gcc/arm-none-eabi/7.3.1/thumb/v7-m\libgcc.a(_arm_addsubdf3.o)
 .bss           0x0000000000000000        0x0 c:/program files (x86)/stmicroelectronics/stm32cubeide_1.4.0/stm32cubeide/plugins/com.st.stm32cube.ide.mcu.externaltools.gnu-tools-for-stm32.7-2018-q2-update.win32_1.4.0.202007081208/tools/bin/../lib/gcc/arm-none-eabi/7.3.1/thumb/v7-m\libgcc.a(_arm_addsubdf3.o)
 .debug_frame   0x0000000000000000       0xac c:/program files (x86)/stmicroelectronics/stm32cubeide_1.4.0/stm32cubeide/plugins/com.st.stm32cube.ide.mcu.externaltools.gnu-tools-for-stm32.7-2018-q2-update.win32_1.4.0.202007081208/tools/bin/../lib/gcc/arm-none-eabi/7.3.1/thumb/v7-m\libgcc.a(_arm_addsubdf3.o)
 .ARM.attributes
                0x0000000000000000       0x1d c:/program files (x86)/stmicroelectronics/stm32cubeide_1.4.0/stm32cubeide/plugins/com.st.stm32cube.ide.mcu.externaltools.gnu-tools-for-stm32.7-2018-q2-update.win32_1.4.0.202007081208/tools/bin/../lib/gcc/arm-none-eabi/7.3.1/thumb/v7-m\libgcc.a(_arm_addsubdf3.o)
 .text          0x0000000000000000      0x424 c:/program files (x86)/stmicroelectronics/stm32cubeide_1.4.0/stm32cubeide/plugins/com.st.stm32cube.ide.mcu.externaltools.gnu-tools-for-stm32.7-2018-q2-update.win32_1.4.0.202007081208/tools/bin/../lib/gcc/arm-none-eabi/7.3.1/thumb/v7-m\libgcc.a(_arm_muldivdf3.o)
 .data          0x0000000000000000        0x0 c:/program files (x86)/stmicroelectronics/stm32cubeide_1.4.0/stm32cubeide/plugins/com.st.stm32cube.ide.mcu.externaltools.gnu-tools-for-stm32.7-2018-q2-update.win32_1.4.0.202007081208/tools/bin/../lib/gcc/arm-none-eabi/7.3.1/thumb/v7-m\libgcc.a(_arm_muldivdf3.o)
 .bss           0x0000000000000000        0x0 c:/program files (x86)/stmicroelectronics/stm32cubeide_1.4.0/stm32cubeide/plugins/com.st.stm32cube.ide.mcu.externaltools.gnu-tools-for-stm32.7-2018-q2-update.win32_1.4.0.202007081208/tools/bin/../lib/gcc/arm-none-eabi/7.3.1/thumb/v7-m\libgcc.a(_arm_muldivdf3.o)
 .debug_frame   0x0000000000000000       0x50 c:/program files (x86)/stmicroelectronics/stm32cubeide_1.4.0/stm32cubeide/plugins/com.st.stm32cube.ide.mcu.externaltools.gnu-tools-for-stm32.7-2018-q2-update.win32_1.4.0.202007081208/tools/bin/../lib/gcc/arm-none-eabi/7.3.1/thumb/v7-m\libgcc.a(_arm_muldivdf3.o)
 .ARM.attributes
                0x0000000000000000       0x1d c:/program files (x86)/stmicroelectronics/stm32cubeide_1.4.0/stm32cubeide/plugins/com.st.stm32cube.ide.mcu.externaltools.gnu-tools-for-stm32.7-2018-q2-update.win32_1.4.0.202007081208/tools/bin/../lib/gcc/arm-none-eabi/7.3.1/thumb/v7-m\libgcc.a(_arm_muldivdf3.o)
 .text          0x0000000000000000       0xa0 c:/program files (x86)/stmicroelectronics/stm32cubeide_1.4.0/stm32cubeide/plugins/com.st.stm32cube.ide.mcu.externaltools.gnu-tools-for-stm32.7-2018-q2-update.win32_1.4.0.202007081208/tools/bin/../lib/gcc/arm-none-eabi/7.3.1/thumb/v7-m\libgcc.a(_arm_truncdfsf2.o)
 .data          0x0000000000000000        0x0 c:/program files (x86)/stmicroelectronics/stm32cubeide_1.4.0/stm32cubeide/plugins/com.st.stm32cube.ide.mcu.externaltools.gnu-tools-for-stm32.7-2018-q2-update.win32_1.4.0.202007081208/tools/bin/../lib/gcc/arm-none-eabi/7.3.1/thumb/v7-m\libgcc.a(_arm_truncdfsf2.o)
 .bss           0x0000000000000000        0x0 c:/program files (x86)/stmicroelectronics/stm32cubeide_1.4.0/stm32cubeide/plugins/com.st.stm32cube.ide.mcu.externaltools.gnu-tools-for-stm32.7-2018-q2-update.win32_1.4.0.202007081208/tools/bin/../lib/gcc/arm-none-eabi/7.3.1/thumb/v7-m\libgcc.a(_arm_truncdfsf2.o)
 .debug_frame   0x0000000000000000       0x24 c:/program files (x86)/stmicroelectronics/stm32cubeide_1.4.0/stm32cubeide/plugins/com.st.stm32cube.ide.mcu.externaltools.gnu-tools-for-stm32.7-2018-q2-update.win32_1.4.0.202007081208/tools/bin/../lib/gcc/arm-none-eabi/7.3.1/thumb/v7-m\libgcc.a(_arm_truncdfsf2.o)
 .ARM.attributes
                0x0000000000000000       0x1d c:/program files (x86)/stmicroelectronics/stm32cubeide_1.4.0/stm32cubeide/plugins/com.st.stm32cube.ide.mcu.externaltools.gnu-tools-for-stm32.7-2018-q2-update.win32_1.4.0.202007081208/tools/bin/../lib/gcc/arm-none-eabi/7.3.1/thumb/v7-m\libgcc.a(_arm_truncdfsf2.o)
 .text          0x0000000000000000      0x21c c:/program files (x86)/stmicroelectronics/stm32cubeide_1.4.0/stm32cubeide/plugins/com.st.stm32cube.ide.mcu.externaltools.gnu-tools-for-stm32.7-2018-q2-update.win32_1.4.0.202007081208/tools/bin/../lib/gcc/arm-none-eabi/7.3.1/thumb/v7-m\libgcc.a(_arm_addsubsf3.o)
 .data          0x0000000000000000        0x0 c:/program files (x86)/stmicroelectronics/stm32cubeide_1.4.0/stm32cubeide/plugins/com.st.stm32cube.ide.mcu.externaltools.gnu-tools-for-stm32.7-2018-q2-update.win32_1.4.0.202007081208/tools/bin/../lib/gcc/arm-none-eabi/7.3.1/thumb/v7-m\libgcc.a(_arm_addsubsf3.o)
 .bss           0x0000000000000000        0x0 c:/program files (x86)/stmicroelectronics/stm32cubeide_1.4.0/stm32cubeide/plugins/com.st.stm32cube.ide.mcu.externaltools.gnu-tools-for-stm32.7-2018-q2-update.win32_1.4.0.202007081208/tools/bin/../lib/gcc/arm-none-eabi/7.3.1/thumb/v7-m\libgcc.a(_arm_addsubsf3.o)
 .debug_frame   0x0000000000000000       0x4c c:/program files (x86)/stmicroelectronics/stm32cubeide_1.4.0/stm32cubeide/plugins/com.st.stm32cube.ide.mcu.externaltools.gnu-tools-for-stm32.7-2018-q2-update.win32_1.4.0.202007081208/tools/bin/../lib/gcc/arm-none-eabi/7.3.1/thumb/v7-m\libgcc.a(_arm_addsubsf3.o)
 .ARM.attributes
                0x0000000000000000       0x1d c:/program files (x86)/stmicroelectronics/stm32cubeide_1.4.0/stm32cubeide/plugins/com.st.stm32cube.ide.mcu.externaltools.gnu-tools-for-stm32.7-2018-q2-update.win32_1.4.0.202007081208/tools/bin/../lib/gcc/arm-none-eabi/7.3.1/thumb/v7-m\libgcc.a(_arm_addsubsf3.o)
 .text          0x0000000000000000      0x2a0 c:/program files (x86)/stmicroelectronics/stm32cubeide_1.4.0/stm32cubeide/plugins/com.st.stm32cube.ide.mcu.externaltools.gnu-tools-for-stm32.7-2018-q2-update.win32_1.4.0.202007081208/tools/bin/../lib/gcc/arm-none-eabi/7.3.1/thumb/v7-m\libgcc.a(_arm_muldivsf3.o)
 .data          0x0000000000000000        0x0 c:/program files (x86)/stmicroelectronics/stm32cubeide_1.4.0/stm32cubeide/plugins/com.st.stm32cube.ide.mcu.externaltools.gnu-tools-for-stm32.7-2018-q2-update.win32_1.4.0.202007081208/tools/bin/../lib/gcc/arm-none-eabi/7.3.1/thumb/v7-m\libgcc.a(_arm_muldivsf3.o)
 .bss           0x0000000000000000        0x0 c:/program files (x86)/stmicroelectronics/stm32cubeide_1.4.0/stm32cubeide/plugins/com.st.stm32cube.ide.mcu.externaltools.gnu-tools-for-stm32.7-2018-q2-update.win32_1.4.0.202007081208/tools/bin/../lib/gcc/arm-none-eabi/7.3.1/thumb/v7-m\libgcc.a(_arm_muldivsf3.o)
 .debug_frame   0x0000000000000000       0x38 c:/program files (x86)/stmicroelectronics/stm32cubeide_1.4.0/stm32cubeide/plugins/com.st.stm32cube.ide.mcu.externaltools.gnu-tools-for-stm32.7-2018-q2-update.win32_1.4.0.202007081208/tools/bin/../lib/gcc/arm-none-eabi/7.3.1/thumb/v7-m\libgcc.a(_arm_muldivsf3.o)
 .ARM.attributes
                0x0000000000000000       0x1d c:/program files (x86)/stmicroelectronics/stm32cubeide_1.4.0/stm32cubeide/plugins/com.st.stm32cube.ide.mcu.externaltools.gnu-tools-for-stm32.7-2018-q2-update.win32_1.4.0.202007081208/tools/bin/../lib/gcc/arm-none-eabi/7.3.1/thumb/v7-m\libgcc.a(_arm_muldivsf3.o)
 .text          0x0000000000000000       0xec c:/program files (x86)/stmicroelectronics/stm32cubeide_1.4.0/stm32cubeide/plugins/com.st.stm32cube.ide.mcu.externaltools.gnu-tools-for-stm32.7-2018-q2-update.win32_1.4.0.202007081208/tools/bin/../lib/gcc/arm-none-eabi/7.3.1/thumb/v7-m\libgcc.a(_arm_cmpsf2.o)
 .data          0x0000000000000000        0x0 c:/program files (x86)/stmicroelectronics/stm32cubeide_1.4.0/stm32cubeide/plugins/com.st.stm32cube.ide.mcu.externaltools.gnu-tools-for-stm32.7-2018-q2-update.win32_1.4.0.202007081208/tools/bin/../lib/gcc/arm-none-eabi/7.3.1/thumb/v7-m\libgcc.a(_arm_cmpsf2.o)
 .bss           0x0000000000000000        0x0 c:/program files (x86)/stmicroelectronics/stm32cubeide_1.4.0/stm32cubeide/plugins/com.st.stm32cube.ide.mcu.externaltools.gnu-tools-for-stm32.7-2018-q2-update.win32_1.4.0.202007081208/tools/bin/../lib/gcc/arm-none-eabi/7.3.1/thumb/v7-m\libgcc.a(_arm_cmpsf2.o)
 .debug_frame   0x0000000000000000       0xc8 c:/program files (x86)/stmicroelectronics/stm32cubeide_1.4.0/stm32cubeide/plugins/com.st.stm32cube.ide.mcu.externaltools.gnu-tools-for-stm32.7-2018-q2-update.win32_1.4.0.202007081208/tools/bin/../lib/gcc/arm-none-eabi/7.3.1/thumb/v7-m\libgcc.a(_arm_cmpsf2.o)
 .ARM.attributes
                0x0000000000000000       0x1d c:/program files (x86)/stmicroelectronics/stm32cubeide_1.4.0/stm32cubeide/plugins/com.st.stm32cube.ide.mcu.externaltools.gnu-tools-for-stm32.7-2018-q2-update.win32_1.4.0.202007081208/tools/bin/../lib/gcc/arm-none-eabi/7.3.1/thumb/v7-m\libgcc.a(_arm_cmpsf2.o)
 .text          0x0000000000000000       0x40 c:/program files (x86)/stmicroelectronics/stm32cubeide_1.4.0/stm32cubeide/plugins/com.st.stm32cube.ide.mcu.externaltools.gnu-tools-for-stm32.7-2018-q2-update.win32_1.4.0.202007081208/tools/bin/../lib/gcc/arm-none-eabi/7.3.1/thumb/v7-m\libgcc.a(_arm_fixunssfsi.o)
 .data          0x0000000000000000        0x0 c:/program files (x86)/stmicroelectronics/stm32cubeide_1.4.0/stm32cubeide/plugins/com.st.stm32cube.ide.mcu.externaltools.gnu-tools-for-stm32.7-2018-q2-update.win32_1.4.0.202007081208/tools/bin/../lib/gcc/arm-none-eabi/7.3.1/thumb/v7-m\libgcc.a(_arm_fixunssfsi.o)
 .bss           0x0000000000000000        0x0 c:/program files (x86)/stmicroelectronics/stm32cubeide_1.4.0/stm32cubeide/plugins/com.st.stm32cube.ide.mcu.externaltools.gnu-tools-for-stm32.7-2018-q2-update.win32_1.4.0.202007081208/tools/bin/../lib/gcc/arm-none-eabi/7.3.1/thumb/v7-m\libgcc.a(_arm_fixunssfsi.o)
 .debug_frame   0x0000000000000000       0x24 c:/program files (x86)/stmicroelectronics/stm32cubeide_1.4.0/stm32cubeide/plugins/com.st.stm32cube.ide.mcu.externaltools.gnu-tools-for-stm32.7-2018-q2-update.win32_1.4.0.202007081208/tools/bin/../lib/gcc/arm-none-eabi/7.3.1/thumb/v7-m\libgcc.a(_arm_fixunssfsi.o)
 .ARM.attributes
                0x0000000000000000       0x1d c:/program files (x86)/stmicroelectronics/stm32cubeide_1.4.0/stm32cubeide/plugins/com.st.stm32cube.ide.mcu.externaltools.gnu-tools-for-stm32.7-2018-q2-update.win32_1.4.0.202007081208/tools/bin/../lib/gcc/arm-none-eabi/7.3.1/thumb/v7-m\libgcc.a(_arm_fixunssfsi.o)
 .text          0x0000000000000000        0x0 c:/program files (x86)/stmicroelectronics/stm32cubeide_1.4.0/stm32cubeide/plugins/com.st.stm32cube.ide.mcu.externaltools.gnu-tools-for-stm32.7-2018-q2-update.win32_1.4.0.202007081208/tools/bin/../lib/gcc/arm-none-eabi/7.3.1/../../../../arm-none-eabi/lib/thumb/v7-m\libnosys.a(_exit.o)
 .data          0x0000000000000000        0x0 c:/program files (x86)/stmicroelectronics/stm32cubeide_1.4.0/stm32cubeide/plugins/com.st.stm32cube.ide.mcu.externaltools.gnu-tools-for-stm32.7-2018-q2-update.win32_1.4.0.202007081208/tools/bin/../lib/gcc/arm-none-eabi/7.3.1/../../../../arm-none-eabi/lib/thumb/v7-m\libnosys.a(_exit.o)
 .bss           0x0000000000000000        0x0 c:/program files (x86)/stmicroelectronics/stm32cubeide_1.4.0/stm32cubeide/plugins/com.st.stm32cube.ide.mcu.externaltools.gnu-tools-for-stm32.7-2018-q2-update.win32_1.4.0.202007081208/tools/bin/../lib/gcc/arm-none-eabi/7.3.1/../../../../arm-none-eabi/lib/thumb/v7-m\libnosys.a(_exit.o)
 .text._exit    0x0000000000000000        0x2 c:/program files (x86)/stmicroelectronics/stm32cubeide_1.4.0/stm32cubeide/plugins/com.st.stm32cube.ide.mcu.externaltools.gnu-tools-for-stm32.7-2018-q2-update.win32_1.4.0.202007081208/tools/bin/../lib/gcc/arm-none-eabi/7.3.1/../../../../arm-none-eabi/lib/thumb/v7-m\libnosys.a(_exit.o)
 .debug_frame   0x0000000000000000       0x20 c:/program files (x86)/stmicroelectronics/stm32cubeide_1.4.0/stm32cubeide/plugins/com.st.stm32cube.ide.mcu.externaltools.gnu-tools-for-stm32.7-2018-q2-update.win32_1.4.0.202007081208/tools/bin/../lib/gcc/arm-none-eabi/7.3.1/../../../../arm-none-eabi/lib/thumb/v7-m\libnosys.a(_exit.o)
 .ARM.attributes
                0x0000000000000000       0x2d c:/program files (x86)/stmicroelectronics/stm32cubeide_1.4.0/stm32cubeide/plugins/com.st.stm32cube.ide.mcu.externaltools.gnu-tools-for-stm32.7-2018-q2-update.win32_1.4.0.202007081208/tools/bin/../lib/gcc/arm-none-eabi/7.3.1/../../../../arm-none-eabi/lib/thumb/v7-m\libnosys.a(_exit.o)
 .text          0x0000000000000000        0x0 c:/program files (x86)/stmicroelectronics/stm32cubeide_1.4.0/stm32cubeide/plugins/com.st.stm32cube.ide.mcu.externaltools.gnu-tools-for-stm32.7-2018-q2-update.win32_1.4.0.202007081208/tools/bin/../lib/gcc/arm-none-eabi/7.3.1/thumb/v7-m/crtend.o
 .data          0x0000000000000000        0x0 c:/program files (x86)/stmicroelectronics/stm32cubeide_1.4.0/stm32cubeide/plugins/com.st.stm32cube.ide.mcu.externaltools.gnu-tools-for-stm32.7-2018-q2-update.win32_1.4.0.202007081208/tools/bin/../lib/gcc/arm-none-eabi/7.3.1/thumb/v7-m/crtend.o
 .bss           0x0000000000000000        0x0 c:/program files (x86)/stmicroelectronics/stm32cubeide_1.4.0/stm32cubeide/plugins/com.st.stm32cube.ide.mcu.externaltools.gnu-tools-for-stm32.7-2018-q2-update.win32_1.4.0.202007081208/tools/bin/../lib/gcc/arm-none-eabi/7.3.1/thumb/v7-m/crtend.o
 .eh_frame      0x0000000000000000        0x4 c:/program files (x86)/stmicroelectronics/stm32cubeide_1.4.0/stm32cubeide/plugins/com.st.stm32cube.ide.mcu.externaltools.gnu-tools-for-stm32.7-2018-q2-update.win32_1.4.0.202007081208/tools/bin/../lib/gcc/arm-none-eabi/7.3.1/thumb/v7-m/crtend.o
 .ARM.attributes
                0x0000000000000000       0x2d c:/program files (x86)/stmicroelectronics/stm32cubeide_1.4.0/stm32cubeide/plugins/com.st.stm32cube.ide.mcu.externaltools.gnu-tools-for-stm32.7-2018-q2-update.win32_1.4.0.202007081208/tools/bin/../lib/gcc/arm-none-eabi/7.3.1/thumb/v7-m/crtend.o
 .text          0x0000000000000000        0x0 c:/program files (x86)/stmicroelectronics/stm32cubeide_1.4.0/stm32cubeide/plugins/com.st.stm32cube.ide.mcu.externaltools.gnu-tools-for-stm32.7-2018-q2-update.win32_1.4.0.202007081208/tools/bin/../lib/gcc/arm-none-eabi/7.3.1/thumb/v7-m/crtn.o
 .data          0x0000000000000000        0x0 c:/program files (x86)/stmicroelectronics/stm32cubeide_1.4.0/stm32cubeide/plugins/com.st.stm32cube.ide.mcu.externaltools.gnu-tools-for-stm32.7-2018-q2-update.win32_1.4.0.202007081208/tools/bin/../lib/gcc/arm-none-eabi/7.3.1/thumb/v7-m/crtn.o
 .bss           0x0000000000000000        0x0 c:/program files (x86)/stmicroelectronics/stm32cubeide_1.4.0/stm32cubeide/plugins/com.st.stm32cube.ide.mcu.externaltools.gnu-tools-for-stm32.7-2018-q2-update.win32_1.4.0.202007081208/tools/bin/../lib/gcc/arm-none-eabi/7.3.1/thumb/v7-m/crtn.o

Memory Configuration

Name             Origin             Length             Attributes
RAM              0x0000000020000000 0x0000000000005000 xrw
ROM              0x0000000008000000 0x0000000000001000 xr
*default*        0x0000000000000000 0xffffffffffffffff

Linker script and memory map

LOAD c:/program files (x86)/stmicroelectronics/stm32cubeide_1.4.0/stm32cubeide/plugins/com.st.stm32cube.ide.mcu.externaltools.gnu-tools-for-stm32.7-2018-q2-update.win32_1.4.0.202007081208/tools/bin/../lib/gcc/arm-none-eabi/7.3.1/thumb/v7-m/crti.o
LOAD c:/program files (x86)/stmicroelectronics/stm32cubeide_1.4.0/stm32cubeide/plugins/com.st.stm32cube.ide.mcu.externaltools.gnu-tools-for-stm32.7-2018-q2-update.win32_1.4.0.202007081208/tools/bin/../lib/gcc/arm-none-eabi/7.3.1/thumb/v7-m/crtbegin.o
LOAD c:/program files (x86)/stmicroelectronics/stm32cubeide_1.4.0/stm32cubeide/plugins/com.st.stm32cube.ide.mcu.externaltools.gnu-tools-for-stm32.7-2018-q2-update.win32_1.4.0.202007081208/tools/bin/../lib/gcc/arm-none-eabi/7.3.1/../../../../arm-none-eabi/lib/thumb/v7-m/crt0.o
LOAD Src/FPEC_program.o
LOAD Src/GPIO_program.o
LOAD Src/NVIC_program.o
LOAD Src/RCC_program.o
LOAD Src/SYSTICK_program.o
LOAD Src/USART_program.o
LOAD Src/main.o
LOAD Startup/startup_stm32f103c8tx.o
START GROUP
LOAD c:/program files (x86)/stmicroelectronics/stm32cubeide_1.4.0/stm32cubeide/plugins/com.st.stm32cube.ide.mcu.externaltools.gnu-tools-for-stm32.7-2018-q2-update.win32_1.4.0.202007081208/tools/bin/../lib/gcc/arm-none-eabi/7.3.1/../../../../arm-none-eabi/lib/thumb/v7-m\libc_nano.a
LOAD c:/program files (x86)/stmicroelectronics/stm32cubeide_1.4.0/stm32cubeide/plugins/com.st.stm32cube.ide.mcu.externaltools.gnu-tools-for-stm32.7-2018-q2-update.win32_1.4.0.202007081208/tools/bin/../lib/gcc/arm-none-eabi/7.3.1/../../../../arm-none-eabi/lib/thumb/v7-m\libm.a
END GROUP
START GROUP
LOAD c:/program files (x86)/stmicroelectronics/stm32cubeide_1.4.0/stm32cubeide/plugins/com.st.stm32cube.ide.mcu.externaltools.gnu-tools-for-stm32.7-2018-q2-update.win32_1.4.0.202007081208/tools/bin/../lib/gcc/arm-none-eabi/7.3.1/thumb/v7-m\libgcc.a
LOAD c:/program files (x86)/stmicroelectronics/stm32cubeide_1.4.0/stm32cubeide/plugins/com.st.stm32cube.ide.mcu.externaltools.gnu-tools-for-stm32.7-2018-q2-update.win32_1.4.0.202007081208/tools/bin/../lib/gcc/arm-none-eabi/7.3.1/../../../../arm-none-eabi/lib/thumb/v7-m\libc_nano.a
END GROUP
START GROUP
LOAD c:/program files (x86)/stmicroelectronics/stm32cubeide_1.4.0/stm32cubeide/plugins/com.st.stm32cube.ide.mcu.externaltools.gnu-tools-for-stm32.7-2018-q2-update.win32_1.4.0.202007081208/tools/bin/../lib/gcc/arm-none-eabi/7.3.1/thumb/v7-m\libgcc.a
LOAD c:/program files (x86)/stmicroelectronics/stm32cubeide_1.4.0/stm32cubeide/plugins/com.st.stm32cube.ide.mcu.externaltools.gnu-tools-for-stm32.7-2018-q2-update.win32_1.4.0.202007081208/tools/bin/../lib/gcc/arm-none-eabi/7.3.1/../../../../arm-none-eabi/lib/thumb/v7-m\libc_nano.a
LOAD c:/program files (x86)/stmicroelectronics/stm32cubeide_1.4.0/stm32cubeide/plugins/com.st.stm32cube.ide.mcu.externaltools.gnu-tools-for-stm32.7-2018-q2-update.win32_1.4.0.202007081208/tools/bin/../lib/gcc/arm-none-eabi/7.3.1/../../../../arm-none-eabi/lib/thumb/v7-m\libnosys.a
END GROUP
START GROUP
LOAD c:/program files (x86)/stmicroelectronics/stm32cubeide_1.4.0/stm32cubeide/plugins/com.st.stm32cube.ide.mcu.externaltools.gnu-tools-for-stm32.7-2018-q2-update.win32_1.4.0.202007081208/tools/bin/../lib/gcc/arm-none-eabi/7.3.1/thumb/v7-m\libgcc.a
LOAD c:/program files (x86)/stmicroelectronics/stm32cubeide_1.4.0/stm32cubeide/plugins/com.st.stm32cube.ide.mcu.externaltools.gnu-tools-for-stm32.7-2018-q2-update.win32_1.4.0.202007081208/tools/bin/../lib/gcc/arm-none-eabi/7.3.1/../../../../arm-none-eabi/lib/thumb/v7-m\libc_nano.a
LOAD c:/program files (x86)/stmicroelectronics/stm32cubeide_1.4.0/stm32cubeide/plugins/com.st.stm32cube.ide.mcu.externaltools.gnu-tools-for-stm32.7-2018-q2-update.win32_1.4.0.202007081208/tools/bin/../lib/gcc/arm-none-eabi/7.3.1/../../../../arm-none-eabi/lib/thumb/v7-m\libnosys.a
END GROUP
LOAD c:/program files (x86)/stmicroelectronics/stm32cubeide_1.4.0/stm32cubeide/plugins/com.st.stm32cube.ide.mcu.externaltools.gnu-tools-for-stm32.7-2018-q2-update.win32_1.4.0.202007081208/tools/bin/../lib/gcc/arm-none-eabi/7.3.1/thumb/v7-m/crtend.o
LOAD c:/program files (x86)/stmicroelectronics/stm32cubeide_1.4.0/stm32cubeide/plugins/com.st.stm32cube.ide.mcu.externaltools.gnu-tools-for-stm32.7-2018-q2-update.win32_1.4.0.202007081208/tools/bin/../lib/gcc/arm-none-eabi/7.3.1/thumb/v7-m/crtn.o
                0x0000000020005000                _estack = (ORIGIN (RAM) + LENGTH (RAM))
                0x0000000000000200                _Min_Heap_Size = 0x200
                0x0000000000000400                _Min_Stack_Size = 0x400

.isr_vector     0x0000000008000000      0x130
                0x0000000008000000                . = ALIGN (0x4)
 *(.isr_vector)
 .isr_vector    0x0000000008000000      0x130 Startup/startup_stm32f103c8tx.o
                0x0000000008000000                g_pfnVectors
                0x0000000008000130                . = ALIGN (0x4)

.text           0x0000000008000130      0x934
                0x0000000008000130                . = ALIGN (0x4)
 *(.text)
 .text          0x0000000008000130       0x40 c:/program files (x86)/stmicroelectronics/stm32cubeide_1.4.0/stm32cubeide/plugins/com.st.stm32cube.ide.mcu.externaltools.gnu-tools-for-stm32.7-2018-q2-update.win32_1.4.0.202007081208/tools/bin/../lib/gcc/arm-none-eabi/7.3.1/thumb/v7-m/crtbegin.o
 *(.text*)
 .text.FLASH_voidControlAccess
                0x0000000008000170       0x48 Src/FPEC_program.o
                0x0000000008000170                FLASH_voidControlAccess
 .text.FLASH_voidOptByteAccess
                0x00000000080001b8       0x48 Src/FPEC_program.o
                0x00000000080001b8                FLASH_voidOptByteAccess
 .text.FLASH_voidPageErase
                0x0000000008000200       0x7c Src/FPEC_program.o
                0x0000000008000200                FLASH_voidPageErase
 .text.FLASH_voidPageProgram
                0x000000000800027c       0x90 Src/FPEC_program.o
                0x000000000800027c                FLASH_voidPageProgram
 .text.FLASH_voidWriteDataOptionByte
                0x000000000800030c       0xe4 Src/FPEC_program.o
                0x000000000800030c                FLASH_voidWriteDataOptionByte
 .text.FLASH_u8ReadDataOptionByte
                0x00000000080003f0       0x2c Src/FPEC_program.o
                0x00000000080003f0                FLASH_u8ReadDataOptionByte
 .text.MGPIO_voidSetPinDirection
                0x000000000800041c      0x164 Src/GPIO_program.o
                0x000000000800041c                MGPIO_voidSetPinDirection
 .text.MGPIO_voidSetPinValue
                0x0000000008000580       0xa4 Src/GPIO_program.o
                0x0000000008000580                MGPIO_voidSetPinValue
 .text.MNVIC_voidEnableInterrupt
                0x0000000008000624       0x30 Src/NVIC_program.o
                0x0000000008000624                MNVIC_voidEnableInterrupt
 .text.MRCC_voidInit
                0x0000000008000654       0x5c Src/RCC_program.o
                0x0000000008000654                MRCC_voidInit
 .text.MRCC_u8CheckClockSource
                0x00000000080006b0       0x68 Src/RCC_program.o
                0x00000000080006b0                MRCC_u8CheckClockSource
 .text.MRCC_voidSetClockSource
                0x0000000008000718       0x58 Src/RCC_program.o
                0x0000000008000718                MRCC_voidSetClockSource
 .text.MRCC_voidEnableClockSource
                0x0000000008000770       0x44 Src/RCC_program.o
                0x0000000008000770                MRCC_voidEnableClockSource
 .text.MRCC_voidSetBusClocks
                0x00000000080007b4       0x5c Src/RCC_program.o
                0x00000000080007b4                MRCC_voidSetBusClocks
 .text.MRCC_voidSetPeripheralClock
                0x0000000008000810       0x98 Src/RCC_program.o
                0x0000000008000810                MRCC_voidSetPeripheralClock
 .text.SysTick_Handler
                0x00000000080008a8       0x48 Src/SYSTICK_program.o
                0x00000000080008a8                SysTick_Handler
 .text.FLASH_IRQHandler
                0x00000000080008f0        0xe Src/main.o
                0x00000000080008f0                FLASH_IRQHandler
 *fill*         0x00000000080008fe        0x2 
 .text.main     0x0000000008000900       0xb0 Src/main.o
                0x0000000008000900                main
 .text.Reset_Handler
                0x00000000080009b0       0x50 Startup/startup_stm32f103c8tx.o
                0x00000000080009b0                Reset_Handler
 .text.Default_Handler
                0x0000000008000a00        0x2 Startup/startup_stm32f103c8tx.o
                0x0000000008000a00                EXTI2_IRQHandler
                0x0000000008000a00                TIM8_TRG_COM_IRQHandler
                0x0000000008000a00                TIM8_CC_IRQHandler
                0x0000000008000a00                DebugMon_Handler
                0x0000000008000a00                TIM1_CC_IRQHandler
                0x0000000008000a00                HardFault_Handler
                0x0000000008000a00                TIM6_IRQHandler
                0x0000000008000a00                PVD_IRQHandler
                0x0000000008000a00                SDIO_IRQHandler
                0x0000000008000a00                PendSV_Handler
                0x0000000008000a00                NMI_Handler
                0x0000000008000a00                EXTI3_IRQHandler
                0x0000000008000a00                USB_HP_CAN_TX_IRQHandler
                0x0000000008000a00                EXTI0_IRQHandler
                0x0000000008000a00                I2C2_EV_IRQHandler
                0x0000000008000a00                UsageFault_Handler
                0x0000000008000a00                ADC1_2_IRQHandler
                0x0000000008000a00                SPI1_IRQHandler
                0x0000000008000a00                CAN_SCE_IRQHandler
                0x0000000008000a00                TAMPER_IRQHandler
                0x0000000008000a00                TIM8_UP_IRQHandler
                0x0000000008000a00                DMA2_Channel2_IRQHandler
                0x0000000008000a00                DMA1_Channel4_IRQHandler
                0x0000000008000a00                USART3_IRQHandler
                0x0000000008000a00                RTC_IRQHandler
                0x0000000008000a00                DMA1_Channel7_IRQHandler
                0x0000000008000a00                UART5_IRQHandler
                0x0000000008000a00                ADC3_IRQHandler
                0x0000000008000a00                TIM4_IRQHandler
                0x0000000008000a00                CAN_RX1_IRQHandler
                0x0000000008000a00                DMA2_Channel1_IRQHandler
                0x0000000008000a00                I2C1_EV_IRQHandler
                0x0000000008000a00                DMA1_Channel6_IRQHandler
                0x0000000008000a00                UART4_IRQHandler
                0x0000000008000a00                TIM3_IRQHandler
                0x0000000008000a00                RCC_IRQHandler
                0x0000000008000a00                TIM1_TRG_COM_IRQHandler
                0x0000000008000a00                DMA1_Channel1_IRQHandler
                0x0000000008000a00                Default_Handler
                0x0000000008000a00                EXTI15_10_IRQHandler
                0x0000000008000a00                TIM7_IRQHandler
                0x0000000008000a00                TIM5_IRQHandler
                0x0000000008000a00                EXTI9_5_IRQHandler
                0x0000000008000a00                SPI2_IRQHandler
                0x0000000008000a00                USB_LP_CAN_RX0_IRQHandler
                0x0000000008000a00                MemManage_Handler
                0x0000000008000a00                SVC_Handler
                0x0000000008000a00                DMA1_Channel5_IRQHandler
                0x0000000008000a00                EXTI4_IRQHandler
                0x0000000008000a00                DMA1_Channel3_IRQHandler
                0x0000000008000a00                FSMC_IRQHandler
                0x0000000008000a00                TIM1_UP_IRQHandler
                0x0000000008000a00                WWDG_IRQHandler
                0x0000000008000a00                TIM2_IRQHandler
                0x0000000008000a00                TIM1_BRK_IRQHandler
                0x0000000008000a00                EXTI1_IRQHandler
                0x0000000008000a00                RTCAlarm_IRQHandler
                0x0000000008000a00                DMA2_Channel4_5_IRQHandler
                0x0000000008000a00                USART2_IRQHandler
                0x0000000008000a00                I2C2_ER_IRQHandler
                0x0000000008000a00                DMA1_Channel2_IRQHandler
                0x0000000008000a00                TIM8_BRK_IRQHandler
                0x0000000008000a00                BusFault_Handler
                0x0000000008000a00                USART1_IRQHandler
                0x0000000008000a00                SPI3_IRQHandler
                0x0000000008000a00                I2C1_ER_IRQHandler
                0x0000000008000a00                DMA2_Channel3_IRQHandler
 *fill*         0x0000000008000a02        0x2 
 .text.__libc_init_array
                0x0000000008000a04       0x48 c:/program files (x86)/stmicroelectronics/stm32cubeide_1.4.0/stm32cubeide/plugins/com.st.stm32cube.ide.mcu.externaltools.gnu-tools-for-stm32.7-2018-q2-update.win32_1.4.0.202007081208/tools/bin/../lib/gcc/arm-none-eabi/7.3.1/../../../../arm-none-eabi/lib/thumb/v7-m\libc_nano.a(lib_a-init.o)
                0x0000000008000a04                __libc_init_array
 *(.glue_7)
 .glue_7        0x0000000008000a4c        0x0 linker stubs
 *(.glue_7t)
 .glue_7t       0x0000000008000a4c        0x0 linker stubs
 *(.eh_frame)
 .eh_frame      0x0000000008000a4c        0x0 c:/program files (x86)/stmicroelectronics/stm32cubeide_1.4.0/stm32cubeide/plugins/com.st.stm32cube.ide.mcu.externaltools.gnu-tools-for-stm32.7-2018-q2-update.win32_1.4.0.202007081208/tools/bin/../lib/gcc/arm-none-eabi/7.3.1/thumb/v7-m/crtbegin.o
 *(.init)
 .init          0x0000000008000a4c        0x4 c:/program files (x86)/stmicroelectronics/stm32cubeide_1.4.0/stm32cubeide/plugins/com.st.stm32cube.ide.mcu.externaltools.gnu-tools-for-stm32.7-2018-q2-update.win32_1.4.0.202007081208/tools/bin/../lib/gcc/arm-none-eabi/7.3.1/thumb/v7-m/crti.o
                0x0000000008000a4c                _init
 .init          0x0000000008000a50        0x8 c:/program files (x86)/stmicroelectronics/stm32cubeide_1.4.0/stm32cubeide/plugins/com.st.stm32cube.ide.mcu.externaltools.gnu-tools-for-stm32.7-2018-q2-update.win32_1.4.0.202007081208/tools/bin/../lib/gcc/arm-none-eabi/7.3.1/thumb/v7-m/crtn.o
 *(.fini)
 .fini          0x0000000008000a58        0x4 c:/program files (x86)/stmicroelectronics/stm32cubeide_1.4.0/stm32cubeide/plugins/com.st.stm32cube.ide.mcu.externaltools.gnu-tools-for-stm32.7-2018-q2-update.win32_1.4.0.202007081208/tools/bin/../lib/gcc/arm-none-eabi/7.3.1/thumb/v7-m/crti.o
                0x0000000008000a58                _fini
 .fini          0x0000000008000a5c        0x8 c:/program files (x86)/stmicroelectronics/stm32cubeide_1.4.0/stm32cubeide/plugins/com.st.stm32cube.ide.mcu.externaltools.gnu-tools-for-stm32.7-2018-q2-update.win32_1.4.0.202007081208/tools/bin/../lib/gcc/arm-none-eabi/7.3.1/thumb/v7-m/crtn.o
                0x0000000008000a64                . = ALIGN (0x4)
                0x0000000008000a64                _etext = .

.vfp11_veneer   0x0000000008000a64        0x0
 .vfp11_veneer  0x0000000008000a64        0x0 linker stubs

.v4_bx          0x0000000008000a64        0x0
 .v4_bx         0x0000000008000a64        0x0 linker stubs

.iplt           0x0000000008000a64        0x0
 .iplt          0x0000000008000a64        0x0 c:/program files (x86)/stmicroelectronics/stm32cubeide_1.4.0/stm32cubeide/plugins/com.st.stm32cube.ide.mcu.externaltools.gnu-tools-for-stm32.7-2018-q2-update.win32_1.4.0.202007081208/tools/bin/../lib/gcc/arm-none-eabi/7.3.1/thumb/v7-m/crtbegin.o

.rel.dyn        0x0000000008000a64        0x0
 .rel.iplt      0x0000000008000a64        0x0 c:/program files (x86)/stmicroelectronics/stm32cubeide_1.4.0/stm32cubeide/plugins/com.st.stm32cube.ide.mcu.externaltools.gnu-tools-for-stm32.7-2018-q2-update.win32_1.4.0.202007081208/tools/bin/../lib/gcc/arm-none-eabi/7.3.1/thumb/v7-m/crtbegin.o

.rodata         0x0000000008000a64        0x0
                0x0000000008000a64                . = ALIGN (0x4)
 *(.rodata)
 *(.rodata*)
                0x0000000008000a64                . = ALIGN (0x4)

.ARM.extab      0x0000000008000a64        0x0
                0x0000000008000a64                . = ALIGN (0x4)
 *(.ARM.extab* .gnu.linkonce.armextab.*)
                0x0000000008000a64                . = ALIGN (0x4)

.ARM            0x0000000008000a64        0x0
                0x0000000008000a64                . = ALIGN (0x4)
                0x0000000008000a64                __exidx_start = .
 *(.ARM.exidx*)
                0x0000000008000a64                __exidx_end = .
                0x0000000008000a64                . = ALIGN (0x4)

.preinit_array  0x0000000008000a64        0x0
                0x0000000008000a64                . = ALIGN (0x4)
                0x0000000008000a64                PROVIDE (__preinit_array_start = .)
 *(.preinit_array*)
                0x0000000008000a64                PROVIDE (__preinit_array_end = .)
                0x0000000008000a64                . = ALIGN (0x4)

.init_array     0x0000000008000a64        0x4
                0x0000000008000a64                . = ALIGN (0x4)
                0x0000000008000a64                PROVIDE (__init_array_start = .)
 *(SORT_BY_NAME(.init_array.*))
 *(.init_array*)
 .init_array    0x0000000008000a64        0x4 c:/program files (x86)/stmicroelectronics/stm32cubeide_1.4.0/stm32cubeide/plugins/com.st.stm32cube.ide.mcu.externaltools.gnu-tools-for-stm32.7-2018-q2-update.win32_1.4.0.202007081208/tools/bin/../lib/gcc/arm-none-eabi/7.3.1/thumb/v7-m/crtbegin.o
                0x0000000008000a68                PROVIDE (__init_array_end = .)
                0x0000000008000a68                . = ALIGN (0x4)

.fini_array     0x0000000008000a68        0x4
                0x0000000008000a68                . = ALIGN (0x4)
                [!provide]                        PROVIDE (__fini_array_start = .)
 *(SORT_BY_NAME(.fini_array.*))
 *(.fini_array*)
 .fini_array    0x0000000008000a68        0x4 c:/program files (x86)/stmicroelectronics/stm32cubeide_1.4.0/stm32cubeide/plugins/com.st.stm32cube.ide.mcu.externaltools.gnu-tools-for-stm32.7-2018-q2-update.win32_1.4.0.202007081208/tools/bin/../lib/gcc/arm-none-eabi/7.3.1/thumb/v7-m/crtbegin.o
                [!provide]                        PROVIDE (__fini_array_end = .)
                0x0000000008000a6c                . = ALIGN (0x4)
                0x0000000008000a6c                _sidata = LOADADDR (.data)

.data           0x0000000020000000       0x40 load address 0x0000000008000a6c
                0x0000000020000000                . = ALIGN (0x4)
                0x0000000020000000                _sdata = .
 *(.data)
 *(.data*)
 .data.data     0x0000000020000000       0x20 Src/main.o
                0x0000000020000000                data
 .data.data2    0x0000000020000020       0x20 Src/main.o
                0x0000000020000020                data2
                0x0000000020000040                . = ALIGN (0x4)
                0x0000000020000040                _edata = .

.igot.plt       0x0000000020000040        0x0 load address 0x0000000008000aac
 .igot.plt      0x0000000020000040        0x0 c:/program files (x86)/stmicroelectronics/stm32cubeide_1.4.0/stm32cubeide/plugins/com.st.stm32cube.ide.mcu.externaltools.gnu-tools-for-stm32.7-2018-q2-update.win32_1.4.0.202007081208/tools/bin/../lib/gcc/arm-none-eabi/7.3.1/thumb/v7-m/crtbegin.o
                0x0000000020000040                . = ALIGN (0x4)

.bss            0x0000000020000040       0x34 load address 0x0000000008000aac
                0x0000000020000040                _sbss = .
                0x0000000020000040                __bss_start__ = _sbss
 *(.bss)
 .bss           0x0000000020000040       0x1c c:/program files (x86)/stmicroelectronics/stm32cubeide_1.4.0/stm32cubeide/plugins/com.st.stm32cube.ide.mcu.externaltools.gnu-tools-for-stm32.7-2018-q2-update.win32_1.4.0.202007081208/tools/bin/../lib/gcc/arm-none-eabi/7.3.1/thumb/v7-m/crtbegin.o
 *(.bss*)
 .bss.SYSTICK_CALLBACK
                0x000000002000005c        0x4 Src/SYSTICK_program.o
                0x000000002000005c                SYSTICK_CALLBACK
 .bss.SYSTICK_ISR_TYPE_PERIODIC
                0x0000000020000060        0x1 Src/SYSTICK_program.o
                0x0000000020000060                SYSTICK_ISR_TYPE_PERIODIC
 *(COMMON)
 *fill*         0x0000000020000061        0x3 
 COMMON         0x0000000020000064       0x10 Src/RCC_program.o
                0x0000000020000064                RCC_F_CPU
                0x0000000020000068                RCC_APB1_Frequency
                0x000000002000006c                RCC_AHB_Frequency
                0x0000000020000070                RCC_APB2_Frequency
                0x0000000020000074                . = ALIGN (0x4)
                0x0000000020000074                _ebss = .
                0x0000000020000074                __bss_end__ = _ebss

._user_heap_stack
                0x0000000020000074      0x604 load address 0x0000000008000aac
                0x0000000020000078                . = ALIGN (0x8)
 *fill*         0x0000000020000074        0x4 
                [!provide]                        PROVIDE (end = .)
                [!provide]                        PROVIDE (_end = .)
                0x0000000020000278                . = (. + _Min_Heap_Size)
 *fill*         0x0000000020000078      0x200 
                0x0000000020000678                . = (. + _Min_Stack_Size)
 *fill*         0x0000000020000278      0x400 
                0x0000000020000678                . = ALIGN (0x8)

/DISCARD/
 libc.a(*)
 libm.a(*)
 libgcc.a(*)

.ARM.attributes
                0x0000000000000000       0x29
 *(.ARM.attributes)
 .ARM.attributes
                0x0000000000000000       0x1d c:/program files (x86)/stmicroelectronics/stm32cubeide_1.4.0/stm32cubeide/plugins/com.st.stm32cube.ide.mcu.externaltools.gnu-tools-for-stm32.7-2018-q2-update.win32_1.4.0.202007081208/tools/bin/../lib/gcc/arm-none-eabi/7.3.1/thumb/v7-m/crti.o
 .ARM.attributes
                0x000000000000001d       0x2d c:/program files (x86)/stmicroelectronics/stm32cubeide_1.4.0/stm32cubeide/plugins/com.st.stm32cube.ide.mcu.externaltools.gnu-tools-for-stm32.7-2018-q2-update.win32_1.4.0.202007081208/tools/bin/../lib/gcc/arm-none-eabi/7.3.1/thumb/v7-m/crtbegin.o
 .ARM.attributes
                0x000000000000004a       0x33 Src/FPEC_program.o
 .ARM.attributes
                0x000000000000007d       0x33 Src/GPIO_program.o
 .ARM.attributes
                0x00000000000000b0       0x33 Src/NVIC_program.o
 .ARM.attributes
                0x00000000000000e3       0x33 Src/RCC_program.o
 .ARM.attributes
                0x0000000000000116       0x33 Src/SYSTICK_program.o
 .ARM.attributes
                0x0000000000000149       0x33 Src/main.o
 .ARM.attributes
                0x000000000000017c       0x21 Startup/startup_stm32f103c8tx.o
 .ARM.attributes
                0x000000000000019d       0x2d c:/program files (x86)/stmicroelectronics/stm32cubeide_1.4.0/stm32cubeide/plugins/com.st.stm32cube.ide.mcu.externaltools.gnu-tools-for-stm32.7-2018-q2-update.win32_1.4.0.202007081208/tools/bin/../lib/gcc/arm-none-eabi/7.3.1/../../../../arm-none-eabi/lib/thumb/v7-m\libc_nano.a(lib_a-init.o)
 .ARM.attributes
                0x00000000000001ca       0x1d c:/program files (x86)/stmicroelectronics/stm32cubeide_1.4.0/stm32cubeide/plugins/com.st.stm32cube.ide.mcu.externaltools.gnu-tools-for-stm32.7-2018-q2-update.win32_1.4.0.202007081208/tools/bin/../lib/gcc/arm-none-eabi/7.3.1/thumb/v7-m/crtn.o
OUTPUT(FPEC.elf elf32-littlearm)

.debug_info     0x0000000000000000     0x1367
 .debug_info    0x0000000000000000      0x315 Src/FPEC_program.o
 .debug_info    0x0000000000000315      0x4f2 Src/GPIO_program.o
 .debug_info    0x0000000000000807      0x28e Src/NVIC_program.o
 .debug_info    0x0000000000000a95      0x3dc Src/RCC_program.o
 .debug_info    0x0000000000000e71      0x2cf Src/SYSTICK_program.o
 .debug_info    0x0000000000001140      0x205 Src/main.o
 .debug_info    0x0000000000001345       0x22 Startup/startup_stm32f103c8tx.o

.debug_abbrev   0x0000000000000000      0x67b
 .debug_abbrev  0x0000000000000000      0x12b Src/FPEC_program.o
 .debug_abbrev  0x000000000000012b      0x11c Src/GPIO_program.o
 .debug_abbrev  0x0000000000000247      0x106 Src/NVIC_program.o
 .debug_abbrev  0x000000000000034d       0xf6 Src/RCC_program.o
 .debug_abbrev  0x0000000000000443      0x149 Src/SYSTICK_program.o
 .debug_abbrev  0x000000000000058c       0xdd Src/main.o
 .debug_abbrev  0x0000000000000669       0x12 Startup/startup_stm32f103c8tx.o

.debug_aranges  0x0000000000000000      0x210
 .debug_aranges
                0x0000000000000000       0x50 Src/FPEC_program.o
 .debug_aranges
                0x0000000000000050       0x58 Src/GPIO_program.o
 .debug_aranges
                0x00000000000000a8       0x50 Src/NVIC_program.o
 .debug_aranges
                0x00000000000000f8       0x50 Src/RCC_program.o
 .debug_aranges
                0x0000000000000148       0x78 Src/SYSTICK_program.o
 .debug_aranges
                0x00000000000001c0       0x28 Src/main.o
 .debug_aranges
                0x00000000000001e8       0x28 Startup/startup_stm32f103c8tx.o

.debug_ranges   0x0000000000000000      0x1a8
 .debug_ranges  0x0000000000000000       0x40 Src/FPEC_program.o
 .debug_ranges  0x0000000000000040       0x48 Src/GPIO_program.o
 .debug_ranges  0x0000000000000088       0x40 Src/NVIC_program.o
 .debug_ranges  0x00000000000000c8       0x40 Src/RCC_program.o
 .debug_ranges  0x0000000000000108       0x68 Src/SYSTICK_program.o
 .debug_ranges  0x0000000000000170       0x18 Src/main.o
 .debug_ranges  0x0000000000000188       0x20 Startup/startup_stm32f103c8tx.o

.debug_macro    0x0000000000000000     0x10cd
 .debug_macro   0x0000000000000000       0x40 Src/FPEC_program.o
 .debug_macro   0x0000000000000040      0xa60 Src/FPEC_program.o
 .debug_macro   0x0000000000000aa0       0x40 Src/FPEC_program.o
 .debug_macro   0x0000000000000ae0       0x10 Src/FPEC_program.o
 .debug_macro   0x0000000000000af0       0x88 Src/FPEC_program.o
 .debug_macro   0x0000000000000b78       0x3f Src/GPIO_program.o
 .debug_macro   0x0000000000000bb7       0x10 Src/GPIO_program.o
 .debug_macro   0x0000000000000bc7       0x22 Src/GPIO_program.o
 .debug_macro   0x0000000000000be9       0x3f Src/NVIC_program.o
 .debug_macro   0x0000000000000c28      0x196 Src/NVIC_program.o
 .debug_macro   0x0000000000000dbe       0x1c Src/NVIC_program.o
 .debug_macro   0x0000000000000dda       0x3e Src/RCC_program.o
 .debug_macro   0x0000000000000e18      0x104 Src/RCC_program.o
 .debug_macro   0x0000000000000f1c       0x34 Src/RCC_program.o
 .debug_macro   0x0000000000000f50       0xac Src/RCC_program.o
 .debug_macro   0x0000000000000ffc       0x3f Src/SYSTICK_program.o
 .debug_macro   0x000000000000103b       0x28 Src/SYSTICK_program.o
 .debug_macro   0x0000000000001063       0x1c Src/SYSTICK_program.o
 .debug_macro   0x000000000000107f       0x4e Src/main.o

.debug_line     0x0000000000000000      0xa2e
 .debug_line    0x0000000000000000      0x1c5 Src/FPEC_program.o
 .debug_line    0x00000000000001c5      0x1df Src/GPIO_program.o
 .debug_line    0x00000000000003a4      0x141 Src/NVIC_program.o
 .debug_line    0x00000000000004e5      0x18f Src/RCC_program.o
 .debug_line    0x0000000000000674      0x1db Src/SYSTICK_program.o
 .debug_line    0x000000000000084f      0x15b Src/main.o
 .debug_line    0x00000000000009aa       0x84 Startup/startup_stm32f103c8tx.o

.debug_str      0x0000000000000000     0x4f55
 .debug_str     0x0000000000000000     0x32f8 Src/FPEC_program.o
                                       0x335f (size before relaxing)
 .debug_str     0x00000000000032f8      0x5ba Src/GPIO_program.o
                                       0x34f4 (size before relaxing)
 .debug_str     0x00000000000038b2      0x6ce Src/NVIC_program.o
                                       0x360a (size before relaxing)
 .debug_str     0x0000000000003f80      0xba1 Src/RCC_program.o
                                       0x3ad4 (size before relaxing)
 .debug_str     0x0000000000004b21      0x3cd Src/SYSTICK_program.o
                                       0x330a (size before relaxing)
 .debug_str     0x0000000000004eee       0x36 Src/main.o
                                       0x39c9 (size before relaxing)
 .debug_str     0x0000000000004f24       0x31 Startup/startup_stm32f103c8tx.o
                                         0x5c (size before relaxing)

.comment        0x0000000000000000       0x7b
 .comment       0x0000000000000000       0x7b Src/FPEC_program.o
                                         0x7c (size before relaxing)
 .comment       0x000000000000007b       0x7c Src/GPIO_program.o
 .comment       0x000000000000007b       0x7c Src/NVIC_program.o
 .comment       0x000000000000007b       0x7c Src/RCC_program.o
 .comment       0x000000000000007b       0x7c Src/SYSTICK_program.o
 .comment       0x000000000000007b       0x7c Src/main.o

.debug_frame    0x0000000000000000      0x6f4
 .debug_frame   0x0000000000000000      0x118 Src/FPEC_program.o
 .debug_frame   0x0000000000000118      0x154 Src/GPIO_program.o
 .debug_frame   0x000000000000026c      0x12c Src/NVIC_program.o
 .debug_frame   0x0000000000000398      0x11c Src/RCC_program.o
 .debug_frame   0x00000000000004b4      0x1c4 Src/SYSTICK_program.o
 .debug_frame   0x0000000000000678       0x50 Src/main.o
 .debug_frame   0x00000000000006c8       0x2c c:/program files (x86)/stmicroelectronics/stm32cubeide_1.4.0/stm32cubeide/plugins/com.st.stm32cube.ide.mcu.externaltools.gnu-tools-for-stm32.7-2018-q2-update.win32_1.4.0.202007081208/tools/bin/../lib/gcc/arm-none-eabi/7.3.1/../../../../arm-none-eabi/lib/thumb/v7-m\libc_nano.a(lib_a-init.o)
