Archive member included to satisfy reference by file (symbol)

e:/iti-alex/cube ide setup/stm32cubeide_1.3.0/stm32cubeide/plugins/com.st.stm32cube.ide.mcu.externaltools.gnu-tools-for-stm32.7-2018-q2-update.win32_1.0.0.201904181610/tools/bin/../lib/gcc/arm-none-eabi/7.3.1/../../../../arm-none-eabi/lib/thumb/v7-m\libc_nano.a(lib_a-exit.o)
                              e:/iti-alex/cube ide setup/stm32cubeide_1.3.0/stm32cubeide/plugins/com.st.stm32cube.ide.mcu.externaltools.gnu-tools-for-stm32.7-2018-q2-update.win32_1.0.0.201904181610/tools/bin/../lib/gcc/arm-none-eabi/7.3.1/../../../../arm-none-eabi/lib/thumb/v7-m/crt0.o (exit)
e:/iti-alex/cube ide setup/stm32cubeide_1.3.0/stm32cubeide/plugins/com.st.stm32cube.ide.mcu.externaltools.gnu-tools-for-stm32.7-2018-q2-update.win32_1.0.0.201904181610/tools/bin/../lib/gcc/arm-none-eabi/7.3.1/../../../../arm-none-eabi/lib/thumb/v7-m\libc_nano.a(lib_a-impure.o)
                              e:/iti-alex/cube ide setup/stm32cubeide_1.3.0/stm32cubeide/plugins/com.st.stm32cube.ide.mcu.externaltools.gnu-tools-for-stm32.7-2018-q2-update.win32_1.0.0.201904181610/tools/bin/../lib/gcc/arm-none-eabi/7.3.1/../../../../arm-none-eabi/lib/thumb/v7-m\libc_nano.a(lib_a-exit.o) (_global_impure_ptr)
e:/iti-alex/cube ide setup/stm32cubeide_1.3.0/stm32cubeide/plugins/com.st.stm32cube.ide.mcu.externaltools.gnu-tools-for-stm32.7-2018-q2-update.win32_1.0.0.201904181610/tools/bin/../lib/gcc/arm-none-eabi/7.3.1/../../../../arm-none-eabi/lib/thumb/v7-m\libc_nano.a(lib_a-init.o)
                              e:/iti-alex/cube ide setup/stm32cubeide_1.3.0/stm32cubeide/plugins/com.st.stm32cube.ide.mcu.externaltools.gnu-tools-for-stm32.7-2018-q2-update.win32_1.0.0.201904181610/tools/bin/../lib/gcc/arm-none-eabi/7.3.1/../../../../arm-none-eabi/lib/thumb/v7-m/crt0.o (__libc_init_array)
e:/iti-alex/cube ide setup/stm32cubeide_1.3.0/stm32cubeide/plugins/com.st.stm32cube.ide.mcu.externaltools.gnu-tools-for-stm32.7-2018-q2-update.win32_1.0.0.201904181610/tools/bin/../lib/gcc/arm-none-eabi/7.3.1/../../../../arm-none-eabi/lib/thumb/v7-m\libc_nano.a(lib_a-memset.o)
                              e:/iti-alex/cube ide setup/stm32cubeide_1.3.0/stm32cubeide/plugins/com.st.stm32cube.ide.mcu.externaltools.gnu-tools-for-stm32.7-2018-q2-update.win32_1.0.0.201904181610/tools/bin/../lib/gcc/arm-none-eabi/7.3.1/../../../../arm-none-eabi/lib/thumb/v7-m/crt0.o (memset)
e:/iti-alex/cube ide setup/stm32cubeide_1.3.0/stm32cubeide/plugins/com.st.stm32cube.ide.mcu.externaltools.gnu-tools-for-stm32.7-2018-q2-update.win32_1.0.0.201904181610/tools/bin/../lib/gcc/arm-none-eabi/7.3.1/../../../../arm-none-eabi/lib/thumb/v7-m\libnosys.a(_exit.o)
                              e:/iti-alex/cube ide setup/stm32cubeide_1.3.0/stm32cubeide/plugins/com.st.stm32cube.ide.mcu.externaltools.gnu-tools-for-stm32.7-2018-q2-update.win32_1.0.0.201904181610/tools/bin/../lib/gcc/arm-none-eabi/7.3.1/../../../../arm-none-eabi/lib/thumb/v7-m\libc_nano.a(lib_a-exit.o) (_exit)

Allocating common symbols
Common symbol       size              file

DataCome            0x64              Src/MCAL/ESP8266_PROG.o
Rx_Buffer           0x33              Src/main.o
Rx_Header           0xc               Src/main.o
String              0x14              Src/MCAL/USART_PROG.o
MUSART1_CallBack    0x4               Src/MCAL/USART_PROG.o

Discarded input sections

 .text          0x0000000000000000        0x0 e:/iti-alex/cube ide setup/stm32cubeide_1.3.0/stm32cubeide/plugins/com.st.stm32cube.ide.mcu.externaltools.gnu-tools-for-stm32.7-2018-q2-update.win32_1.0.0.201904181610/tools/bin/../lib/gcc/arm-none-eabi/7.3.1/thumb/v7-m/crti.o
 .data          0x0000000000000000        0x0 e:/iti-alex/cube ide setup/stm32cubeide_1.3.0/stm32cubeide/plugins/com.st.stm32cube.ide.mcu.externaltools.gnu-tools-for-stm32.7-2018-q2-update.win32_1.0.0.201904181610/tools/bin/../lib/gcc/arm-none-eabi/7.3.1/thumb/v7-m/crti.o
 .bss           0x0000000000000000        0x0 e:/iti-alex/cube ide setup/stm32cubeide_1.3.0/stm32cubeide/plugins/com.st.stm32cube.ide.mcu.externaltools.gnu-tools-for-stm32.7-2018-q2-update.win32_1.0.0.201904181610/tools/bin/../lib/gcc/arm-none-eabi/7.3.1/thumb/v7-m/crti.o
 .data          0x0000000000000000        0x4 e:/iti-alex/cube ide setup/stm32cubeide_1.3.0/stm32cubeide/plugins/com.st.stm32cube.ide.mcu.externaltools.gnu-tools-for-stm32.7-2018-q2-update.win32_1.0.0.201904181610/tools/bin/../lib/gcc/arm-none-eabi/7.3.1/thumb/v7-m/crtbegin.o
 .text          0x0000000000000000       0x74 e:/iti-alex/cube ide setup/stm32cubeide_1.3.0/stm32cubeide/plugins/com.st.stm32cube.ide.mcu.externaltools.gnu-tools-for-stm32.7-2018-q2-update.win32_1.0.0.201904181610/tools/bin/../lib/gcc/arm-none-eabi/7.3.1/../../../../arm-none-eabi/lib/thumb/v7-m/crt0.o
 .data          0x0000000000000000        0x0 e:/iti-alex/cube ide setup/stm32cubeide_1.3.0/stm32cubeide/plugins/com.st.stm32cube.ide.mcu.externaltools.gnu-tools-for-stm32.7-2018-q2-update.win32_1.0.0.201904181610/tools/bin/../lib/gcc/arm-none-eabi/7.3.1/../../../../arm-none-eabi/lib/thumb/v7-m/crt0.o
 .bss           0x0000000000000000        0x0 e:/iti-alex/cube ide setup/stm32cubeide_1.3.0/stm32cubeide/plugins/com.st.stm32cube.ide.mcu.externaltools.gnu-tools-for-stm32.7-2018-q2-update.win32_1.0.0.201904181610/tools/bin/../lib/gcc/arm-none-eabi/7.3.1/../../../../arm-none-eabi/lib/thumb/v7-m/crt0.o
 .ARM.extab     0x0000000000000000        0x0 e:/iti-alex/cube ide setup/stm32cubeide_1.3.0/stm32cubeide/plugins/com.st.stm32cube.ide.mcu.externaltools.gnu-tools-for-stm32.7-2018-q2-update.win32_1.0.0.201904181610/tools/bin/../lib/gcc/arm-none-eabi/7.3.1/../../../../arm-none-eabi/lib/thumb/v7-m/crt0.o
 .ARM.exidx     0x0000000000000000        0x8 e:/iti-alex/cube ide setup/stm32cubeide_1.3.0/stm32cubeide/plugins/com.st.stm32cube.ide.mcu.externaltools.gnu-tools-for-stm32.7-2018-q2-update.win32_1.0.0.201904181610/tools/bin/../lib/gcc/arm-none-eabi/7.3.1/../../../../arm-none-eabi/lib/thumb/v7-m/crt0.o
 .ARM.attributes
                0x0000000000000000       0x1b e:/iti-alex/cube ide setup/stm32cubeide_1.3.0/stm32cubeide/plugins/com.st.stm32cube.ide.mcu.externaltools.gnu-tools-for-stm32.7-2018-q2-update.win32_1.0.0.201904181610/tools/bin/../lib/gcc/arm-none-eabi/7.3.1/../../../../arm-none-eabi/lib/thumb/v7-m/crt0.o
 .group         0x0000000000000000        0xc Src/MCAL/CAN_program.o
 .group         0x0000000000000000        0xc Src/MCAL/CAN_program.o
 .group         0x0000000000000000        0xc Src/MCAL/CAN_program.o
 .group         0x0000000000000000        0xc Src/MCAL/CAN_program.o
 .group         0x0000000000000000        0xc Src/MCAL/CAN_program.o
 .text          0x0000000000000000        0x0 Src/MCAL/CAN_program.o
 .data          0x0000000000000000        0x0 Src/MCAL/CAN_program.o
 .bss           0x0000000000000000        0x0 Src/MCAL/CAN_program.o
 .text.CAN_u8ReadErrorFlag
                0x0000000000000000       0x2c Src/MCAL/CAN_program.o
 .text.CAN_u8GetErrorCode
                0x0000000000000000       0x24 Src/MCAL/CAN_program.o
 .text.CAN_u8GetReceiveErrorCounter
                0x0000000000000000       0x20 Src/MCAL/CAN_program.o
 .text.CAN_u8GetTransmitErrorCounter
                0x0000000000000000       0x20 Src/MCAL/CAN_program.o
 .text.CAN_TransmitMailBox
                0x0000000000000000       0xec Src/MCAL/CAN_program.o
 .text.CAN_voidReceiveMailBox
                0x0000000000000000      0x120 Src/MCAL/CAN_program.o
 .group         0x0000000000000000        0xc Src/MCAL/ESP8266_PROG.o
 .group         0x0000000000000000        0xc Src/MCAL/ESP8266_PROG.o
 .group         0x0000000000000000        0xc Src/MCAL/ESP8266_PROG.o
 .group         0x0000000000000000        0xc Src/MCAL/ESP8266_PROG.o
 .group         0x0000000000000000        0xc Src/MCAL/ESP8266_PROG.o
 .group         0x0000000000000000        0xc Src/MCAL/ESP8266_PROG.o
 .group         0x0000000000000000        0xc Src/MCAL/ESP8266_PROG.o
 .group         0x0000000000000000        0xc Src/MCAL/ESP8266_PROG.o
 .group         0x0000000000000000        0xc Src/MCAL/ESP8266_PROG.o
 .group         0x0000000000000000        0xc Src/MCAL/ESP8266_PROG.o
 .group         0x0000000000000000        0xc Src/MCAL/ESP8266_PROG.o
 .group         0x0000000000000000        0xc Src/MCAL/ESP8266_PROG.o
 .group         0x0000000000000000        0xc Src/MCAL/ESP8266_PROG.o
 .group         0x0000000000000000        0xc Src/MCAL/ESP8266_PROG.o
 .group         0x0000000000000000        0xc Src/MCAL/ESP8266_PROG.o
 .group         0x0000000000000000        0xc Src/MCAL/ESP8266_PROG.o
 .group         0x0000000000000000        0xc Src/MCAL/ESP8266_PROG.o
 .group         0x0000000000000000        0xc Src/MCAL/ESP8266_PROG.o
 .group         0x0000000000000000        0xc Src/MCAL/ESP8266_PROG.o
 .group         0x0000000000000000        0xc Src/MCAL/ESP8266_PROG.o
 .group         0x0000000000000000        0xc Src/MCAL/ESP8266_PROG.o
 .group         0x0000000000000000        0xc Src/MCAL/ESP8266_PROG.o
 .group         0x0000000000000000        0xc Src/MCAL/ESP8266_PROG.o
 .group         0x0000000000000000        0xc Src/MCAL/ESP8266_PROG.o
 .group         0x0000000000000000        0xc Src/MCAL/ESP8266_PROG.o
 .group         0x0000000000000000        0xc Src/MCAL/ESP8266_PROG.o
 .group         0x0000000000000000        0xc Src/MCAL/ESP8266_PROG.o
 .group         0x0000000000000000        0xc Src/MCAL/ESP8266_PROG.o
 .group         0x0000000000000000        0xc Src/MCAL/ESP8266_PROG.o
 .group         0x0000000000000000        0xc Src/MCAL/ESP8266_PROG.o
 .group         0x0000000000000000        0xc Src/MCAL/ESP8266_PROG.o
 .group         0x0000000000000000        0xc Src/MCAL/ESP8266_PROG.o
 .group         0x0000000000000000        0xc Src/MCAL/ESP8266_PROG.o
 .group         0x0000000000000000        0xc Src/MCAL/ESP8266_PROG.o
 .text          0x0000000000000000        0x0 Src/MCAL/ESP8266_PROG.o
 .data          0x0000000000000000        0x0 Src/MCAL/ESP8266_PROG.o
 .bss           0x0000000000000000        0x0 Src/MCAL/ESP8266_PROG.o
 .text.ESP8266_VidSendHttpReq
                0x0000000000000000       0x6c Src/MCAL/ESP8266_PROG.o
 .text.ESP8266_u8ReceiveHttpReq
                0x0000000000000000       0x68 Src/MCAL/ESP8266_PROG.o
 .debug_macro   0x0000000000000000      0xa60 Src/MCAL/ESP8266_PROG.o
 .group         0x0000000000000000        0xc Src/MCAL/GPIO_program.o
 .group         0x0000000000000000        0xc Src/MCAL/GPIO_program.o
 .group         0x0000000000000000        0xc Src/MCAL/GPIO_program.o
 .group         0x0000000000000000        0xc Src/MCAL/GPIO_program.o
 .group         0x0000000000000000        0xc Src/MCAL/GPIO_program.o
 .group         0x0000000000000000        0xc Src/MCAL/GPIO_program.o
 .group         0x0000000000000000        0xc Src/MCAL/GPIO_program.o
 .group         0x0000000000000000        0xc Src/MCAL/GPIO_program.o
 .group         0x0000000000000000        0xc Src/MCAL/GPIO_program.o
 .group         0x0000000000000000        0xc Src/MCAL/GPIO_program.o
 .group         0x0000000000000000        0xc Src/MCAL/GPIO_program.o
 .group         0x0000000000000000        0xc Src/MCAL/GPIO_program.o
 .group         0x0000000000000000        0xc Src/MCAL/GPIO_program.o
 .group         0x0000000000000000        0xc Src/MCAL/GPIO_program.o
 .group         0x0000000000000000        0xc Src/MCAL/GPIO_program.o
 .group         0x0000000000000000        0xc Src/MCAL/GPIO_program.o
 .group         0x0000000000000000        0xc Src/MCAL/GPIO_program.o
 .group         0x0000000000000000        0xc Src/MCAL/GPIO_program.o
 .group         0x0000000000000000        0xc Src/MCAL/GPIO_program.o
 .group         0x0000000000000000        0xc Src/MCAL/GPIO_program.o
 .group         0x0000000000000000        0xc Src/MCAL/GPIO_program.o
 .group         0x0000000000000000        0xc Src/MCAL/GPIO_program.o
 .group         0x0000000000000000        0xc Src/MCAL/GPIO_program.o
 .group         0x0000000000000000        0xc Src/MCAL/GPIO_program.o
 .group         0x0000000000000000        0xc Src/MCAL/GPIO_program.o
 .group         0x0000000000000000        0xc Src/MCAL/GPIO_program.o
 .group         0x0000000000000000        0xc Src/MCAL/GPIO_program.o
 .group         0x0000000000000000        0xc Src/MCAL/GPIO_program.o
 .group         0x0000000000000000        0xc Src/MCAL/GPIO_program.o
 .group         0x0000000000000000        0xc Src/MCAL/GPIO_program.o
 .group         0x0000000000000000        0xc Src/MCAL/GPIO_program.o
 .group         0x0000000000000000        0xc Src/MCAL/GPIO_program.o
 .group         0x0000000000000000        0xc Src/MCAL/GPIO_program.o
 .group         0x0000000000000000        0xc Src/MCAL/GPIO_program.o
 .text          0x0000000000000000        0x0 Src/MCAL/GPIO_program.o
 .data          0x0000000000000000        0x0 Src/MCAL/GPIO_program.o
 .bss           0x0000000000000000        0x0 Src/MCAL/GPIO_program.o
 .text.MGPIO_voidSetPinValue
                0x0000000000000000       0xa0 Src/MCAL/GPIO_program.o
 .text.MGPIO_u8GetPinValue
                0x0000000000000000       0x90 Src/MCAL/GPIO_program.o
 .text.MGPIO_u8LockPortConfigs
                0x0000000000000000       0xd8 Src/MCAL/GPIO_program.o
 .text.MGPIO_voidSetPinAlternativeFunction
                0x0000000000000000       0x78 Src/MCAL/GPIO_program.o
 .debug_macro   0x0000000000000000      0xa60 Src/MCAL/GPIO_program.o
 .debug_macro   0x0000000000000000       0x22 Src/MCAL/GPIO_program.o
 .debug_macro   0x0000000000000000       0x40 Src/MCAL/GPIO_program.o
 .debug_macro   0x0000000000000000       0x18 Src/MCAL/GPIO_program.o
 .debug_macro   0x0000000000000000       0x94 Src/MCAL/GPIO_program.o
 .debug_macro   0x0000000000000000       0x3c Src/MCAL/GPIO_program.o
 .debug_macro   0x0000000000000000       0x34 Src/MCAL/GPIO_program.o
 .debug_macro   0x0000000000000000       0x16 Src/MCAL/GPIO_program.o
 .debug_macro   0x0000000000000000       0x57 Src/MCAL/GPIO_program.o
 .debug_macro   0x0000000000000000       0x97 Src/MCAL/GPIO_program.o
 .debug_macro   0x0000000000000000      0x330 Src/MCAL/GPIO_program.o
 .debug_macro   0x0000000000000000       0xfd Src/MCAL/GPIO_program.o
 .debug_macro   0x0000000000000000       0x10 Src/MCAL/GPIO_program.o
 .debug_macro   0x0000000000000000       0x52 Src/MCAL/GPIO_program.o
 .debug_macro   0x0000000000000000       0x1f Src/MCAL/GPIO_program.o
 .debug_macro   0x0000000000000000       0x43 Src/MCAL/GPIO_program.o
 .debug_macro   0x0000000000000000       0x20 Src/MCAL/GPIO_program.o
 .debug_macro   0x0000000000000000      0x1a3 Src/MCAL/GPIO_program.o
 .debug_macro   0x0000000000000000       0x10 Src/MCAL/GPIO_program.o
 .debug_macro   0x0000000000000000       0x6a Src/MCAL/GPIO_program.o
 .debug_macro   0x0000000000000000       0x1c Src/MCAL/GPIO_program.o
 .debug_macro   0x0000000000000000       0x52 Src/MCAL/GPIO_program.o
 .debug_macro   0x0000000000000000       0x40 Src/MCAL/GPIO_program.o
 .debug_macro   0x0000000000000000       0x10 Src/MCAL/GPIO_program.o
 .debug_macro   0x0000000000000000       0x40 Src/MCAL/GPIO_program.o
 .debug_macro   0x0000000000000000       0xd7 Src/MCAL/GPIO_program.o
 .debug_macro   0x0000000000000000       0x1c Src/MCAL/GPIO_program.o
 .debug_macro   0x0000000000000000       0x3d Src/MCAL/GPIO_program.o
 .debug_macro   0x0000000000000000       0x16 Src/MCAL/GPIO_program.o
 .debug_macro   0x0000000000000000      0x145 Src/MCAL/GPIO_program.o
 .debug_macro   0x0000000000000000       0x10 Src/MCAL/GPIO_program.o
 .debug_macro   0x0000000000000000       0x2e Src/MCAL/GPIO_program.o
 .group         0x0000000000000000        0xc Src/MCAL/NVIC_program.o
 .group         0x0000000000000000        0xc Src/MCAL/NVIC_program.o
 .group         0x0000000000000000        0xc Src/MCAL/NVIC_program.o
 .group         0x0000000000000000        0xc Src/MCAL/NVIC_program.o
 .group         0x0000000000000000        0xc Src/MCAL/NVIC_program.o
 .group         0x0000000000000000        0xc Src/MCAL/NVIC_program.o
 .group         0x0000000000000000        0xc Src/MCAL/NVIC_program.o
 .group         0x0000000000000000        0xc Src/MCAL/NVIC_program.o
 .group         0x0000000000000000        0xc Src/MCAL/NVIC_program.o
 .group         0x0000000000000000        0xc Src/MCAL/NVIC_program.o
 .group         0x0000000000000000        0xc Src/MCAL/NVIC_program.o
 .group         0x0000000000000000        0xc Src/MCAL/NVIC_program.o
 .group         0x0000000000000000        0xc Src/MCAL/NVIC_program.o
 .group         0x0000000000000000        0xc Src/MCAL/NVIC_program.o
 .group         0x0000000000000000        0xc Src/MCAL/NVIC_program.o
 .group         0x0000000000000000        0xc Src/MCAL/NVIC_program.o
 .group         0x0000000000000000        0xc Src/MCAL/NVIC_program.o
 .group         0x0000000000000000        0xc Src/MCAL/NVIC_program.o
 .group         0x0000000000000000        0xc Src/MCAL/NVIC_program.o
 .group         0x0000000000000000        0xc Src/MCAL/NVIC_program.o
 .group         0x0000000000000000        0xc Src/MCAL/NVIC_program.o
 .group         0x0000000000000000        0xc Src/MCAL/NVIC_program.o
 .group         0x0000000000000000        0xc Src/MCAL/NVIC_program.o
 .group         0x0000000000000000        0xc Src/MCAL/NVIC_program.o
 .group         0x0000000000000000        0xc Src/MCAL/NVIC_program.o
 .group         0x0000000000000000        0xc Src/MCAL/NVIC_program.o
 .group         0x0000000000000000        0xc Src/MCAL/NVIC_program.o
 .group         0x0000000000000000        0xc Src/MCAL/NVIC_program.o
 .group         0x0000000000000000        0xc Src/MCAL/NVIC_program.o
 .group         0x0000000000000000        0xc Src/MCAL/NVIC_program.o
 .group         0x0000000000000000        0xc Src/MCAL/NVIC_program.o
 .group         0x0000000000000000        0xc Src/MCAL/NVIC_program.o
 .group         0x0000000000000000        0xc Src/MCAL/NVIC_program.o
 .group         0x0000000000000000        0xc Src/MCAL/NVIC_program.o
 .group         0x0000000000000000        0xc Src/MCAL/NVIC_program.o
 .text          0x0000000000000000        0x0 Src/MCAL/NVIC_program.o
 .data          0x0000000000000000        0x0 Src/MCAL/NVIC_program.o
 .bss           0x0000000000000000        0x0 Src/MCAL/NVIC_program.o
 .text.MNVIC_voidDisablePeripheral
                0x0000000000000000       0x40 Src/MCAL/NVIC_program.o
 .text.MNVIC_voidSetPending
                0x0000000000000000       0x40 Src/MCAL/NVIC_program.o
 .text.MNVIC_voidClearPending
                0x0000000000000000       0x40 Src/MCAL/NVIC_program.o
 .text.MNVIC_u8CheckActive
                0x0000000000000000       0x3c Src/MCAL/NVIC_program.o
 .debug_macro   0x0000000000000000      0xa60 Src/MCAL/NVIC_program.o
 .debug_macro   0x0000000000000000       0x22 Src/MCAL/NVIC_program.o
 .debug_macro   0x0000000000000000       0x40 Src/MCAL/NVIC_program.o
 .debug_macro   0x0000000000000000       0x18 Src/MCAL/NVIC_program.o
 .debug_macro   0x0000000000000000       0x94 Src/MCAL/NVIC_program.o
 .debug_macro   0x0000000000000000       0x3c Src/MCAL/NVIC_program.o
 .debug_macro   0x0000000000000000       0x34 Src/MCAL/NVIC_program.o
 .debug_macro   0x0000000000000000       0x16 Src/MCAL/NVIC_program.o
 .debug_macro   0x0000000000000000       0x57 Src/MCAL/NVIC_program.o
 .debug_macro   0x0000000000000000       0x97 Src/MCAL/NVIC_program.o
 .debug_macro   0x0000000000000000      0x330 Src/MCAL/NVIC_program.o
 .debug_macro   0x0000000000000000       0xfd Src/MCAL/NVIC_program.o
 .debug_macro   0x0000000000000000       0x10 Src/MCAL/NVIC_program.o
 .debug_macro   0x0000000000000000       0x52 Src/MCAL/NVIC_program.o
 .debug_macro   0x0000000000000000       0x1f Src/MCAL/NVIC_program.o
 .debug_macro   0x0000000000000000       0x43 Src/MCAL/NVIC_program.o
 .debug_macro   0x0000000000000000       0x20 Src/MCAL/NVIC_program.o
 .debug_macro   0x0000000000000000      0x1a3 Src/MCAL/NVIC_program.o
 .debug_macro   0x0000000000000000       0x10 Src/MCAL/NVIC_program.o
 .debug_macro   0x0000000000000000       0x6a Src/MCAL/NVIC_program.o
 .debug_macro   0x0000000000000000       0x1c Src/MCAL/NVIC_program.o
 .debug_macro   0x0000000000000000       0x52 Src/MCAL/NVIC_program.o
 .debug_macro   0x0000000000000000       0x40 Src/MCAL/NVIC_program.o
 .debug_macro   0x0000000000000000       0x10 Src/MCAL/NVIC_program.o
 .debug_macro   0x0000000000000000       0x40 Src/MCAL/NVIC_program.o
 .debug_macro   0x0000000000000000       0xd7 Src/MCAL/NVIC_program.o
 .debug_macro   0x0000000000000000       0x1c Src/MCAL/NVIC_program.o
 .debug_macro   0x0000000000000000       0x3d Src/MCAL/NVIC_program.o
 .debug_macro   0x0000000000000000       0x16 Src/MCAL/NVIC_program.o
 .debug_macro   0x0000000000000000      0x145 Src/MCAL/NVIC_program.o
 .debug_macro   0x0000000000000000       0x10 Src/MCAL/NVIC_program.o
 .debug_macro   0x0000000000000000       0x2e Src/MCAL/NVIC_program.o
 .group         0x0000000000000000        0xc Src/MCAL/RCC_program.o
 .group         0x0000000000000000        0xc Src/MCAL/RCC_program.o
 .group         0x0000000000000000        0xc Src/MCAL/RCC_program.o
 .group         0x0000000000000000        0xc Src/MCAL/RCC_program.o
 .group         0x0000000000000000        0xc Src/MCAL/RCC_program.o
 .group         0x0000000000000000        0xc Src/MCAL/RCC_program.o
 .group         0x0000000000000000        0xc Src/MCAL/RCC_program.o
 .group         0x0000000000000000        0xc Src/MCAL/RCC_program.o
 .group         0x0000000000000000        0xc Src/MCAL/RCC_program.o
 .group         0x0000000000000000        0xc Src/MCAL/RCC_program.o
 .group         0x0000000000000000        0xc Src/MCAL/RCC_program.o
 .group         0x0000000000000000        0xc Src/MCAL/RCC_program.o
 .group         0x0000000000000000        0xc Src/MCAL/RCC_program.o
 .group         0x0000000000000000        0xc Src/MCAL/RCC_program.o
 .group         0x0000000000000000        0xc Src/MCAL/RCC_program.o
 .group         0x0000000000000000        0xc Src/MCAL/RCC_program.o
 .group         0x0000000000000000        0xc Src/MCAL/RCC_program.o
 .group         0x0000000000000000        0xc Src/MCAL/RCC_program.o
 .group         0x0000000000000000        0xc Src/MCAL/RCC_program.o
 .group         0x0000000000000000        0xc Src/MCAL/RCC_program.o
 .group         0x0000000000000000        0xc Src/MCAL/RCC_program.o
 .group         0x0000000000000000        0xc Src/MCAL/RCC_program.o
 .group         0x0000000000000000        0xc Src/MCAL/RCC_program.o
 .group         0x0000000000000000        0xc Src/MCAL/RCC_program.o
 .group         0x0000000000000000        0xc Src/MCAL/RCC_program.o
 .group         0x0000000000000000        0xc Src/MCAL/RCC_program.o
 .group         0x0000000000000000        0xc Src/MCAL/RCC_program.o
 .group         0x0000000000000000        0xc Src/MCAL/RCC_program.o
 .group         0x0000000000000000        0xc Src/MCAL/RCC_program.o
 .group         0x0000000000000000        0xc Src/MCAL/RCC_program.o
 .group         0x0000000000000000        0xc Src/MCAL/RCC_program.o
 .group         0x0000000000000000        0xc Src/MCAL/RCC_program.o
 .group         0x0000000000000000        0xc Src/MCAL/RCC_program.o
 .group         0x0000000000000000        0xc Src/MCAL/RCC_program.o
 .group         0x0000000000000000        0xc Src/MCAL/RCC_program.o
 .text          0x0000000000000000        0x0 Src/MCAL/RCC_program.o
 .data          0x0000000000000000        0x0 Src/MCAL/RCC_program.o
 .bss           0x0000000000000000        0x0 Src/MCAL/RCC_program.o
 .text.MRCC_SetPLLConfiguration
                0x0000000000000000       0xac Src/MCAL/RCC_program.o
 .debug_macro   0x0000000000000000      0xa60 Src/MCAL/RCC_program.o
 .debug_macro   0x0000000000000000       0x22 Src/MCAL/RCC_program.o
 .debug_macro   0x0000000000000000       0x40 Src/MCAL/RCC_program.o
 .debug_macro   0x0000000000000000       0x18 Src/MCAL/RCC_program.o
 .debug_macro   0x0000000000000000       0x94 Src/MCAL/RCC_program.o
 .debug_macro   0x0000000000000000       0x3c Src/MCAL/RCC_program.o
 .debug_macro   0x0000000000000000       0x34 Src/MCAL/RCC_program.o
 .debug_macro   0x0000000000000000       0x16 Src/MCAL/RCC_program.o
 .debug_macro   0x0000000000000000       0x57 Src/MCAL/RCC_program.o
 .debug_macro   0x0000000000000000       0x97 Src/MCAL/RCC_program.o
 .debug_macro   0x0000000000000000      0x330 Src/MCAL/RCC_program.o
 .debug_macro   0x0000000000000000       0xfd Src/MCAL/RCC_program.o
 .debug_macro   0x0000000000000000       0x10 Src/MCAL/RCC_program.o
 .debug_macro   0x0000000000000000       0x52 Src/MCAL/RCC_program.o
 .debug_macro   0x0000000000000000       0x1f Src/MCAL/RCC_program.o
 .debug_macro   0x0000000000000000       0x43 Src/MCAL/RCC_program.o
 .debug_macro   0x0000000000000000       0x20 Src/MCAL/RCC_program.o
 .debug_macro   0x0000000000000000      0x1a3 Src/MCAL/RCC_program.o
 .debug_macro   0x0000000000000000       0x10 Src/MCAL/RCC_program.o
 .debug_macro   0x0000000000000000       0x6a Src/MCAL/RCC_program.o
 .debug_macro   0x0000000000000000       0x1c Src/MCAL/RCC_program.o
 .debug_macro   0x0000000000000000       0x52 Src/MCAL/RCC_program.o
 .debug_macro   0x0000000000000000       0x40 Src/MCAL/RCC_program.o
 .debug_macro   0x0000000000000000       0x10 Src/MCAL/RCC_program.o
 .debug_macro   0x0000000000000000       0x40 Src/MCAL/RCC_program.o
 .debug_macro   0x0000000000000000       0xd7 Src/MCAL/RCC_program.o
 .debug_macro   0x0000000000000000       0x1c Src/MCAL/RCC_program.o
 .debug_macro   0x0000000000000000       0x3d Src/MCAL/RCC_program.o
 .debug_macro   0x0000000000000000       0x16 Src/MCAL/RCC_program.o
 .debug_macro   0x0000000000000000      0x145 Src/MCAL/RCC_program.o
 .debug_macro   0x0000000000000000       0x10 Src/MCAL/RCC_program.o
 .debug_macro   0x0000000000000000       0x2e Src/MCAL/RCC_program.o
 .group         0x0000000000000000        0xc Src/MCAL/SCB_program.o
 .group         0x0000000000000000        0xc Src/MCAL/SCB_program.o
 .group         0x0000000000000000        0xc Src/MCAL/SCB_program.o
 .group         0x0000000000000000        0xc Src/MCAL/SCB_program.o
 .group         0x0000000000000000        0xc Src/MCAL/SCB_program.o
 .group         0x0000000000000000        0xc Src/MCAL/SCB_program.o
 .group         0x0000000000000000        0xc Src/MCAL/SCB_program.o
 .group         0x0000000000000000        0xc Src/MCAL/SCB_program.o
 .group         0x0000000000000000        0xc Src/MCAL/SCB_program.o
 .group         0x0000000000000000        0xc Src/MCAL/SCB_program.o
 .group         0x0000000000000000        0xc Src/MCAL/SCB_program.o
 .group         0x0000000000000000        0xc Src/MCAL/SCB_program.o
 .group         0x0000000000000000        0xc Src/MCAL/SCB_program.o
 .group         0x0000000000000000        0xc Src/MCAL/SCB_program.o
 .group         0x0000000000000000        0xc Src/MCAL/SCB_program.o
 .group         0x0000000000000000        0xc Src/MCAL/SCB_program.o
 .group         0x0000000000000000        0xc Src/MCAL/SCB_program.o
 .group         0x0000000000000000        0xc Src/MCAL/SCB_program.o
 .group         0x0000000000000000        0xc Src/MCAL/SCB_program.o
 .group         0x0000000000000000        0xc Src/MCAL/SCB_program.o
 .group         0x0000000000000000        0xc Src/MCAL/SCB_program.o
 .group         0x0000000000000000        0xc Src/MCAL/SCB_program.o
 .group         0x0000000000000000        0xc Src/MCAL/SCB_program.o
 .group         0x0000000000000000        0xc Src/MCAL/SCB_program.o
 .group         0x0000000000000000        0xc Src/MCAL/SCB_program.o
 .group         0x0000000000000000        0xc Src/MCAL/SCB_program.o
 .group         0x0000000000000000        0xc Src/MCAL/SCB_program.o
 .group         0x0000000000000000        0xc Src/MCAL/SCB_program.o
 .group         0x0000000000000000        0xc Src/MCAL/SCB_program.o
 .group         0x0000000000000000        0xc Src/MCAL/SCB_program.o
 .group         0x0000000000000000        0xc Src/MCAL/SCB_program.o
 .group         0x0000000000000000        0xc Src/MCAL/SCB_program.o
 .group         0x0000000000000000        0xc Src/MCAL/SCB_program.o
 .group         0x0000000000000000        0xc Src/MCAL/SCB_program.o
 .group         0x0000000000000000        0xc Src/MCAL/SCB_program.o
 .text          0x0000000000000000        0x0 Src/MCAL/SCB_program.o
 .data          0x0000000000000000        0x0 Src/MCAL/SCB_program.o
 .bss           0x0000000000000000        0x0 Src/MCAL/SCB_program.o
 .debug_macro   0x0000000000000000      0xa60 Src/MCAL/SCB_program.o
 .debug_macro   0x0000000000000000       0x22 Src/MCAL/SCB_program.o
 .debug_macro   0x0000000000000000       0x40 Src/MCAL/SCB_program.o
 .debug_macro   0x0000000000000000       0x18 Src/MCAL/SCB_program.o
 .debug_macro   0x0000000000000000       0x94 Src/MCAL/SCB_program.o
 .debug_macro   0x0000000000000000       0x3c Src/MCAL/SCB_program.o
 .debug_macro   0x0000000000000000       0x34 Src/MCAL/SCB_program.o
 .debug_macro   0x0000000000000000       0x16 Src/MCAL/SCB_program.o
 .debug_macro   0x0000000000000000       0x57 Src/MCAL/SCB_program.o
 .debug_macro   0x0000000000000000       0x97 Src/MCAL/SCB_program.o
 .debug_macro   0x0000000000000000      0x330 Src/MCAL/SCB_program.o
 .debug_macro   0x0000000000000000       0xfd Src/MCAL/SCB_program.o
 .debug_macro   0x0000000000000000       0x10 Src/MCAL/SCB_program.o
 .debug_macro   0x0000000000000000       0x52 Src/MCAL/SCB_program.o
 .debug_macro   0x0000000000000000       0x1f Src/MCAL/SCB_program.o
 .debug_macro   0x0000000000000000       0x43 Src/MCAL/SCB_program.o
 .debug_macro   0x0000000000000000       0x20 Src/MCAL/SCB_program.o
 .debug_macro   0x0000000000000000      0x1a3 Src/MCAL/SCB_program.o
 .debug_macro   0x0000000000000000       0x10 Src/MCAL/SCB_program.o
 .debug_macro   0x0000000000000000       0x6a Src/MCAL/SCB_program.o
 .debug_macro   0x0000000000000000       0x1c Src/MCAL/SCB_program.o
 .debug_macro   0x0000000000000000       0x52 Src/MCAL/SCB_program.o
 .debug_macro   0x0000000000000000       0x40 Src/MCAL/SCB_program.o
 .debug_macro   0x0000000000000000       0x10 Src/MCAL/SCB_program.o
 .debug_macro   0x0000000000000000       0x40 Src/MCAL/SCB_program.o
 .debug_macro   0x0000000000000000       0xd7 Src/MCAL/SCB_program.o
 .debug_macro   0x0000000000000000       0x1c Src/MCAL/SCB_program.o
 .debug_macro   0x0000000000000000       0x3d Src/MCAL/SCB_program.o
 .debug_macro   0x0000000000000000       0x16 Src/MCAL/SCB_program.o
 .debug_macro   0x0000000000000000      0x145 Src/MCAL/SCB_program.o
 .debug_macro   0x0000000000000000       0x10 Src/MCAL/SCB_program.o
 .debug_macro   0x0000000000000000       0x2e Src/MCAL/SCB_program.o
 .debug_macro   0x0000000000000000       0x52 Src/MCAL/SCB_program.o
 .group         0x0000000000000000        0xc Src/MCAL/SYSTICK_program.o
 .group         0x0000000000000000        0xc Src/MCAL/SYSTICK_program.o
 .group         0x0000000000000000        0xc Src/MCAL/SYSTICK_program.o
 .group         0x0000000000000000        0xc Src/MCAL/SYSTICK_program.o
 .group         0x0000000000000000        0xc Src/MCAL/SYSTICK_program.o
 .group         0x0000000000000000        0xc Src/MCAL/SYSTICK_program.o
 .group         0x0000000000000000        0xc Src/MCAL/SYSTICK_program.o
 .group         0x0000000000000000        0xc Src/MCAL/SYSTICK_program.o
 .group         0x0000000000000000        0xc Src/MCAL/SYSTICK_program.o
 .group         0x0000000000000000        0xc Src/MCAL/SYSTICK_program.o
 .group         0x0000000000000000        0xc Src/MCAL/SYSTICK_program.o
 .group         0x0000000000000000        0xc Src/MCAL/SYSTICK_program.o
 .group         0x0000000000000000        0xc Src/MCAL/SYSTICK_program.o
 .group         0x0000000000000000        0xc Src/MCAL/SYSTICK_program.o
 .group         0x0000000000000000        0xc Src/MCAL/SYSTICK_program.o
 .group         0x0000000000000000        0xc Src/MCAL/SYSTICK_program.o
 .group         0x0000000000000000        0xc Src/MCAL/SYSTICK_program.o
 .group         0x0000000000000000        0xc Src/MCAL/SYSTICK_program.o
 .group         0x0000000000000000        0xc Src/MCAL/SYSTICK_program.o
 .group         0x0000000000000000        0xc Src/MCAL/SYSTICK_program.o
 .group         0x0000000000000000        0xc Src/MCAL/SYSTICK_program.o
 .group         0x0000000000000000        0xc Src/MCAL/SYSTICK_program.o
 .group         0x0000000000000000        0xc Src/MCAL/SYSTICK_program.o
 .group         0x0000000000000000        0xc Src/MCAL/SYSTICK_program.o
 .group         0x0000000000000000        0xc Src/MCAL/SYSTICK_program.o
 .group         0x0000000000000000        0xc Src/MCAL/SYSTICK_program.o
 .group         0x0000000000000000        0xc Src/MCAL/SYSTICK_program.o
 .group         0x0000000000000000        0xc Src/MCAL/SYSTICK_program.o
 .group         0x0000000000000000        0xc Src/MCAL/SYSTICK_program.o
 .group         0x0000000000000000        0xc Src/MCAL/SYSTICK_program.o
 .group         0x0000000000000000        0xc Src/MCAL/SYSTICK_program.o
 .group         0x0000000000000000        0xc Src/MCAL/SYSTICK_program.o
 .group         0x0000000000000000        0xc Src/MCAL/SYSTICK_program.o
 .group         0x0000000000000000        0xc Src/MCAL/SYSTICK_program.o
 .group         0x0000000000000000        0xc Src/MCAL/SYSTICK_program.o
 .group         0x0000000000000000        0xc Src/MCAL/SYSTICK_program.o
 .text          0x0000000000000000        0x0 Src/MCAL/SYSTICK_program.o
 .data          0x0000000000000000        0x0 Src/MCAL/SYSTICK_program.o
 .bss           0x0000000000000000        0x0 Src/MCAL/SYSTICK_program.o
 .text.MSYSTICK_voidLoadTimer
                0x0000000000000000       0x38 Src/MCAL/SYSTICK_program.o
 .text.MSYSTICK_voidEnableTimer
                0x0000000000000000       0x1c Src/MCAL/SYSTICK_program.o
 .text.MSYSTICK_voidDisableTimer
                0x0000000000000000       0x1c Src/MCAL/SYSTICK_program.o
 .text.MSYSTICK_voidSetBusyWait
                0x0000000000000000       0x50 Src/MCAL/SYSTICK_program.o
 .text.MSYSTICK_voidIntervalSingle
                0x0000000000000000       0x38 Src/MCAL/SYSTICK_program.o
 .text.MSYSTICK_voidIntervalPeriodic
                0x0000000000000000       0x38 Src/MCAL/SYSTICK_program.o
 .text.MSYSTICK_u32GetElapsedTime
                0x0000000000000000       0x24 Src/MCAL/SYSTICK_program.o
 .text.MSYSTICK_u32GetRemainingTime
                0x0000000000000000       0x1c Src/MCAL/SYSTICK_program.o
 .text.MSySTICK_voidStopIntervalPeriodic
                0x0000000000000000       0x38 Src/MCAL/SYSTICK_program.o
 .text.MSYSTICK_voidSetCallBack
                0x0000000000000000       0x40 Src/MCAL/SYSTICK_program.o
 .debug_macro   0x0000000000000000      0xa60 Src/MCAL/SYSTICK_program.o
 .debug_macro   0x0000000000000000       0x22 Src/MCAL/SYSTICK_program.o
 .debug_macro   0x0000000000000000       0x40 Src/MCAL/SYSTICK_program.o
 .debug_macro   0x0000000000000000       0x18 Src/MCAL/SYSTICK_program.o
 .debug_macro   0x0000000000000000       0x94 Src/MCAL/SYSTICK_program.o
 .debug_macro   0x0000000000000000       0x3c Src/MCAL/SYSTICK_program.o
 .debug_macro   0x0000000000000000       0x34 Src/MCAL/SYSTICK_program.o
 .debug_macro   0x0000000000000000       0x16 Src/MCAL/SYSTICK_program.o
 .debug_macro   0x0000000000000000       0x57 Src/MCAL/SYSTICK_program.o
 .debug_macro   0x0000000000000000       0x97 Src/MCAL/SYSTICK_program.o
 .debug_macro   0x0000000000000000      0x330 Src/MCAL/SYSTICK_program.o
 .debug_macro   0x0000000000000000       0xfd Src/MCAL/SYSTICK_program.o
 .debug_macro   0x0000000000000000       0x10 Src/MCAL/SYSTICK_program.o
 .debug_macro   0x0000000000000000       0x52 Src/MCAL/SYSTICK_program.o
 .debug_macro   0x0000000000000000       0x1f Src/MCAL/SYSTICK_program.o
 .debug_macro   0x0000000000000000       0x43 Src/MCAL/SYSTICK_program.o
 .debug_macro   0x0000000000000000       0x20 Src/MCAL/SYSTICK_program.o
 .debug_macro   0x0000000000000000      0x1a3 Src/MCAL/SYSTICK_program.o
 .debug_macro   0x0000000000000000       0x10 Src/MCAL/SYSTICK_program.o
 .debug_macro   0x0000000000000000       0x6a Src/MCAL/SYSTICK_program.o
 .debug_macro   0x0000000000000000       0x1c Src/MCAL/SYSTICK_program.o
 .debug_macro   0x0000000000000000       0x52 Src/MCAL/SYSTICK_program.o
 .debug_macro   0x0000000000000000       0x40 Src/MCAL/SYSTICK_program.o
 .debug_macro   0x0000000000000000       0x10 Src/MCAL/SYSTICK_program.o
 .debug_macro   0x0000000000000000       0x40 Src/MCAL/SYSTICK_program.o
 .debug_macro   0x0000000000000000       0xd7 Src/MCAL/SYSTICK_program.o
 .debug_macro   0x0000000000000000       0x1c Src/MCAL/SYSTICK_program.o
 .debug_macro   0x0000000000000000       0x3d Src/MCAL/SYSTICK_program.o
 .debug_macro   0x0000000000000000       0x16 Src/MCAL/SYSTICK_program.o
 .debug_macro   0x0000000000000000      0x145 Src/MCAL/SYSTICK_program.o
 .debug_macro   0x0000000000000000       0x10 Src/MCAL/SYSTICK_program.o
 .debug_macro   0x0000000000000000       0x2e Src/MCAL/SYSTICK_program.o
 .debug_macro   0x0000000000000000       0x16 Src/MCAL/SYSTICK_program.o
 .debug_macro   0x0000000000000000      0x12a Src/MCAL/SYSTICK_program.o
 .group         0x0000000000000000        0xc Src/MCAL/USART_PROG.o
 .group         0x0000000000000000        0xc Src/MCAL/USART_PROG.o
 .group         0x0000000000000000        0xc Src/MCAL/USART_PROG.o
 .group         0x0000000000000000        0xc Src/MCAL/USART_PROG.o
 .group         0x0000000000000000        0xc Src/MCAL/USART_PROG.o
 .group         0x0000000000000000        0xc Src/MCAL/USART_PROG.o
 .group         0x0000000000000000        0xc Src/MCAL/USART_PROG.o
 .group         0x0000000000000000        0xc Src/MCAL/USART_PROG.o
 .group         0x0000000000000000        0xc Src/MCAL/USART_PROG.o
 .group         0x0000000000000000        0xc Src/MCAL/USART_PROG.o
 .group         0x0000000000000000        0xc Src/MCAL/USART_PROG.o
 .group         0x0000000000000000        0xc Src/MCAL/USART_PROG.o
 .group         0x0000000000000000        0xc Src/MCAL/USART_PROG.o
 .group         0x0000000000000000        0xc Src/MCAL/USART_PROG.o
 .group         0x0000000000000000        0xc Src/MCAL/USART_PROG.o
 .group         0x0000000000000000        0xc Src/MCAL/USART_PROG.o
 .group         0x0000000000000000        0xc Src/MCAL/USART_PROG.o
 .group         0x0000000000000000        0xc Src/MCAL/USART_PROG.o
 .group         0x0000000000000000        0xc Src/MCAL/USART_PROG.o
 .group         0x0000000000000000        0xc Src/MCAL/USART_PROG.o
 .group         0x0000000000000000        0xc Src/MCAL/USART_PROG.o
 .group         0x0000000000000000        0xc Src/MCAL/USART_PROG.o
 .group         0x0000000000000000        0xc Src/MCAL/USART_PROG.o
 .group         0x0000000000000000        0xc Src/MCAL/USART_PROG.o
 .group         0x0000000000000000        0xc Src/MCAL/USART_PROG.o
 .group         0x0000000000000000        0xc Src/MCAL/USART_PROG.o
 .group         0x0000000000000000        0xc Src/MCAL/USART_PROG.o
 .group         0x0000000000000000        0xc Src/MCAL/USART_PROG.o
 .group         0x0000000000000000        0xc Src/MCAL/USART_PROG.o
 .group         0x0000000000000000        0xc Src/MCAL/USART_PROG.o
 .group         0x0000000000000000        0xc Src/MCAL/USART_PROG.o
 .group         0x0000000000000000        0xc Src/MCAL/USART_PROG.o
 .group         0x0000000000000000        0xc Src/MCAL/USART_PROG.o
 .group         0x0000000000000000        0xc Src/MCAL/USART_PROG.o
 .group         0x0000000000000000        0xc Src/MCAL/USART_PROG.o
 .text          0x0000000000000000        0x0 Src/MCAL/USART_PROG.o
 .data          0x0000000000000000        0x0 Src/MCAL/USART_PROG.o
 .bss           0x0000000000000000        0x0 Src/MCAL/USART_PROG.o
 .text.MUSART1_u8RecCharSynch
                0x0000000000000000       0x64 Src/MCAL/USART_PROG.o
 .text.MUSART1_PtrReadStringSynch
                0x0000000000000000       0x40 Src/MCAL/USART_PROG.o
 .debug_macro   0x0000000000000000      0xa60 Src/MCAL/USART_PROG.o
 .debug_macro   0x0000000000000000       0x22 Src/MCAL/USART_PROG.o
 .debug_macro   0x0000000000000000       0x40 Src/MCAL/USART_PROG.o
 .debug_macro   0x0000000000000000       0x18 Src/MCAL/USART_PROG.o
 .debug_macro   0x0000000000000000       0x94 Src/MCAL/USART_PROG.o
 .debug_macro   0x0000000000000000       0x3c Src/MCAL/USART_PROG.o
 .debug_macro   0x0000000000000000       0x34 Src/MCAL/USART_PROG.o
 .debug_macro   0x0000000000000000       0x16 Src/MCAL/USART_PROG.o
 .debug_macro   0x0000000000000000       0x57 Src/MCAL/USART_PROG.o
 .debug_macro   0x0000000000000000       0x97 Src/MCAL/USART_PROG.o
 .debug_macro   0x0000000000000000      0x330 Src/MCAL/USART_PROG.o
 .debug_macro   0x0000000000000000       0xfd Src/MCAL/USART_PROG.o
 .debug_macro   0x0000000000000000       0x10 Src/MCAL/USART_PROG.o
 .debug_macro   0x0000000000000000       0x52 Src/MCAL/USART_PROG.o
 .debug_macro   0x0000000000000000       0x1f Src/MCAL/USART_PROG.o
 .debug_macro   0x0000000000000000       0x43 Src/MCAL/USART_PROG.o
 .debug_macro   0x0000000000000000       0x20 Src/MCAL/USART_PROG.o
 .debug_macro   0x0000000000000000      0x1a3 Src/MCAL/USART_PROG.o
 .debug_macro   0x0000000000000000       0x10 Src/MCAL/USART_PROG.o
 .debug_macro   0x0000000000000000       0x6a Src/MCAL/USART_PROG.o
 .debug_macro   0x0000000000000000       0x1c Src/MCAL/USART_PROG.o
 .debug_macro   0x0000000000000000       0x52 Src/MCAL/USART_PROG.o
 .debug_macro   0x0000000000000000       0x40 Src/MCAL/USART_PROG.o
 .debug_macro   0x0000000000000000       0x10 Src/MCAL/USART_PROG.o
 .debug_macro   0x0000000000000000       0x40 Src/MCAL/USART_PROG.o
 .debug_macro   0x0000000000000000       0xd7 Src/MCAL/USART_PROG.o
 .debug_macro   0x0000000000000000       0x1c Src/MCAL/USART_PROG.o
 .debug_macro   0x0000000000000000       0x3d Src/MCAL/USART_PROG.o
 .debug_macro   0x0000000000000000       0x16 Src/MCAL/USART_PROG.o
 .debug_macro   0x0000000000000000      0x145 Src/MCAL/USART_PROG.o
 .debug_macro   0x0000000000000000       0x10 Src/MCAL/USART_PROG.o
 .debug_macro   0x0000000000000000       0x2e Src/MCAL/USART_PROG.o
 .debug_macro   0x0000000000000000       0x7c Src/MCAL/USART_PROG.o
 .group         0x0000000000000000        0xc Src/main.o
 .group         0x0000000000000000        0xc Src/main.o
 .group         0x0000000000000000        0xc Src/main.o
 .group         0x0000000000000000        0xc Src/main.o
 .group         0x0000000000000000        0xc Src/main.o
 .group         0x0000000000000000        0xc Src/main.o
 .group         0x0000000000000000        0xc Src/main.o
 .group         0x0000000000000000        0xc Src/main.o
 .group         0x0000000000000000        0xc Src/main.o
 .group         0x0000000000000000        0xc Src/main.o
 .group         0x0000000000000000        0xc Src/main.o
 .group         0x0000000000000000        0xc Src/main.o
 .group         0x0000000000000000        0xc Src/main.o
 .group         0x0000000000000000        0xc Src/main.o
 .group         0x0000000000000000        0xc Src/main.o
 .group         0x0000000000000000        0xc Src/main.o
 .group         0x0000000000000000        0xc Src/main.o
 .group         0x0000000000000000        0xc Src/main.o
 .group         0x0000000000000000        0xc Src/main.o
 .group         0x0000000000000000        0xc Src/main.o
 .group         0x0000000000000000        0xc Src/main.o
 .group         0x0000000000000000        0xc Src/main.o
 .group         0x0000000000000000        0xc Src/main.o
 .group         0x0000000000000000        0xc Src/main.o
 .group         0x0000000000000000        0xc Src/main.o
 .group         0x0000000000000000        0xc Src/main.o
 .group         0x0000000000000000        0xc Src/main.o
 .group         0x0000000000000000        0xc Src/main.o
 .group         0x0000000000000000        0xc Src/main.o
 .group         0x0000000000000000        0xc Src/main.o
 .group         0x0000000000000000        0xc Src/main.o
 .group         0x0000000000000000        0xc Src/main.o
 .group         0x0000000000000000        0xc Src/main.o
 .group         0x0000000000000000        0xc Src/main.o
 .group         0x0000000000000000        0xc Src/main.o
 .group         0x0000000000000000        0xc Src/main.o
 .group         0x0000000000000000        0xc Src/main.o
 .group         0x0000000000000000        0xc Src/main.o
 .text          0x0000000000000000        0x0 Src/main.o
 .data          0x0000000000000000        0x0 Src/main.o
 .bss           0x0000000000000000        0x0 Src/main.o
 .debug_macro   0x0000000000000000      0xa60 Src/main.o
 .debug_macro   0x0000000000000000       0x22 Src/main.o
 .debug_macro   0x0000000000000000       0x40 Src/main.o
 .debug_macro   0x0000000000000000       0x18 Src/main.o
 .debug_macro   0x0000000000000000       0x94 Src/main.o
 .debug_macro   0x0000000000000000       0x3c Src/main.o
 .debug_macro   0x0000000000000000       0x34 Src/main.o
 .debug_macro   0x0000000000000000       0x16 Src/main.o
 .debug_macro   0x0000000000000000       0x57 Src/main.o
 .debug_macro   0x0000000000000000       0x97 Src/main.o
 .debug_macro   0x0000000000000000      0x330 Src/main.o
 .debug_macro   0x0000000000000000       0xfd Src/main.o
 .debug_macro   0x0000000000000000       0x10 Src/main.o
 .debug_macro   0x0000000000000000       0x52 Src/main.o
 .debug_macro   0x0000000000000000       0x1f Src/main.o
 .debug_macro   0x0000000000000000       0x43 Src/main.o
 .debug_macro   0x0000000000000000       0x20 Src/main.o
 .debug_macro   0x0000000000000000      0x1a3 Src/main.o
 .debug_macro   0x0000000000000000       0x10 Src/main.o
 .debug_macro   0x0000000000000000       0x6a Src/main.o
 .debug_macro   0x0000000000000000       0x1c Src/main.o
 .debug_macro   0x0000000000000000       0x52 Src/main.o
 .debug_macro   0x0000000000000000       0x40 Src/main.o
 .debug_macro   0x0000000000000000       0x10 Src/main.o
 .debug_macro   0x0000000000000000       0x40 Src/main.o
 .debug_macro   0x0000000000000000       0xd7 Src/main.o
 .debug_macro   0x0000000000000000       0x1c Src/main.o
 .debug_macro   0x0000000000000000       0x3d Src/main.o
 .debug_macro   0x0000000000000000       0x16 Src/main.o
 .debug_macro   0x0000000000000000      0x145 Src/main.o
 .debug_macro   0x0000000000000000       0x10 Src/main.o
 .debug_macro   0x0000000000000000       0x2e Src/main.o
 .debug_macro   0x0000000000000000      0x19c Src/main.o
 .debug_macro   0x0000000000000000       0x16 Src/main.o
 .debug_macro   0x0000000000000000       0x52 Src/main.o
 .debug_macro   0x0000000000000000      0x12a Src/main.o
 .debug_macro   0x0000000000000000       0x16 Src/main.o
 .debug_macro   0x0000000000000000       0x7c Src/main.o
 .text          0x0000000000000000       0x14 Startup/startup_stm32f103c8tx.o
 .data          0x0000000000000000        0x0 Startup/startup_stm32f103c8tx.o
 .bss           0x0000000000000000        0x0 Startup/startup_stm32f103c8tx.o
 .text          0x0000000000000000        0x0 e:/iti-alex/cube ide setup/stm32cubeide_1.3.0/stm32cubeide/plugins/com.st.stm32cube.ide.mcu.externaltools.gnu-tools-for-stm32.7-2018-q2-update.win32_1.0.0.201904181610/tools/bin/../lib/gcc/arm-none-eabi/7.3.1/../../../../arm-none-eabi/lib/thumb/v7-m\libc_nano.a(lib_a-exit.o)
 .data          0x0000000000000000        0x0 e:/iti-alex/cube ide setup/stm32cubeide_1.3.0/stm32cubeide/plugins/com.st.stm32cube.ide.mcu.externaltools.gnu-tools-for-stm32.7-2018-q2-update.win32_1.0.0.201904181610/tools/bin/../lib/gcc/arm-none-eabi/7.3.1/../../../../arm-none-eabi/lib/thumb/v7-m\libc_nano.a(lib_a-exit.o)
 .bss           0x0000000000000000        0x0 e:/iti-alex/cube ide setup/stm32cubeide_1.3.0/stm32cubeide/plugins/com.st.stm32cube.ide.mcu.externaltools.gnu-tools-for-stm32.7-2018-q2-update.win32_1.0.0.201904181610/tools/bin/../lib/gcc/arm-none-eabi/7.3.1/../../../../arm-none-eabi/lib/thumb/v7-m\libc_nano.a(lib_a-exit.o)
 .text.exit     0x0000000000000000       0x28 e:/iti-alex/cube ide setup/stm32cubeide_1.3.0/stm32cubeide/plugins/com.st.stm32cube.ide.mcu.externaltools.gnu-tools-for-stm32.7-2018-q2-update.win32_1.0.0.201904181610/tools/bin/../lib/gcc/arm-none-eabi/7.3.1/../../../../arm-none-eabi/lib/thumb/v7-m\libc_nano.a(lib_a-exit.o)
 .debug_frame   0x0000000000000000       0x28 e:/iti-alex/cube ide setup/stm32cubeide_1.3.0/stm32cubeide/plugins/com.st.stm32cube.ide.mcu.externaltools.gnu-tools-for-stm32.7-2018-q2-update.win32_1.0.0.201904181610/tools/bin/../lib/gcc/arm-none-eabi/7.3.1/../../../../arm-none-eabi/lib/thumb/v7-m\libc_nano.a(lib_a-exit.o)
 .ARM.attributes
                0x0000000000000000       0x2d e:/iti-alex/cube ide setup/stm32cubeide_1.3.0/stm32cubeide/plugins/com.st.stm32cube.ide.mcu.externaltools.gnu-tools-for-stm32.7-2018-q2-update.win32_1.0.0.201904181610/tools/bin/../lib/gcc/arm-none-eabi/7.3.1/../../../../arm-none-eabi/lib/thumb/v7-m\libc_nano.a(lib_a-exit.o)
 .text          0x0000000000000000        0x0 e:/iti-alex/cube ide setup/stm32cubeide_1.3.0/stm32cubeide/plugins/com.st.stm32cube.ide.mcu.externaltools.gnu-tools-for-stm32.7-2018-q2-update.win32_1.0.0.201904181610/tools/bin/../lib/gcc/arm-none-eabi/7.3.1/../../../../arm-none-eabi/lib/thumb/v7-m\libc_nano.a(lib_a-impure.o)
 .data          0x0000000000000000        0x0 e:/iti-alex/cube ide setup/stm32cubeide_1.3.0/stm32cubeide/plugins/com.st.stm32cube.ide.mcu.externaltools.gnu-tools-for-stm32.7-2018-q2-update.win32_1.0.0.201904181610/tools/bin/../lib/gcc/arm-none-eabi/7.3.1/../../../../arm-none-eabi/lib/thumb/v7-m\libc_nano.a(lib_a-impure.o)
 .bss           0x0000000000000000        0x0 e:/iti-alex/cube ide setup/stm32cubeide_1.3.0/stm32cubeide/plugins/com.st.stm32cube.ide.mcu.externaltools.gnu-tools-for-stm32.7-2018-q2-update.win32_1.0.0.201904181610/tools/bin/../lib/gcc/arm-none-eabi/7.3.1/../../../../arm-none-eabi/lib/thumb/v7-m\libc_nano.a(lib_a-impure.o)
 .data._impure_ptr
                0x0000000000000000        0x4 e:/iti-alex/cube ide setup/stm32cubeide_1.3.0/stm32cubeide/plugins/com.st.stm32cube.ide.mcu.externaltools.gnu-tools-for-stm32.7-2018-q2-update.win32_1.0.0.201904181610/tools/bin/../lib/gcc/arm-none-eabi/7.3.1/../../../../arm-none-eabi/lib/thumb/v7-m\libc_nano.a(lib_a-impure.o)
 .data.impure_data
                0x0000000000000000       0x60 e:/iti-alex/cube ide setup/stm32cubeide_1.3.0/stm32cubeide/plugins/com.st.stm32cube.ide.mcu.externaltools.gnu-tools-for-stm32.7-2018-q2-update.win32_1.0.0.201904181610/tools/bin/../lib/gcc/arm-none-eabi/7.3.1/../../../../arm-none-eabi/lib/thumb/v7-m\libc_nano.a(lib_a-impure.o)
 .rodata._global_impure_ptr
                0x0000000000000000        0x4 e:/iti-alex/cube ide setup/stm32cubeide_1.3.0/stm32cubeide/plugins/com.st.stm32cube.ide.mcu.externaltools.gnu-tools-for-stm32.7-2018-q2-update.win32_1.0.0.201904181610/tools/bin/../lib/gcc/arm-none-eabi/7.3.1/../../../../arm-none-eabi/lib/thumb/v7-m\libc_nano.a(lib_a-impure.o)
 .ARM.attributes
                0x0000000000000000       0x2d e:/iti-alex/cube ide setup/stm32cubeide_1.3.0/stm32cubeide/plugins/com.st.stm32cube.ide.mcu.externaltools.gnu-tools-for-stm32.7-2018-q2-update.win32_1.0.0.201904181610/tools/bin/../lib/gcc/arm-none-eabi/7.3.1/../../../../arm-none-eabi/lib/thumb/v7-m\libc_nano.a(lib_a-impure.o)
 .text          0x0000000000000000        0x0 e:/iti-alex/cube ide setup/stm32cubeide_1.3.0/stm32cubeide/plugins/com.st.stm32cube.ide.mcu.externaltools.gnu-tools-for-stm32.7-2018-q2-update.win32_1.0.0.201904181610/tools/bin/../lib/gcc/arm-none-eabi/7.3.1/../../../../arm-none-eabi/lib/thumb/v7-m\libc_nano.a(lib_a-init.o)
 .data          0x0000000000000000        0x0 e:/iti-alex/cube ide setup/stm32cubeide_1.3.0/stm32cubeide/plugins/com.st.stm32cube.ide.mcu.externaltools.gnu-tools-for-stm32.7-2018-q2-update.win32_1.0.0.201904181610/tools/bin/../lib/gcc/arm-none-eabi/7.3.1/../../../../arm-none-eabi/lib/thumb/v7-m\libc_nano.a(lib_a-init.o)
 .bss           0x0000000000000000        0x0 e:/iti-alex/cube ide setup/stm32cubeide_1.3.0/stm32cubeide/plugins/com.st.stm32cube.ide.mcu.externaltools.gnu-tools-for-stm32.7-2018-q2-update.win32_1.0.0.201904181610/tools/bin/../lib/gcc/arm-none-eabi/7.3.1/../../../../arm-none-eabi/lib/thumb/v7-m\libc_nano.a(lib_a-init.o)
 .text          0x0000000000000000        0x0 e:/iti-alex/cube ide setup/stm32cubeide_1.3.0/stm32cubeide/plugins/com.st.stm32cube.ide.mcu.externaltools.gnu-tools-for-stm32.7-2018-q2-update.win32_1.0.0.201904181610/tools/bin/../lib/gcc/arm-none-eabi/7.3.1/../../../../arm-none-eabi/lib/thumb/v7-m\libc_nano.a(lib_a-memset.o)
 .data          0x0000000000000000        0x0 e:/iti-alex/cube ide setup/stm32cubeide_1.3.0/stm32cubeide/plugins/com.st.stm32cube.ide.mcu.externaltools.gnu-tools-for-stm32.7-2018-q2-update.win32_1.0.0.201904181610/tools/bin/../lib/gcc/arm-none-eabi/7.3.1/../../../../arm-none-eabi/lib/thumb/v7-m\libc_nano.a(lib_a-memset.o)
 .bss           0x0000000000000000        0x0 e:/iti-alex/cube ide setup/stm32cubeide_1.3.0/stm32cubeide/plugins/com.st.stm32cube.ide.mcu.externaltools.gnu-tools-for-stm32.7-2018-q2-update.win32_1.0.0.201904181610/tools/bin/../lib/gcc/arm-none-eabi/7.3.1/../../../../arm-none-eabi/lib/thumb/v7-m\libc_nano.a(lib_a-memset.o)
 .text.memset   0x0000000000000000       0x10 e:/iti-alex/cube ide setup/stm32cubeide_1.3.0/stm32cubeide/plugins/com.st.stm32cube.ide.mcu.externaltools.gnu-tools-for-stm32.7-2018-q2-update.win32_1.0.0.201904181610/tools/bin/../lib/gcc/arm-none-eabi/7.3.1/../../../../arm-none-eabi/lib/thumb/v7-m\libc_nano.a(lib_a-memset.o)
 .debug_frame   0x0000000000000000       0x20 e:/iti-alex/cube ide setup/stm32cubeide_1.3.0/stm32cubeide/plugins/com.st.stm32cube.ide.mcu.externaltools.gnu-tools-for-stm32.7-2018-q2-update.win32_1.0.0.201904181610/tools/bin/../lib/gcc/arm-none-eabi/7.3.1/../../../../arm-none-eabi/lib/thumb/v7-m\libc_nano.a(lib_a-memset.o)
 .ARM.attributes
                0x0000000000000000       0x2d e:/iti-alex/cube ide setup/stm32cubeide_1.3.0/stm32cubeide/plugins/com.st.stm32cube.ide.mcu.externaltools.gnu-tools-for-stm32.7-2018-q2-update.win32_1.0.0.201904181610/tools/bin/../lib/gcc/arm-none-eabi/7.3.1/../../../../arm-none-eabi/lib/thumb/v7-m\libc_nano.a(lib_a-memset.o)
 .text          0x0000000000000000        0x0 e:/iti-alex/cube ide setup/stm32cubeide_1.3.0/stm32cubeide/plugins/com.st.stm32cube.ide.mcu.externaltools.gnu-tools-for-stm32.7-2018-q2-update.win32_1.0.0.201904181610/tools/bin/../lib/gcc/arm-none-eabi/7.3.1/../../../../arm-none-eabi/lib/thumb/v7-m\libnosys.a(_exit.o)
 .data          0x0000000000000000        0x0 e:/iti-alex/cube ide setup/stm32cubeide_1.3.0/stm32cubeide/plugins/com.st.stm32cube.ide.mcu.externaltools.gnu-tools-for-stm32.7-2018-q2-update.win32_1.0.0.201904181610/tools/bin/../lib/gcc/arm-none-eabi/7.3.1/../../../../arm-none-eabi/lib/thumb/v7-m\libnosys.a(_exit.o)
 .bss           0x0000000000000000        0x0 e:/iti-alex/cube ide setup/stm32cubeide_1.3.0/stm32cubeide/plugins/com.st.stm32cube.ide.mcu.externaltools.gnu-tools-for-stm32.7-2018-q2-update.win32_1.0.0.201904181610/tools/bin/../lib/gcc/arm-none-eabi/7.3.1/../../../../arm-none-eabi/lib/thumb/v7-m\libnosys.a(_exit.o)
 .text._exit    0x0000000000000000        0x2 e:/iti-alex/cube ide setup/stm32cubeide_1.3.0/stm32cubeide/plugins/com.st.stm32cube.ide.mcu.externaltools.gnu-tools-for-stm32.7-2018-q2-update.win32_1.0.0.201904181610/tools/bin/../lib/gcc/arm-none-eabi/7.3.1/../../../../arm-none-eabi/lib/thumb/v7-m\libnosys.a(_exit.o)
 .debug_frame   0x0000000000000000       0x20 e:/iti-alex/cube ide setup/stm32cubeide_1.3.0/stm32cubeide/plugins/com.st.stm32cube.ide.mcu.externaltools.gnu-tools-for-stm32.7-2018-q2-update.win32_1.0.0.201904181610/tools/bin/../lib/gcc/arm-none-eabi/7.3.1/../../../../arm-none-eabi/lib/thumb/v7-m\libnosys.a(_exit.o)
 .ARM.attributes
                0x0000000000000000       0x2d e:/iti-alex/cube ide setup/stm32cubeide_1.3.0/stm32cubeide/plugins/com.st.stm32cube.ide.mcu.externaltools.gnu-tools-for-stm32.7-2018-q2-update.win32_1.0.0.201904181610/tools/bin/../lib/gcc/arm-none-eabi/7.3.1/../../../../arm-none-eabi/lib/thumb/v7-m\libnosys.a(_exit.o)
 .text          0x0000000000000000        0x0 e:/iti-alex/cube ide setup/stm32cubeide_1.3.0/stm32cubeide/plugins/com.st.stm32cube.ide.mcu.externaltools.gnu-tools-for-stm32.7-2018-q2-update.win32_1.0.0.201904181610/tools/bin/../lib/gcc/arm-none-eabi/7.3.1/thumb/v7-m/crtend.o
 .data          0x0000000000000000        0x0 e:/iti-alex/cube ide setup/stm32cubeide_1.3.0/stm32cubeide/plugins/com.st.stm32cube.ide.mcu.externaltools.gnu-tools-for-stm32.7-2018-q2-update.win32_1.0.0.201904181610/tools/bin/../lib/gcc/arm-none-eabi/7.3.1/thumb/v7-m/crtend.o
 .bss           0x0000000000000000        0x0 e:/iti-alex/cube ide setup/stm32cubeide_1.3.0/stm32cubeide/plugins/com.st.stm32cube.ide.mcu.externaltools.gnu-tools-for-stm32.7-2018-q2-update.win32_1.0.0.201904181610/tools/bin/../lib/gcc/arm-none-eabi/7.3.1/thumb/v7-m/crtend.o
 .eh_frame      0x0000000000000000        0x4 e:/iti-alex/cube ide setup/stm32cubeide_1.3.0/stm32cubeide/plugins/com.st.stm32cube.ide.mcu.externaltools.gnu-tools-for-stm32.7-2018-q2-update.win32_1.0.0.201904181610/tools/bin/../lib/gcc/arm-none-eabi/7.3.1/thumb/v7-m/crtend.o
 .ARM.attributes
                0x0000000000000000       0x2d e:/iti-alex/cube ide setup/stm32cubeide_1.3.0/stm32cubeide/plugins/com.st.stm32cube.ide.mcu.externaltools.gnu-tools-for-stm32.7-2018-q2-update.win32_1.0.0.201904181610/tools/bin/../lib/gcc/arm-none-eabi/7.3.1/thumb/v7-m/crtend.o
 .text          0x0000000000000000        0x0 e:/iti-alex/cube ide setup/stm32cubeide_1.3.0/stm32cubeide/plugins/com.st.stm32cube.ide.mcu.externaltools.gnu-tools-for-stm32.7-2018-q2-update.win32_1.0.0.201904181610/tools/bin/../lib/gcc/arm-none-eabi/7.3.1/thumb/v7-m/crtn.o
 .data          0x0000000000000000        0x0 e:/iti-alex/cube ide setup/stm32cubeide_1.3.0/stm32cubeide/plugins/com.st.stm32cube.ide.mcu.externaltools.gnu-tools-for-stm32.7-2018-q2-update.win32_1.0.0.201904181610/tools/bin/../lib/gcc/arm-none-eabi/7.3.1/thumb/v7-m/crtn.o
 .bss           0x0000000000000000        0x0 e:/iti-alex/cube ide setup/stm32cubeide_1.3.0/stm32cubeide/plugins/com.st.stm32cube.ide.mcu.externaltools.gnu-tools-for-stm32.7-2018-q2-update.win32_1.0.0.201904181610/tools/bin/../lib/gcc/arm-none-eabi/7.3.1/thumb/v7-m/crtn.o

Memory Configuration

Name             Origin             Length             Attributes
RAM              0x0000000020000000 0x0000000000005000 xrw
ROM              0x0000000008000000 0x0000000000010000 xr
*default*        0x0000000000000000 0xffffffffffffffff

Linker script and memory map

LOAD e:/iti-alex/cube ide setup/stm32cubeide_1.3.0/stm32cubeide/plugins/com.st.stm32cube.ide.mcu.externaltools.gnu-tools-for-stm32.7-2018-q2-update.win32_1.0.0.201904181610/tools/bin/../lib/gcc/arm-none-eabi/7.3.1/thumb/v7-m/crti.o
LOAD e:/iti-alex/cube ide setup/stm32cubeide_1.3.0/stm32cubeide/plugins/com.st.stm32cube.ide.mcu.externaltools.gnu-tools-for-stm32.7-2018-q2-update.win32_1.0.0.201904181610/tools/bin/../lib/gcc/arm-none-eabi/7.3.1/thumb/v7-m/crtbegin.o
LOAD e:/iti-alex/cube ide setup/stm32cubeide_1.3.0/stm32cubeide/plugins/com.st.stm32cube.ide.mcu.externaltools.gnu-tools-for-stm32.7-2018-q2-update.win32_1.0.0.201904181610/tools/bin/../lib/gcc/arm-none-eabi/7.3.1/../../../../arm-none-eabi/lib/thumb/v7-m/crt0.o
LOAD Src/MCAL/CAN_program.o
LOAD Src/MCAL/ESP8266_PROG.o
LOAD Src/MCAL/GPIO_program.o
LOAD Src/MCAL/NVIC_program.o
LOAD Src/MCAL/RCC_program.o
LOAD Src/MCAL/SCB_program.o
LOAD Src/MCAL/SYSTICK_program.o
LOAD Src/MCAL/USART_PROG.o
LOAD Src/main.o
LOAD Startup/startup_stm32f103c8tx.o
START GROUP
LOAD e:/iti-alex/cube ide setup/stm32cubeide_1.3.0/stm32cubeide/plugins/com.st.stm32cube.ide.mcu.externaltools.gnu-tools-for-stm32.7-2018-q2-update.win32_1.0.0.201904181610/tools/bin/../lib/gcc/arm-none-eabi/7.3.1/../../../../arm-none-eabi/lib/thumb/v7-m\libc_nano.a
LOAD e:/iti-alex/cube ide setup/stm32cubeide_1.3.0/stm32cubeide/plugins/com.st.stm32cube.ide.mcu.externaltools.gnu-tools-for-stm32.7-2018-q2-update.win32_1.0.0.201904181610/tools/bin/../lib/gcc/arm-none-eabi/7.3.1/../../../../arm-none-eabi/lib/thumb/v7-m\libm.a
END GROUP
START GROUP
LOAD e:/iti-alex/cube ide setup/stm32cubeide_1.3.0/stm32cubeide/plugins/com.st.stm32cube.ide.mcu.externaltools.gnu-tools-for-stm32.7-2018-q2-update.win32_1.0.0.201904181610/tools/bin/../lib/gcc/arm-none-eabi/7.3.1/thumb/v7-m\libgcc.a
LOAD e:/iti-alex/cube ide setup/stm32cubeide_1.3.0/stm32cubeide/plugins/com.st.stm32cube.ide.mcu.externaltools.gnu-tools-for-stm32.7-2018-q2-update.win32_1.0.0.201904181610/tools/bin/../lib/gcc/arm-none-eabi/7.3.1/../../../../arm-none-eabi/lib/thumb/v7-m\libc_nano.a
END GROUP
START GROUP
LOAD e:/iti-alex/cube ide setup/stm32cubeide_1.3.0/stm32cubeide/plugins/com.st.stm32cube.ide.mcu.externaltools.gnu-tools-for-stm32.7-2018-q2-update.win32_1.0.0.201904181610/tools/bin/../lib/gcc/arm-none-eabi/7.3.1/thumb/v7-m\libgcc.a
LOAD e:/iti-alex/cube ide setup/stm32cubeide_1.3.0/stm32cubeide/plugins/com.st.stm32cube.ide.mcu.externaltools.gnu-tools-for-stm32.7-2018-q2-update.win32_1.0.0.201904181610/tools/bin/../lib/gcc/arm-none-eabi/7.3.1/../../../../arm-none-eabi/lib/thumb/v7-m\libc_nano.a
LOAD e:/iti-alex/cube ide setup/stm32cubeide_1.3.0/stm32cubeide/plugins/com.st.stm32cube.ide.mcu.externaltools.gnu-tools-for-stm32.7-2018-q2-update.win32_1.0.0.201904181610/tools/bin/../lib/gcc/arm-none-eabi/7.3.1/../../../../arm-none-eabi/lib/thumb/v7-m\libnosys.a
END GROUP
START GROUP
LOAD e:/iti-alex/cube ide setup/stm32cubeide_1.3.0/stm32cubeide/plugins/com.st.stm32cube.ide.mcu.externaltools.gnu-tools-for-stm32.7-2018-q2-update.win32_1.0.0.201904181610/tools/bin/../lib/gcc/arm-none-eabi/7.3.1/thumb/v7-m\libgcc.a
LOAD e:/iti-alex/cube ide setup/stm32cubeide_1.3.0/stm32cubeide/plugins/com.st.stm32cube.ide.mcu.externaltools.gnu-tools-for-stm32.7-2018-q2-update.win32_1.0.0.201904181610/tools/bin/../lib/gcc/arm-none-eabi/7.3.1/../../../../arm-none-eabi/lib/thumb/v7-m\libc_nano.a
LOAD e:/iti-alex/cube ide setup/stm32cubeide_1.3.0/stm32cubeide/plugins/com.st.stm32cube.ide.mcu.externaltools.gnu-tools-for-stm32.7-2018-q2-update.win32_1.0.0.201904181610/tools/bin/../lib/gcc/arm-none-eabi/7.3.1/../../../../arm-none-eabi/lib/thumb/v7-m\libnosys.a
END GROUP
LOAD e:/iti-alex/cube ide setup/stm32cubeide_1.3.0/stm32cubeide/plugins/com.st.stm32cube.ide.mcu.externaltools.gnu-tools-for-stm32.7-2018-q2-update.win32_1.0.0.201904181610/tools/bin/../lib/gcc/arm-none-eabi/7.3.1/thumb/v7-m/crtend.o
LOAD e:/iti-alex/cube ide setup/stm32cubeide_1.3.0/stm32cubeide/plugins/com.st.stm32cube.ide.mcu.externaltools.gnu-tools-for-stm32.7-2018-q2-update.win32_1.0.0.201904181610/tools/bin/../lib/gcc/arm-none-eabi/7.3.1/thumb/v7-m/crtn.o
                0x0000000020005000                _estack = (ORIGIN (RAM) + LENGTH (RAM))
                0x0000000000000200                _Min_Heap_Size = 0x200
                0x0000000000000400                _Min_Stack_Size = 0x400

.isr_vector     0x0000000008000000      0x130
                0x0000000008000000                . = ALIGN (0x4)
 *(.isr_vector)
 .isr_vector    0x0000000008000000      0x130 Startup/startup_stm32f103c8tx.o
                0x0000000008000000                g_pfnVectors
                0x0000000008000130                . = ALIGN (0x4)

.text           0x0000000008000130     0x1454
                0x0000000008000130                . = ALIGN (0x4)
 *(.text)
 .text          0x0000000008000130       0x40 e:/iti-alex/cube ide setup/stm32cubeide_1.3.0/stm32cubeide/plugins/com.st.stm32cube.ide.mcu.externaltools.gnu-tools-for-stm32.7-2018-q2-update.win32_1.0.0.201904181610/tools/bin/../lib/gcc/arm-none-eabi/7.3.1/thumb/v7-m/crtbegin.o
 *(.text*)
 .text.CAN_voidFilterConfiguration
                0x0000000008000170       0xf8 Src/MCAL/CAN_program.o
                0x0000000008000170                CAN_voidFilterConfiguration
 .text.CAN_u32GetProperFilterValues
                0x0000000008000268       0x3e Src/MCAL/CAN_program.o
                0x0000000008000268                CAN_u32GetProperFilterValues
 *fill*         0x00000000080002a6        0x2 
 .text.CAN_voidInit
                0x00000000080002a8       0x48 Src/MCAL/CAN_program.o
                0x00000000080002a8                CAN_voidInit
 .text.CAN_voidOperatingMode
                0x00000000080002f0       0xd0 Src/MCAL/CAN_program.o
                0x00000000080002f0                CAN_voidOperatingMode
 .text.CAN_voidSetTiming
                0x00000000080003c0       0x54 Src/MCAL/CAN_program.o
 .text.CAN_voidInterruptStatus
                0x0000000008000414       0x40 Src/MCAL/CAN_program.o
                0x0000000008000414                CAN_voidInterruptStatus
 .text.StringLen
                0x0000000008000454       0x2c Src/MCAL/CAN_program.o
 .text.CAN_TransmitStringTest
                0x0000000008000480      0x124 Src/MCAL/CAN_program.o
                0x0000000008000480                CAN_TransmitStringTest
 .text.CAN_u8ReceiveStringTest
                0x00000000080005a4      0x150 Src/MCAL/CAN_program.o
                0x00000000080005a4                CAN_u8ReceiveStringTest
 .text.CAN_voidSetCallBack
                0x00000000080006f4       0x1c Src/MCAL/CAN_program.o
                0x00000000080006f4                CAN_voidSetCallBack
 .text.CAN_RX1_IRQHandler
                0x0000000008000710       0x14 Src/MCAL/CAN_program.o
                0x0000000008000710                CAN_RX1_IRQHandler
 .text.MUSART_CallBack
                0x0000000008000724       0x34 Src/MCAL/ESP8266_PROG.o
                0x0000000008000724                MUSART_CallBack
 .text.ESP8266_VidInit
                0x0000000008000758       0x50 Src/MCAL/ESP8266_PROG.o
                0x0000000008000758                ESP8266_VidInit
 .text.ESP8266_VidConnectToWiFi
                0x00000000080007a8       0x48 Src/MCAL/ESP8266_PROG.o
                0x00000000080007a8                ESP8266_VidConnectToWiFi
 .text.ESP8266_VidConnectToSrvTcp
                0x00000000080007f0       0x48 Src/MCAL/ESP8266_PROG.o
                0x00000000080007f0                ESP8266_VidConnectToSrvTcp
 .text.ESP8266_PTRu8SocketSendData
                0x0000000008000838       0x50 Src/MCAL/ESP8266_PROG.o
                0x0000000008000838                ESP8266_PTRu8SocketSendData
 .text.ESP8266_VidClearBuffer
                0x0000000008000888       0x3c Src/MCAL/ESP8266_PROG.o
                0x0000000008000888                ESP8266_VidClearBuffer
 .text.MGPIO_voidSetDirection
                0x00000000080008c4      0x200 Src/MCAL/GPIO_program.o
                0x00000000080008c4                MGPIO_voidSetDirection
 .text.MNVIC_voidEnablePeripheral
                0x0000000008000ac4       0x40 Src/MCAL/NVIC_program.o
                0x0000000008000ac4                MNVIC_voidEnablePeripheral
 .text.MNVIC_voidSetIntPriority
                0x0000000008000b04      0x104 Src/MCAL/NVIC_program.o
                0x0000000008000b04                MNVIC_voidSetIntPriority
 .text.MRCC_CheckReady
                0x0000000008000c08       0x64 Src/MCAL/RCC_program.o
                0x0000000008000c08                MRCC_CheckReady
 .text.MRCC_SetClkSource
                0x0000000008000c6c       0x70 Src/MCAL/RCC_program.o
                0x0000000008000c6c                MRCC_SetClkSource
 .text.MRCC_SetClkSourceStatus
                0x0000000008000cdc       0xa4 Src/MCAL/RCC_program.o
                0x0000000008000cdc                MRCC_SetClkSourceStatus
 .text.MRCC_SetCLKBussesPrescaller
                0x0000000008000d80       0x60 Src/MCAL/RCC_program.o
                0x0000000008000d80                MRCC_SetCLKBussesPrescaller
 .text.MRCC_SetPeripheralConfiguration
                0x0000000008000de0       0xbc Src/MCAL/RCC_program.o
                0x0000000008000de0                MRCC_SetPeripheralConfiguration
 .text.MRCC_Init
                0x0000000008000e9c       0x56 Src/MCAL/RCC_program.o
                0x0000000008000e9c                MRCC_Init
 *fill*         0x0000000008000ef2        0x2 
 .text.MSCB_voidSetSystemGroupPriority
                0x0000000008000ef4       0x1c Src/MCAL/SCB_program.o
                0x0000000008000ef4                MSCB_voidSetSystemGroupPriority
 .text.MSCB_voidGetSystemGroupPriority
                0x0000000008000f10       0x20 Src/MCAL/SCB_program.o
                0x0000000008000f10                MSCB_voidGetSystemGroupPriority
 .text.MSCB_voidSetCoreIntPriority
                0x0000000008000f30      0x12c Src/MCAL/SCB_program.o
                0x0000000008000f30                MSCB_voidSetCoreIntPriority
 .text.MSYSTICK_voidInit
                0x000000000800105c       0x28 Src/MCAL/SYSTICK_program.o
                0x000000000800105c                MSYSTICK_voidInit
 .text.MSYSTICK_voidDelay_ms
                0x0000000008001084       0x60 Src/MCAL/SYSTICK_program.o
                0x0000000008001084                MSYSTICK_voidDelay_ms
 .text.SysTick_Handler
                0x00000000080010e4       0x4c Src/MCAL/SYSTICK_program.o
                0x00000000080010e4                SysTick_Handler
 .text.MUSART_VidInit
                0x0000000008001130       0xb0 Src/MCAL/USART_PROG.o
                0x0000000008001130                MUSART_VidInit
 .text.MUSART1_VidSendCharSync
                0x00000000080011e0       0x3c Src/MCAL/USART_PROG.o
                0x00000000080011e0                MUSART1_VidSendCharSync
 .text.MUSART1_VidSendStringSynch
                0x000000000800121c       0x36 Src/MCAL/USART_PROG.o
                0x000000000800121c                MUSART1_VidSendStringSynch
 *fill*         0x0000000008001252        0x2 
 .text.MUSART1_VidClearFlags
                0x0000000008001254       0x18 Src/MCAL/USART_PROG.o
                0x0000000008001254                MUSART1_VidClearFlags
 .text.MUSART1_u8ReadDataRegister
                0x000000000800126c       0x28 Src/MCAL/USART_PROG.o
                0x000000000800126c                MUSART1_u8ReadDataRegister
 .text.MUSART1_VidSetCallBack
                0x0000000008001294       0x1c Src/MCAL/USART_PROG.o
                0x0000000008001294                MUSART1_VidSetCallBack
 .text.USART1_IRQHandler
                0x00000000080012b0       0x18 Src/MCAL/USART_PROG.o
                0x00000000080012b0                USART1_IRQHandler
 .text.CAN_voidCallBackFunction
                0x00000000080012c8       0x34 Src/main.o
                0x00000000080012c8                CAN_voidCallBackFunction
 .text.main     0x00000000080012fc      0x1d4 Src/main.o
                0x00000000080012fc                main
 .text.Reset_Handler
                0x00000000080014d0       0x50 Startup/startup_stm32f103c8tx.o
                0x00000000080014d0                Reset_Handler
 .text.Default_Handler
                0x0000000008001520        0x2 Startup/startup_stm32f103c8tx.o
                0x0000000008001520                EXTI2_IRQHandler
                0x0000000008001520                TIM8_TRG_COM_IRQHandler
                0x0000000008001520                TIM8_CC_IRQHandler
                0x0000000008001520                DebugMon_Handler
                0x0000000008001520                TIM1_CC_IRQHandler
                0x0000000008001520                HardFault_Handler
                0x0000000008001520                TIM6_IRQHandler
                0x0000000008001520                PVD_IRQHandler
                0x0000000008001520                SDIO_IRQHandler
                0x0000000008001520                PendSV_Handler
                0x0000000008001520                NMI_Handler
                0x0000000008001520                EXTI3_IRQHandler
                0x0000000008001520                USB_HP_CAN_TX_IRQHandler
                0x0000000008001520                EXTI0_IRQHandler
                0x0000000008001520                I2C2_EV_IRQHandler
                0x0000000008001520                UsageFault_Handler
                0x0000000008001520                ADC1_2_IRQHandler
                0x0000000008001520                SPI1_IRQHandler
                0x0000000008001520                CAN_SCE_IRQHandler
                0x0000000008001520                TAMPER_IRQHandler
                0x0000000008001520                TIM8_UP_IRQHandler
                0x0000000008001520                DMA2_Channel2_IRQHandler
                0x0000000008001520                DMA1_Channel4_IRQHandler
                0x0000000008001520                USART3_IRQHandler
                0x0000000008001520                RTC_IRQHandler
                0x0000000008001520                DMA1_Channel7_IRQHandler
                0x0000000008001520                UART5_IRQHandler
                0x0000000008001520                ADC3_IRQHandler
                0x0000000008001520                TIM4_IRQHandler
                0x0000000008001520                DMA2_Channel1_IRQHandler
                0x0000000008001520                I2C1_EV_IRQHandler
                0x0000000008001520                DMA1_Channel6_IRQHandler
                0x0000000008001520                UART4_IRQHandler
                0x0000000008001520                TIM3_IRQHandler
                0x0000000008001520                RCC_IRQHandler
                0x0000000008001520                TIM1_TRG_COM_IRQHandler
                0x0000000008001520                DMA1_Channel1_IRQHandler
                0x0000000008001520                Default_Handler
                0x0000000008001520                EXTI15_10_IRQHandler
                0x0000000008001520                TIM7_IRQHandler
                0x0000000008001520                TIM5_IRQHandler
                0x0000000008001520                EXTI9_5_IRQHandler
                0x0000000008001520                SPI2_IRQHandler
                0x0000000008001520                USB_LP_CAN_RX0_IRQHandler
                0x0000000008001520                MemManage_Handler
                0x0000000008001520                SVC_Handler
                0x0000000008001520                DMA1_Channel5_IRQHandler
                0x0000000008001520                EXTI4_IRQHandler
                0x0000000008001520                DMA1_Channel3_IRQHandler
                0x0000000008001520                FSMC_IRQHandler
                0x0000000008001520                TIM1_UP_IRQHandler
                0x0000000008001520                WWDG_IRQHandler
                0x0000000008001520                TIM2_IRQHandler
                0x0000000008001520                TIM1_BRK_IRQHandler
                0x0000000008001520                EXTI1_IRQHandler
                0x0000000008001520                RTCAlarm_IRQHandler
                0x0000000008001520                DMA2_Channel4_5_IRQHandler
                0x0000000008001520                USART2_IRQHandler
                0x0000000008001520                I2C2_ER_IRQHandler
                0x0000000008001520                DMA1_Channel2_IRQHandler
                0x0000000008001520                TIM8_BRK_IRQHandler
                0x0000000008001520                FLASH_IRQHandler
                0x0000000008001520                BusFault_Handler
                0x0000000008001520                SPI3_IRQHandler
                0x0000000008001520                I2C1_ER_IRQHandler
                0x0000000008001520                DMA2_Channel3_IRQHandler
 *fill*         0x0000000008001522        0x2 
 .text.__libc_init_array
                0x0000000008001524       0x48 e:/iti-alex/cube ide setup/stm32cubeide_1.3.0/stm32cubeide/plugins/com.st.stm32cube.ide.mcu.externaltools.gnu-tools-for-stm32.7-2018-q2-update.win32_1.0.0.201904181610/tools/bin/../lib/gcc/arm-none-eabi/7.3.1/../../../../arm-none-eabi/lib/thumb/v7-m\libc_nano.a(lib_a-init.o)
                0x0000000008001524                __libc_init_array
 *(.glue_7)
 .glue_7        0x000000000800156c        0x0 linker stubs
 *(.glue_7t)
 .glue_7t       0x000000000800156c        0x0 linker stubs
 *(.eh_frame)
 .eh_frame      0x000000000800156c        0x0 e:/iti-alex/cube ide setup/stm32cubeide_1.3.0/stm32cubeide/plugins/com.st.stm32cube.ide.mcu.externaltools.gnu-tools-for-stm32.7-2018-q2-update.win32_1.0.0.201904181610/tools/bin/../lib/gcc/arm-none-eabi/7.3.1/thumb/v7-m/crtbegin.o
 *(.init)
 .init          0x000000000800156c        0x4 e:/iti-alex/cube ide setup/stm32cubeide_1.3.0/stm32cubeide/plugins/com.st.stm32cube.ide.mcu.externaltools.gnu-tools-for-stm32.7-2018-q2-update.win32_1.0.0.201904181610/tools/bin/../lib/gcc/arm-none-eabi/7.3.1/thumb/v7-m/crti.o
                0x000000000800156c                _init
 .init          0x0000000008001570        0x8 e:/iti-alex/cube ide setup/stm32cubeide_1.3.0/stm32cubeide/plugins/com.st.stm32cube.ide.mcu.externaltools.gnu-tools-for-stm32.7-2018-q2-update.win32_1.0.0.201904181610/tools/bin/../lib/gcc/arm-none-eabi/7.3.1/thumb/v7-m/crtn.o
 *(.fini)
 .fini          0x0000000008001578        0x4 e:/iti-alex/cube ide setup/stm32cubeide_1.3.0/stm32cubeide/plugins/com.st.stm32cube.ide.mcu.externaltools.gnu-tools-for-stm32.7-2018-q2-update.win32_1.0.0.201904181610/tools/bin/../lib/gcc/arm-none-eabi/7.3.1/thumb/v7-m/crti.o
                0x0000000008001578                _fini
 .fini          0x000000000800157c        0x8 e:/iti-alex/cube ide setup/stm32cubeide_1.3.0/stm32cubeide/plugins/com.st.stm32cube.ide.mcu.externaltools.gnu-tools-for-stm32.7-2018-q2-update.win32_1.0.0.201904181610/tools/bin/../lib/gcc/arm-none-eabi/7.3.1/thumb/v7-m/crtn.o
                0x0000000008001584                . = ALIGN (0x4)
                0x0000000008001584                _etext = .

.vfp11_veneer   0x0000000008001584        0x0
 .vfp11_veneer  0x0000000008001584        0x0 linker stubs

.v4_bx          0x0000000008001584        0x0
 .v4_bx         0x0000000008001584        0x0 linker stubs

.iplt           0x0000000008001584        0x0
 .iplt          0x0000000008001584        0x0 e:/iti-alex/cube ide setup/stm32cubeide_1.3.0/stm32cubeide/plugins/com.st.stm32cube.ide.mcu.externaltools.gnu-tools-for-stm32.7-2018-q2-update.win32_1.0.0.201904181610/tools/bin/../lib/gcc/arm-none-eabi/7.3.1/thumb/v7-m/crtbegin.o

.rodata         0x0000000008001584       0xe8
                0x0000000008001584                . = ALIGN (0x4)
 *(.rodata)
 .rodata        0x0000000008001584       0x94 Src/MCAL/ESP8266_PROG.o
 .rodata        0x0000000008001618       0x51 Src/main.o
 *(.rodata*)
                0x000000000800166c                . = ALIGN (0x4)
 *fill*         0x0000000008001669        0x3 

.rel.dyn        0x000000000800166c        0x0
 .rel.iplt      0x000000000800166c        0x0 e:/iti-alex/cube ide setup/stm32cubeide_1.3.0/stm32cubeide/plugins/com.st.stm32cube.ide.mcu.externaltools.gnu-tools-for-stm32.7-2018-q2-update.win32_1.0.0.201904181610/tools/bin/../lib/gcc/arm-none-eabi/7.3.1/thumb/v7-m/crtbegin.o

.ARM.extab      0x000000000800166c        0x0
                0x000000000800166c                . = ALIGN (0x4)
 *(.ARM.extab* .gnu.linkonce.armextab.*)
                0x000000000800166c                . = ALIGN (0x4)

.ARM            0x000000000800166c        0x0
                0x000000000800166c                . = ALIGN (0x4)
                0x000000000800166c                __exidx_start = .
 *(.ARM.exidx*)
                0x000000000800166c                __exidx_end = .
                0x000000000800166c                . = ALIGN (0x4)

.preinit_array  0x000000000800166c        0x0
                0x000000000800166c                . = ALIGN (0x4)
                0x000000000800166c                PROVIDE (__preinit_array_start = .)
 *(.preinit_array*)
                0x000000000800166c                PROVIDE (__preinit_array_end = .)
                0x000000000800166c                . = ALIGN (0x4)

.init_array     0x000000000800166c        0x4
                0x000000000800166c                . = ALIGN (0x4)
                0x000000000800166c                PROVIDE (__init_array_start = .)
 *(SORT_BY_NAME(.init_array.*))
 *(.init_array*)
 .init_array    0x000000000800166c        0x4 e:/iti-alex/cube ide setup/stm32cubeide_1.3.0/stm32cubeide/plugins/com.st.stm32cube.ide.mcu.externaltools.gnu-tools-for-stm32.7-2018-q2-update.win32_1.0.0.201904181610/tools/bin/../lib/gcc/arm-none-eabi/7.3.1/thumb/v7-m/crtbegin.o
                0x0000000008001670                PROVIDE (__init_array_end = .)
                0x0000000008001670                . = ALIGN (0x4)

.fini_array     0x0000000008001670        0x4
                0x0000000008001670                . = ALIGN (0x4)
                [!provide]                        PROVIDE (__fini_array_start = .)
 *(SORT_BY_NAME(.fini_array.*))
 *(.fini_array*)
 .fini_array    0x0000000008001670        0x4 e:/iti-alex/cube ide setup/stm32cubeide_1.3.0/stm32cubeide/plugins/com.st.stm32cube.ide.mcu.externaltools.gnu-tools-for-stm32.7-2018-q2-update.win32_1.0.0.201904181610/tools/bin/../lib/gcc/arm-none-eabi/7.3.1/thumb/v7-m/crtbegin.o
                [!provide]                        PROVIDE (__fini_array_end = .)
                0x0000000008001674                . = ALIGN (0x4)
                0x0000000008001674                _sidata = LOADADDR (.data)

.data           0x0000000020000000        0x0 load address 0x0000000008001674
                0x0000000020000000                . = ALIGN (0x4)
                0x0000000020000000                _sdata = .
 *(.data)
 *(.data*)
                0x0000000020000000                . = ALIGN (0x4)
                0x0000000020000000                _edata = .

.igot.plt       0x0000000020000000        0x0 load address 0x0000000008001674
 .igot.plt      0x0000000020000000        0x0 e:/iti-alex/cube ide setup/stm32cubeide_1.3.0/stm32cubeide/plugins/com.st.stm32cube.ide.mcu.externaltools.gnu-tools-for-stm32.7-2018-q2-update.win32_1.0.0.201904181610/tools/bin/../lib/gcc/arm-none-eabi/7.3.1/thumb/v7-m/crtbegin.o
                0x0000000020000000                . = ALIGN (0x4)

.bss            0x0000000020000000       0xec load address 0x0000000008001674
                0x0000000020000000                _sbss = .
                0x0000000020000000                __bss_start__ = _sbss
 *(.bss)
 .bss           0x0000000020000000       0x1c e:/iti-alex/cube ide setup/stm32cubeide_1.3.0/stm32cubeide/plugins/com.st.stm32cube.ide.mcu.externaltools.gnu-tools-for-stm32.7-2018-q2-update.win32_1.0.0.201904181610/tools/bin/../lib/gcc/arm-none-eabi/7.3.1/thumb/v7-m/crtbegin.o
 *(.bss*)
 .bss.CAN_PtrToFunc
                0x000000002000001c        0x4 Src/MCAL/CAN_program.o
                0x000000002000001c                CAN_PtrToFunc
 .bss.Iterator  0x0000000020000020        0x1 Src/MCAL/ESP8266_PROG.o
                0x0000000020000020                Iterator
 *fill*         0x0000000020000021        0x3 
 .bss.ptrs      0x0000000020000024        0x8 Src/MCAL/SYSTICK_program.o
                0x0000000020000024                ptrs
 .bss.Global_RecordCompleteflag
                0x000000002000002c        0x1 Src/main.o
                0x000000002000002c                Global_RecordCompleteflag
 *(COMMON)
 *fill*         0x000000002000002d        0x3 
 COMMON         0x0000000020000030       0x64 Src/MCAL/ESP8266_PROG.o
                0x0000000020000030                DataCome
 COMMON         0x0000000020000094       0x18 Src/MCAL/USART_PROG.o
                0x0000000020000094                String
                0x00000000200000a8                MUSART1_CallBack
 COMMON         0x00000000200000ac       0x40 Src/main.o
                0x00000000200000ac                Rx_Buffer
                0x00000000200000e0                Rx_Header
                0x00000000200000ec                . = ALIGN (0x4)
                0x00000000200000ec                _ebss = .
                0x00000000200000ec                __bss_end__ = _ebss

._user_heap_stack
                0x00000000200000ec      0x604 load address 0x0000000008001674
                0x00000000200000f0                . = ALIGN (0x8)
 *fill*         0x00000000200000ec        0x4 
                [!provide]                        PROVIDE (end = .)
                [!provide]                        PROVIDE (_end = .)
                0x00000000200002f0                . = (. + _Min_Heap_Size)
 *fill*         0x00000000200000f0      0x200 
                0x00000000200006f0                . = (. + _Min_Stack_Size)
 *fill*         0x00000000200002f0      0x400 
                0x00000000200006f0                . = ALIGN (0x8)

/DISCARD/
 libc.a(*)
 libm.a(*)
 libgcc.a(*)

.ARM.attributes
                0x0000000000000000       0x29
 *(.ARM.attributes)
 .ARM.attributes
                0x0000000000000000       0x1d e:/iti-alex/cube ide setup/stm32cubeide_1.3.0/stm32cubeide/plugins/com.st.stm32cube.ide.mcu.externaltools.gnu-tools-for-stm32.7-2018-q2-update.win32_1.0.0.201904181610/tools/bin/../lib/gcc/arm-none-eabi/7.3.1/thumb/v7-m/crti.o
 .ARM.attributes
                0x000000000000001d       0x2d e:/iti-alex/cube ide setup/stm32cubeide_1.3.0/stm32cubeide/plugins/com.st.stm32cube.ide.mcu.externaltools.gnu-tools-for-stm32.7-2018-q2-update.win32_1.0.0.201904181610/tools/bin/../lib/gcc/arm-none-eabi/7.3.1/thumb/v7-m/crtbegin.o
 .ARM.attributes
                0x000000000000004a       0x33 Src/MCAL/CAN_program.o
 .ARM.attributes
                0x000000000000007d       0x33 Src/MCAL/ESP8266_PROG.o
 .ARM.attributes
                0x00000000000000b0       0x33 Src/MCAL/GPIO_program.o
 .ARM.attributes
                0x00000000000000e3       0x33 Src/MCAL/NVIC_program.o
 .ARM.attributes
                0x0000000000000116       0x33 Src/MCAL/RCC_program.o
 .ARM.attributes
                0x0000000000000149       0x33 Src/MCAL/SCB_program.o
 .ARM.attributes
                0x000000000000017c       0x33 Src/MCAL/SYSTICK_program.o
 .ARM.attributes
                0x00000000000001af       0x33 Src/MCAL/USART_PROG.o
 .ARM.attributes
                0x00000000000001e2       0x33 Src/main.o
 .ARM.attributes
                0x0000000000000215       0x21 Startup/startup_stm32f103c8tx.o
 .ARM.attributes
                0x0000000000000236       0x2d e:/iti-alex/cube ide setup/stm32cubeide_1.3.0/stm32cubeide/plugins/com.st.stm32cube.ide.mcu.externaltools.gnu-tools-for-stm32.7-2018-q2-update.win32_1.0.0.201904181610/tools/bin/../lib/gcc/arm-none-eabi/7.3.1/../../../../arm-none-eabi/lib/thumb/v7-m\libc_nano.a(lib_a-init.o)
 .ARM.attributes
                0x0000000000000263       0x1d e:/iti-alex/cube ide setup/stm32cubeide_1.3.0/stm32cubeide/plugins/com.st.stm32cube.ide.mcu.externaltools.gnu-tools-for-stm32.7-2018-q2-update.win32_1.0.0.201904181610/tools/bin/../lib/gcc/arm-none-eabi/7.3.1/thumb/v7-m/crtn.o
OUTPUT(WIFI_proj.elf elf32-littlearm)

.debug_info     0x0000000000000000     0x5dcc
 .debug_info    0x0000000000000000      0x977 Src/MCAL/CAN_program.o
 .debug_info    0x0000000000000977      0xa39 Src/MCAL/ESP8266_PROG.o
 .debug_info    0x00000000000013b0      0xafe Src/MCAL/GPIO_program.o
 .debug_info    0x0000000000001eae      0xa88 Src/MCAL/NVIC_program.o
 .debug_info    0x0000000000002936      0xa37 Src/MCAL/RCC_program.o
 .debug_info    0x000000000000336d      0x9f4 Src/MCAL/SCB_program.o
 .debug_info    0x0000000000003d61      0xaf8 Src/MCAL/SYSTICK_program.o
 .debug_info    0x0000000000004859      0xaa5 Src/MCAL/USART_PROG.o
 .debug_info    0x00000000000052fe      0xaac Src/main.o
 .debug_info    0x0000000000005daa       0x22 Startup/startup_stm32f103c8tx.o

.debug_abbrev   0x0000000000000000     0x122d
 .debug_abbrev  0x0000000000000000      0x236 Src/MCAL/CAN_program.o
 .debug_abbrev  0x0000000000000236      0x1f6 Src/MCAL/ESP8266_PROG.o
 .debug_abbrev  0x000000000000042c      0x1cb Src/MCAL/GPIO_program.o
 .debug_abbrev  0x00000000000005f7      0x20a Src/MCAL/NVIC_program.o
 .debug_abbrev  0x0000000000000801      0x1ef Src/MCAL/RCC_program.o
 .debug_abbrev  0x00000000000009f0      0x1c2 Src/MCAL/SCB_program.o
 .debug_abbrev  0x0000000000000bb2      0x218 Src/MCAL/SYSTICK_program.o
 .debug_abbrev  0x0000000000000dca      0x27c Src/MCAL/USART_PROG.o
 .debug_abbrev  0x0000000000001046      0x1d5 Src/main.o
 .debug_abbrev  0x000000000000121b       0x12 Startup/startup_stm32f103c8tx.o

.debug_aranges  0x0000000000000000      0x330
 .debug_aranges
                0x0000000000000000       0xa0 Src/MCAL/CAN_program.o
 .debug_aranges
                0x00000000000000a0       0x58 Src/MCAL/ESP8266_PROG.o
 .debug_aranges
                0x00000000000000f8       0x40 Src/MCAL/GPIO_program.o
 .debug_aranges
                0x0000000000000138       0x48 Src/MCAL/NVIC_program.o
 .debug_aranges
                0x0000000000000180       0x50 Src/MCAL/RCC_program.o
 .debug_aranges
                0x00000000000001d0       0x30 Src/MCAL/SCB_program.o
 .debug_aranges
                0x0000000000000200       0x80 Src/MCAL/SYSTICK_program.o
 .debug_aranges
                0x0000000000000280       0x60 Src/MCAL/USART_PROG.o
 .debug_aranges
                0x00000000000002e0       0x28 Src/main.o
 .debug_aranges
                0x0000000000000308       0x28 Startup/startup_stm32f103c8tx.o

.debug_ranges   0x0000000000000000      0x2b8
 .debug_ranges  0x0000000000000000       0x90 Src/MCAL/CAN_program.o
 .debug_ranges  0x0000000000000090       0x48 Src/MCAL/ESP8266_PROG.o
 .debug_ranges  0x00000000000000d8       0x30 Src/MCAL/GPIO_program.o
 .debug_ranges  0x0000000000000108       0x58 Src/MCAL/NVIC_program.o
 .debug_ranges  0x0000000000000160       0x40 Src/MCAL/RCC_program.o
 .debug_ranges  0x00000000000001a0       0x20 Src/MCAL/SCB_program.o
 .debug_ranges  0x00000000000001c0       0x70 Src/MCAL/SYSTICK_program.o
 .debug_ranges  0x0000000000000230       0x50 Src/MCAL/USART_PROG.o
 .debug_ranges  0x0000000000000280       0x18 Src/main.o
 .debug_ranges  0x0000000000000298       0x20 Startup/startup_stm32f103c8tx.o

.debug_macro    0x0000000000000000     0x2dd7
 .debug_macro   0x0000000000000000       0x3f Src/MCAL/CAN_program.o
 .debug_macro   0x000000000000003f      0xa60 Src/MCAL/CAN_program.o
 .debug_macro   0x0000000000000a9f       0x40 Src/MCAL/CAN_program.o
 .debug_macro   0x0000000000000adf       0x10 Src/MCAL/CAN_program.o
 .debug_macro   0x0000000000000aef       0x5e Src/MCAL/CAN_program.o
 .debug_macro   0x0000000000000b4d       0x59 Src/MCAL/CAN_program.o
 .debug_macro   0x0000000000000ba6      0x1ca Src/MCAL/ESP8266_PROG.o
 .debug_macro   0x0000000000000d70       0x22 Src/MCAL/ESP8266_PROG.o
 .debug_macro   0x0000000000000d92       0x40 Src/MCAL/ESP8266_PROG.o
 .debug_macro   0x0000000000000dd2       0x18 Src/MCAL/ESP8266_PROG.o
 .debug_macro   0x0000000000000dea       0x94 Src/MCAL/ESP8266_PROG.o
 .debug_macro   0x0000000000000e7e       0x3c Src/MCAL/ESP8266_PROG.o
 .debug_macro   0x0000000000000eba       0x34 Src/MCAL/ESP8266_PROG.o
 .debug_macro   0x0000000000000eee       0x16 Src/MCAL/ESP8266_PROG.o
 .debug_macro   0x0000000000000f04       0x57 Src/MCAL/ESP8266_PROG.o
 .debug_macro   0x0000000000000f5b       0x97 Src/MCAL/ESP8266_PROG.o
 .debug_macro   0x0000000000000ff2      0x330 Src/MCAL/ESP8266_PROG.o
 .debug_macro   0x0000000000001322       0xfd Src/MCAL/ESP8266_PROG.o
 .debug_macro   0x000000000000141f       0x10 Src/MCAL/ESP8266_PROG.o
 .debug_macro   0x000000000000142f       0x52 Src/MCAL/ESP8266_PROG.o
 .debug_macro   0x0000000000001481       0x1f Src/MCAL/ESP8266_PROG.o
 .debug_macro   0x00000000000014a0       0x43 Src/MCAL/ESP8266_PROG.o
 .debug_macro   0x00000000000014e3       0x20 Src/MCAL/ESP8266_PROG.o
 .debug_macro   0x0000000000001503      0x1a3 Src/MCAL/ESP8266_PROG.o
 .debug_macro   0x00000000000016a6       0x10 Src/MCAL/ESP8266_PROG.o
 .debug_macro   0x00000000000016b6       0x6a Src/MCAL/ESP8266_PROG.o
 .debug_macro   0x0000000000001720       0x1c Src/MCAL/ESP8266_PROG.o
 .debug_macro   0x000000000000173c       0x52 Src/MCAL/ESP8266_PROG.o
 .debug_macro   0x000000000000178e       0x40 Src/MCAL/ESP8266_PROG.o
 .debug_macro   0x00000000000017ce       0x10 Src/MCAL/ESP8266_PROG.o
 .debug_macro   0x00000000000017de       0x40 Src/MCAL/ESP8266_PROG.o
 .debug_macro   0x000000000000181e       0xd7 Src/MCAL/ESP8266_PROG.o
 .debug_macro   0x00000000000018f5       0x1c Src/MCAL/ESP8266_PROG.o
 .debug_macro   0x0000000000001911       0x3d Src/MCAL/ESP8266_PROG.o
 .debug_macro   0x000000000000194e       0x16 Src/MCAL/ESP8266_PROG.o
 .debug_macro   0x0000000000001964      0x145 Src/MCAL/ESP8266_PROG.o
 .debug_macro   0x0000000000001aa9       0x10 Src/MCAL/ESP8266_PROG.o
 .debug_macro   0x0000000000001ab9       0x2e Src/MCAL/ESP8266_PROG.o
 .debug_macro   0x0000000000001ae7       0x7c Src/MCAL/ESP8266_PROG.o
 .debug_macro   0x0000000000001b63       0x16 Src/MCAL/ESP8266_PROG.o
 .debug_macro   0x0000000000001b79      0x1ca Src/MCAL/GPIO_program.o
 .debug_macro   0x0000000000001d43       0x22 Src/MCAL/GPIO_program.o
 .debug_macro   0x0000000000001d65      0x12a Src/MCAL/GPIO_program.o
 .debug_macro   0x0000000000001e8f      0x1d3 Src/MCAL/NVIC_program.o
 .debug_macro   0x0000000000002062       0x16 Src/MCAL/NVIC_program.o
 .debug_macro   0x0000000000002078       0x10 Src/MCAL/NVIC_program.o
 .debug_macro   0x0000000000002088       0x52 Src/MCAL/NVIC_program.o
 .debug_macro   0x00000000000020da      0x1c9 Src/MCAL/RCC_program.o
 .debug_macro   0x00000000000022a3       0x2e Src/MCAL/RCC_program.o
 .debug_macro   0x00000000000022d1      0x19c Src/MCAL/RCC_program.o
 .debug_macro   0x000000000000246d       0xdc Src/MCAL/RCC_program.o
 .debug_macro   0x0000000000002549      0x1c9 Src/MCAL/SCB_program.o
 .debug_macro   0x0000000000002712       0x34 Src/MCAL/SCB_program.o
 .debug_macro   0x0000000000002746       0x10 Src/MCAL/SCB_program.o
 .debug_macro   0x0000000000002756      0x1d2 Src/MCAL/SYSTICK_program.o
 .debug_macro   0x0000000000002928       0x5e Src/MCAL/SYSTICK_program.o
 .debug_macro   0x0000000000002986       0x22 Src/MCAL/SYSTICK_program.o
 .debug_macro   0x00000000000029a8      0x1cf Src/MCAL/USART_PROG.o
 .debug_macro   0x0000000000002b77       0x40 Src/MCAL/USART_PROG.o
 .debug_macro   0x0000000000002bb7       0x28 Src/MCAL/USART_PROG.o
 .debug_macro   0x0000000000002bdf      0x1f8 Src/main.o

.debug_line     0x0000000000000000     0x541e
 .debug_line    0x0000000000000000      0x2d7 Src/MCAL/CAN_program.o
 .debug_line    0x00000000000002d7      0xa46 Src/MCAL/ESP8266_PROG.o
 .debug_line    0x0000000000000d1d      0x9ff Src/MCAL/GPIO_program.o
 .debug_line    0x000000000000171c      0x9e2 Src/MCAL/NVIC_program.o
 .debug_line    0x00000000000020fe      0xa17 Src/MCAL/RCC_program.o
 .debug_line    0x0000000000002b15      0x96c Src/MCAL/SCB_program.o
 .debug_line    0x0000000000003481      0xa8a Src/MCAL/SYSTICK_program.o
 .debug_line    0x0000000000003f0b      0x9fb Src/MCAL/USART_PROG.o
 .debug_line    0x0000000000004906      0xa94 Src/main.o
 .debug_line    0x000000000000539a       0x84 Startup/startup_stm32f103c8tx.o

.debug_str      0x0000000000000000     0xa64a
 .debug_str     0x0000000000000000     0x399f Src/MCAL/CAN_program.o
                                       0x3a2e (size before relaxing)
 .debug_str     0x000000000000399f     0x4bef Src/MCAL/ESP8266_PROG.o
                                       0x7a70 (size before relaxing)
 .debug_str     0x000000000000858e      0x5f2 Src/MCAL/GPIO_program.o
                                       0x7d57 (size before relaxing)
 .debug_str     0x0000000000008b80      0x320 Src/MCAL/NVIC_program.o
                                       0x7a85 (size before relaxing)
 .debug_str     0x0000000000008ea0      0xd3d Src/MCAL/RCC_program.o
                                       0x84ae (size before relaxing)
 .debug_str     0x0000000000009bdd      0x15b Src/MCAL/SCB_program.o
                                       0x7a58 (size before relaxing)
 .debug_str     0x0000000000009d38      0x4bd Src/MCAL/SYSTICK_program.o
                                       0x7fd3 (size before relaxing)
 .debug_str     0x000000000000a1f5      0x3d6 Src/MCAL/USART_PROG.o
                                       0x7ca2 (size before relaxing)
 .debug_str     0x000000000000a5cb       0x4e Src/main.o
                                       0x86cb (size before relaxing)
 .debug_str     0x000000000000a619       0x31 Startup/startup_stm32f103c8tx.o
                                         0x59 (size before relaxing)

.comment        0x0000000000000000       0x7b
 .comment       0x0000000000000000       0x7b Src/MCAL/CAN_program.o
                                         0x7c (size before relaxing)
 .comment       0x000000000000007b       0x7c Src/MCAL/ESP8266_PROG.o
 .comment       0x000000000000007b       0x7c Src/MCAL/GPIO_program.o
 .comment       0x000000000000007b       0x7c Src/MCAL/NVIC_program.o
 .comment       0x000000000000007b       0x7c Src/MCAL/RCC_program.o
 .comment       0x000000000000007b       0x7c Src/MCAL/SCB_program.o
 .comment       0x000000000000007b       0x7c Src/MCAL/SYSTICK_program.o
 .comment       0x000000000000007b       0x7c Src/MCAL/USART_PROG.o
 .comment       0x000000000000007b       0x7c Src/main.o

.debug_frame    0x0000000000000000      0xaf8
 .debug_frame   0x0000000000000000      0x2a0 Src/MCAL/CAN_program.o
 .debug_frame   0x00000000000002a0      0x128 Src/MCAL/ESP8266_PROG.o
 .debug_frame   0x00000000000003c8       0xdc Src/MCAL/GPIO_program.o
 .debug_frame   0x00000000000004a4       0xfc Src/MCAL/NVIC_program.o
 .debug_frame   0x00000000000005a0      0x124 Src/MCAL/RCC_program.o
 .debug_frame   0x00000000000006c4       0x74 Src/MCAL/SCB_program.o
 .debug_frame   0x0000000000000738      0x1ec Src/MCAL/SYSTICK_program.o
 .debug_frame   0x0000000000000924      0x154 Src/MCAL/USART_PROG.o
 .debug_frame   0x0000000000000a78       0x54 Src/main.o
 .debug_frame   0x0000000000000acc       0x2c e:/iti-alex/cube ide setup/stm32cubeide_1.3.0/stm32cubeide/plugins/com.st.stm32cube.ide.mcu.externaltools.gnu-tools-for-stm32.7-2018-q2-update.win32_1.0.0.201904181610/tools/bin/../lib/gcc/arm-none-eabi/7.3.1/../../../../arm-none-eabi/lib/thumb/v7-m\libc_nano.a(lib_a-init.o)
