Archive member included to satisfy reference by file (symbol)

c:/program files (x86)/stmicroelectronics/stm32cubeide_1.4.0/stm32cubeide/plugins/com.st.stm32cube.ide.mcu.externaltools.gnu-tools-for-stm32.7-2018-q2-update.win32_1.4.0.202007081208/tools/bin/../lib/gcc/arm-none-eabi/7.3.1/../../../../arm-none-eabi/lib/thumb/v7-m\libc_nano.a(lib_a-exit.o)
                              c:/program files (x86)/stmicroelectronics/stm32cubeide_1.4.0/stm32cubeide/plugins/com.st.stm32cube.ide.mcu.externaltools.gnu-tools-for-stm32.7-2018-q2-update.win32_1.4.0.202007081208/tools/bin/../lib/gcc/arm-none-eabi/7.3.1/../../../../arm-none-eabi/lib/thumb/v7-m/crt0.o (exit)
c:/program files (x86)/stmicroelectronics/stm32cubeide_1.4.0/stm32cubeide/plugins/com.st.stm32cube.ide.mcu.externaltools.gnu-tools-for-stm32.7-2018-q2-update.win32_1.4.0.202007081208/tools/bin/../lib/gcc/arm-none-eabi/7.3.1/../../../../arm-none-eabi/lib/thumb/v7-m\libc_nano.a(lib_a-impure.o)
                              c:/program files (x86)/stmicroelectronics/stm32cubeide_1.4.0/stm32cubeide/plugins/com.st.stm32cube.ide.mcu.externaltools.gnu-tools-for-stm32.7-2018-q2-update.win32_1.4.0.202007081208/tools/bin/../lib/gcc/arm-none-eabi/7.3.1/../../../../arm-none-eabi/lib/thumb/v7-m\libc_nano.a(lib_a-exit.o) (_global_impure_ptr)
c:/program files (x86)/stmicroelectronics/stm32cubeide_1.4.0/stm32cubeide/plugins/com.st.stm32cube.ide.mcu.externaltools.gnu-tools-for-stm32.7-2018-q2-update.win32_1.4.0.202007081208/tools/bin/../lib/gcc/arm-none-eabi/7.3.1/../../../../arm-none-eabi/lib/thumb/v7-m\libc_nano.a(lib_a-init.o)
                              c:/program files (x86)/stmicroelectronics/stm32cubeide_1.4.0/stm32cubeide/plugins/com.st.stm32cube.ide.mcu.externaltools.gnu-tools-for-stm32.7-2018-q2-update.win32_1.4.0.202007081208/tools/bin/../lib/gcc/arm-none-eabi/7.3.1/../../../../arm-none-eabi/lib/thumb/v7-m/crt0.o (__libc_init_array)
c:/program files (x86)/stmicroelectronics/stm32cubeide_1.4.0/stm32cubeide/plugins/com.st.stm32cube.ide.mcu.externaltools.gnu-tools-for-stm32.7-2018-q2-update.win32_1.4.0.202007081208/tools/bin/../lib/gcc/arm-none-eabi/7.3.1/../../../../arm-none-eabi/lib/thumb/v7-m\libc_nano.a(lib_a-memset.o)
                              c:/program files (x86)/stmicroelectronics/stm32cubeide_1.4.0/stm32cubeide/plugins/com.st.stm32cube.ide.mcu.externaltools.gnu-tools-for-stm32.7-2018-q2-update.win32_1.4.0.202007081208/tools/bin/../lib/gcc/arm-none-eabi/7.3.1/../../../../arm-none-eabi/lib/thumb/v7-m/crt0.o (memset)
c:/program files (x86)/stmicroelectronics/stm32cubeide_1.4.0/stm32cubeide/plugins/com.st.stm32cube.ide.mcu.externaltools.gnu-tools-for-stm32.7-2018-q2-update.win32_1.4.0.202007081208/tools/bin/../lib/gcc/arm-none-eabi/7.3.1/../../../../arm-none-eabi/lib/thumb/v7-m\libnosys.a(_exit.o)
                              c:/program files (x86)/stmicroelectronics/stm32cubeide_1.4.0/stm32cubeide/plugins/com.st.stm32cube.ide.mcu.externaltools.gnu-tools-for-stm32.7-2018-q2-update.win32_1.4.0.202007081208/tools/bin/../lib/gcc/arm-none-eabi/7.3.1/../../../../arm-none-eabi/lib/thumb/v7-m\libc_nano.a(lib_a-exit.o) (_exit)

Allocating common symbols
Common symbol       size              file

RCC_F_CPU           0x4               Src/RCC_program.o
RCC_APB1_Frequency  0x4               Src/RCC_program.o
SYSTICK_Frequency   0x4               Src/SYSTICK_program.o
RCC_AHB_Frequency   0x4               Src/RCC_program.o
RCC_APB2_Frequency  0x4               Src/RCC_program.o
Rx_Data             0x8               Src/main.o
RX_Header           0xc               Src/main.o

Discarded input sections

 .text          0x0000000000000000        0x0 c:/program files (x86)/stmicroelectronics/stm32cubeide_1.4.0/stm32cubeide/plugins/com.st.stm32cube.ide.mcu.externaltools.gnu-tools-for-stm32.7-2018-q2-update.win32_1.4.0.202007081208/tools/bin/../lib/gcc/arm-none-eabi/7.3.1/thumb/v7-m/crti.o
 .data          0x0000000000000000        0x0 c:/program files (x86)/stmicroelectronics/stm32cubeide_1.4.0/stm32cubeide/plugins/com.st.stm32cube.ide.mcu.externaltools.gnu-tools-for-stm32.7-2018-q2-update.win32_1.4.0.202007081208/tools/bin/../lib/gcc/arm-none-eabi/7.3.1/thumb/v7-m/crti.o
 .bss           0x0000000000000000        0x0 c:/program files (x86)/stmicroelectronics/stm32cubeide_1.4.0/stm32cubeide/plugins/com.st.stm32cube.ide.mcu.externaltools.gnu-tools-for-stm32.7-2018-q2-update.win32_1.4.0.202007081208/tools/bin/../lib/gcc/arm-none-eabi/7.3.1/thumb/v7-m/crti.o
 .data          0x0000000000000000        0x4 c:/program files (x86)/stmicroelectronics/stm32cubeide_1.4.0/stm32cubeide/plugins/com.st.stm32cube.ide.mcu.externaltools.gnu-tools-for-stm32.7-2018-q2-update.win32_1.4.0.202007081208/tools/bin/../lib/gcc/arm-none-eabi/7.3.1/thumb/v7-m/crtbegin.o
 .text          0x0000000000000000       0x74 c:/program files (x86)/stmicroelectronics/stm32cubeide_1.4.0/stm32cubeide/plugins/com.st.stm32cube.ide.mcu.externaltools.gnu-tools-for-stm32.7-2018-q2-update.win32_1.4.0.202007081208/tools/bin/../lib/gcc/arm-none-eabi/7.3.1/../../../../arm-none-eabi/lib/thumb/v7-m/crt0.o
 .data          0x0000000000000000        0x0 c:/program files (x86)/stmicroelectronics/stm32cubeide_1.4.0/stm32cubeide/plugins/com.st.stm32cube.ide.mcu.externaltools.gnu-tools-for-stm32.7-2018-q2-update.win32_1.4.0.202007081208/tools/bin/../lib/gcc/arm-none-eabi/7.3.1/../../../../arm-none-eabi/lib/thumb/v7-m/crt0.o
 .bss           0x0000000000000000        0x0 c:/program files (x86)/stmicroelectronics/stm32cubeide_1.4.0/stm32cubeide/plugins/com.st.stm32cube.ide.mcu.externaltools.gnu-tools-for-stm32.7-2018-q2-update.win32_1.4.0.202007081208/tools/bin/../lib/gcc/arm-none-eabi/7.3.1/../../../../arm-none-eabi/lib/thumb/v7-m/crt0.o
 .ARM.extab     0x0000000000000000        0x0 c:/program files (x86)/stmicroelectronics/stm32cubeide_1.4.0/stm32cubeide/plugins/com.st.stm32cube.ide.mcu.externaltools.gnu-tools-for-stm32.7-2018-q2-update.win32_1.4.0.202007081208/tools/bin/../lib/gcc/arm-none-eabi/7.3.1/../../../../arm-none-eabi/lib/thumb/v7-m/crt0.o
 .ARM.exidx     0x0000000000000000        0x8 c:/program files (x86)/stmicroelectronics/stm32cubeide_1.4.0/stm32cubeide/plugins/com.st.stm32cube.ide.mcu.externaltools.gnu-tools-for-stm32.7-2018-q2-update.win32_1.4.0.202007081208/tools/bin/../lib/gcc/arm-none-eabi/7.3.1/../../../../arm-none-eabi/lib/thumb/v7-m/crt0.o
 .ARM.attributes
                0x0000000000000000       0x1b c:/program files (x86)/stmicroelectronics/stm32cubeide_1.4.0/stm32cubeide/plugins/com.st.stm32cube.ide.mcu.externaltools.gnu-tools-for-stm32.7-2018-q2-update.win32_1.4.0.202007081208/tools/bin/../lib/gcc/arm-none-eabi/7.3.1/../../../../arm-none-eabi/lib/thumb/v7-m/crt0.o
 .group         0x0000000000000000        0xc Src/CAN_program.o
 .group         0x0000000000000000        0xc Src/CAN_program.o
 .group         0x0000000000000000        0xc Src/CAN_program.o
 .group         0x0000000000000000        0xc Src/CAN_program.o
 .group         0x0000000000000000        0xc Src/CAN_program.o
 .text          0x0000000000000000        0x0 Src/CAN_program.o
 .data          0x0000000000000000        0x0 Src/CAN_program.o
 .bss           0x0000000000000000        0x0 Src/CAN_program.o
 .text.CAN_u8ReadErrorFlag
                0x0000000000000000       0x2c Src/CAN_program.o
 .text.CAN_u8GetErrorCode
                0x0000000000000000       0x24 Src/CAN_program.o
 .text.CAN_u8GetReceiveErrorCounter
                0x0000000000000000       0x20 Src/CAN_program.o
 .text.CAN_u8GetTransmitErrorCounter
                0x0000000000000000       0x20 Src/CAN_program.o
 .group         0x0000000000000000        0xc Src/GPIO_program.o
 .group         0x0000000000000000        0xc Src/GPIO_program.o
 .group         0x0000000000000000        0xc Src/GPIO_program.o
 .group         0x0000000000000000        0xc Src/GPIO_program.o
 .group         0x0000000000000000        0xc Src/GPIO_program.o
 .text          0x0000000000000000        0x0 Src/GPIO_program.o
 .data          0x0000000000000000        0x0 Src/GPIO_program.o
 .bss           0x0000000000000000        0x0 Src/GPIO_program.o
 .text.MGPIO_voidSetPortDirection
                0x0000000000000000       0x4a Src/GPIO_program.o
 .text.MGPIO_voidSetPinValue
                0x0000000000000000       0xa4 Src/GPIO_program.o
 .text.MGPIO_u8GetPinValue
                0x0000000000000000       0x84 Src/GPIO_program.o
 .text.MGPIO_u16GetPort
                0x0000000000000000       0x68 Src/GPIO_program.o
 .text.MGPIO_voidLockPins
                0x0000000000000000       0x98 Src/GPIO_program.o
 .text.MGPIO_voidWriteField
                0x0000000000000000       0x7c Src/GPIO_program.o
 .text.MAFIO_voidSetEXTILineSource
                0x0000000000000000       0x58 Src/GPIO_program.o
 .debug_macro   0x0000000000000000      0xa60 Src/GPIO_program.o
 .debug_macro   0x0000000000000000       0x40 Src/GPIO_program.o
 .debug_macro   0x0000000000000000       0x10 Src/GPIO_program.o
 .group         0x0000000000000000        0xc Src/NVIC_program.o
 .group         0x0000000000000000        0xc Src/NVIC_program.o
 .group         0x0000000000000000        0xc Src/NVIC_program.o
 .group         0x0000000000000000        0xc Src/NVIC_program.o
 .group         0x0000000000000000        0xc Src/NVIC_program.o
 .text          0x0000000000000000        0x0 Src/NVIC_program.o
 .data          0x0000000000000000        0x0 Src/NVIC_program.o
 .bss           0x0000000000000000        0x0 Src/NVIC_program.o
 .text.MNVIC_voidDisableInterrupt
                0x0000000000000000       0x34 Src/NVIC_program.o
 .text.MNVIC_voidSetPendingInterrupt
                0x0000000000000000       0x34 Src/NVIC_program.o
 .text.MNVIC_voidClearPendingInterrupt
                0x0000000000000000       0x34 Src/NVIC_program.o
 .text.MNVIC_u8IsINTActive
                0x0000000000000000       0x38 Src/NVIC_program.o
 .text.MNVIC_voidSetPriorityGrouping
                0x0000000000000000       0x28 Src/NVIC_program.o
 .text.MNVIC_voidSetISRPriority
                0x0000000000000000       0xe0 Src/NVIC_program.o
 .debug_macro   0x0000000000000000      0xa60 Src/NVIC_program.o
 .debug_macro   0x0000000000000000       0x40 Src/NVIC_program.o
 .debug_macro   0x0000000000000000       0x10 Src/NVIC_program.o
 .group         0x0000000000000000        0xc Src/RCC_program.o
 .group         0x0000000000000000        0xc Src/RCC_program.o
 .group         0x0000000000000000        0xc Src/RCC_program.o
 .group         0x0000000000000000        0xc Src/RCC_program.o
 .group         0x0000000000000000        0xc Src/RCC_program.o
 .group         0x0000000000000000        0xc Src/RCC_program.o
 .text          0x0000000000000000        0x0 Src/RCC_program.o
 .data          0x0000000000000000        0x0 Src/RCC_program.o
 .bss           0x0000000000000000        0x0 Src/RCC_program.o
 .text.MRCC_voidConfigurePLL
                0x0000000000000000       0xac Src/RCC_program.o
 .debug_macro   0x0000000000000000      0xa60 Src/RCC_program.o
 .debug_macro   0x0000000000000000       0x40 Src/RCC_program.o
 .debug_macro   0x0000000000000000       0x10 Src/RCC_program.o
 .group         0x0000000000000000        0xc Src/SYSTICK_program.o
 .group         0x0000000000000000        0xc Src/SYSTICK_program.o
 .group         0x0000000000000000        0xc Src/SYSTICK_program.o
 .group         0x0000000000000000        0xc Src/SYSTICK_program.o
 .group         0x0000000000000000        0xc Src/SYSTICK_program.o
 .text          0x0000000000000000        0x0 Src/SYSTICK_program.o
 .data          0x0000000000000000        0x0 Src/SYSTICK_program.o
 .bss           0x0000000000000000        0x0 Src/SYSTICK_program.o
 .text.MSYSTICK_voidInit
                0x0000000000000000       0x40 Src/SYSTICK_program.o
 .text.MSYSTICK_voidSTATUS
                0x0000000000000000       0x28 Src/SYSTICK_program.o
 .text.MSYSTICK_voidPreload
                0x0000000000000000       0x34 Src/SYSTICK_program.o
 .text.MSYSTICK_voidBusyWait
                0x0000000000000000       0x4c Src/SYSTICK_program.o
 .text.MSYSTICK_voidDelay_MS
                0x0000000000000000       0x64 Src/SYSTICK_program.o
 .text.MSYSTICK_voidSetIntervalSingle
                0x0000000000000000       0x68 Src/SYSTICK_program.o
 .text.MSYSTICK_voidSetIntervalPeriodic
                0x0000000000000000       0x68 Src/SYSTICK_program.o
 .text.MSYSTICK_voidStopPeriodicFunction
                0x0000000000000000       0x34 Src/SYSTICK_program.o
 .text.MSYSTICK_u32MS_TO_TICKS
                0x0000000000000000       0x2c Src/SYSTICK_program.o
 .text.MSYSTICK_u32GetRemaniningTime
                0x0000000000000000       0x14 Src/SYSTICK_program.o
 .text.MSYSTICK_u32GetElapsedTime
                0x0000000000000000       0x1c Src/SYSTICK_program.o
 .debug_macro   0x0000000000000000      0xa60 Src/SYSTICK_program.o
 .debug_macro   0x0000000000000000       0x40 Src/SYSTICK_program.o
 .debug_macro   0x0000000000000000       0x10 Src/SYSTICK_program.o
 COMMON         0x0000000000000000        0x4 Src/SYSTICK_program.o
 .group         0x0000000000000000        0xc Src/main.o
 .group         0x0000000000000000        0xc Src/main.o
 .group         0x0000000000000000        0xc Src/main.o
 .group         0x0000000000000000        0xc Src/main.o
 .group         0x0000000000000000        0xc Src/main.o
 .group         0x0000000000000000        0xc Src/main.o
 .text          0x0000000000000000        0x0 Src/main.o
 .data          0x0000000000000000        0x0 Src/main.o
 .bss           0x0000000000000000        0x0 Src/main.o
 .debug_macro   0x0000000000000000      0xa60 Src/main.o
 .debug_macro   0x0000000000000000       0x40 Src/main.o
 .debug_macro   0x0000000000000000       0x10 Src/main.o
 .debug_macro   0x0000000000000000      0x104 Src/main.o
 .debug_macro   0x0000000000000000       0x10 Src/main.o
 .debug_macro   0x0000000000000000      0x196 Src/main.o
 .text          0x0000000000000000       0x14 Startup/startup_stm32f103c8tx.o
 .data          0x0000000000000000        0x0 Startup/startup_stm32f103c8tx.o
 .bss           0x0000000000000000        0x0 Startup/startup_stm32f103c8tx.o
 .text          0x0000000000000000        0x0 c:/program files (x86)/stmicroelectronics/stm32cubeide_1.4.0/stm32cubeide/plugins/com.st.stm32cube.ide.mcu.externaltools.gnu-tools-for-stm32.7-2018-q2-update.win32_1.4.0.202007081208/tools/bin/../lib/gcc/arm-none-eabi/7.3.1/../../../../arm-none-eabi/lib/thumb/v7-m\libc_nano.a(lib_a-exit.o)
 .data          0x0000000000000000        0x0 c:/program files (x86)/stmicroelectronics/stm32cubeide_1.4.0/stm32cubeide/plugins/com.st.stm32cube.ide.mcu.externaltools.gnu-tools-for-stm32.7-2018-q2-update.win32_1.4.0.202007081208/tools/bin/../lib/gcc/arm-none-eabi/7.3.1/../../../../arm-none-eabi/lib/thumb/v7-m\libc_nano.a(lib_a-exit.o)
 .bss           0x0000000000000000        0x0 c:/program files (x86)/stmicroelectronics/stm32cubeide_1.4.0/stm32cubeide/plugins/com.st.stm32cube.ide.mcu.externaltools.gnu-tools-for-stm32.7-2018-q2-update.win32_1.4.0.202007081208/tools/bin/../lib/gcc/arm-none-eabi/7.3.1/../../../../arm-none-eabi/lib/thumb/v7-m\libc_nano.a(lib_a-exit.o)
 .text.exit     0x0000000000000000       0x28 c:/program files (x86)/stmicroelectronics/stm32cubeide_1.4.0/stm32cubeide/plugins/com.st.stm32cube.ide.mcu.externaltools.gnu-tools-for-stm32.7-2018-q2-update.win32_1.4.0.202007081208/tools/bin/../lib/gcc/arm-none-eabi/7.3.1/../../../../arm-none-eabi/lib/thumb/v7-m\libc_nano.a(lib_a-exit.o)
 .debug_frame   0x0000000000000000       0x28 c:/program files (x86)/stmicroelectronics/stm32cubeide_1.4.0/stm32cubeide/plugins/com.st.stm32cube.ide.mcu.externaltools.gnu-tools-for-stm32.7-2018-q2-update.win32_1.4.0.202007081208/tools/bin/../lib/gcc/arm-none-eabi/7.3.1/../../../../arm-none-eabi/lib/thumb/v7-m\libc_nano.a(lib_a-exit.o)
 .ARM.attributes
                0x0000000000000000       0x2d c:/program files (x86)/stmicroelectronics/stm32cubeide_1.4.0/stm32cubeide/plugins/com.st.stm32cube.ide.mcu.externaltools.gnu-tools-for-stm32.7-2018-q2-update.win32_1.4.0.202007081208/tools/bin/../lib/gcc/arm-none-eabi/7.3.1/../../../../arm-none-eabi/lib/thumb/v7-m\libc_nano.a(lib_a-exit.o)
 .text          0x0000000000000000        0x0 c:/program files (x86)/stmicroelectronics/stm32cubeide_1.4.0/stm32cubeide/plugins/com.st.stm32cube.ide.mcu.externaltools.gnu-tools-for-stm32.7-2018-q2-update.win32_1.4.0.202007081208/tools/bin/../lib/gcc/arm-none-eabi/7.3.1/../../../../arm-none-eabi/lib/thumb/v7-m\libc_nano.a(lib_a-impure.o)
 .data          0x0000000000000000        0x0 c:/program files (x86)/stmicroelectronics/stm32cubeide_1.4.0/stm32cubeide/plugins/com.st.stm32cube.ide.mcu.externaltools.gnu-tools-for-stm32.7-2018-q2-update.win32_1.4.0.202007081208/tools/bin/../lib/gcc/arm-none-eabi/7.3.1/../../../../arm-none-eabi/lib/thumb/v7-m\libc_nano.a(lib_a-impure.o)
 .bss           0x0000000000000000        0x0 c:/program files (x86)/stmicroelectronics/stm32cubeide_1.4.0/stm32cubeide/plugins/com.st.stm32cube.ide.mcu.externaltools.gnu-tools-for-stm32.7-2018-q2-update.win32_1.4.0.202007081208/tools/bin/../lib/gcc/arm-none-eabi/7.3.1/../../../../arm-none-eabi/lib/thumb/v7-m\libc_nano.a(lib_a-impure.o)
 .data._impure_ptr
                0x0000000000000000        0x4 c:/program files (x86)/stmicroelectronics/stm32cubeide_1.4.0/stm32cubeide/plugins/com.st.stm32cube.ide.mcu.externaltools.gnu-tools-for-stm32.7-2018-q2-update.win32_1.4.0.202007081208/tools/bin/../lib/gcc/arm-none-eabi/7.3.1/../../../../arm-none-eabi/lib/thumb/v7-m\libc_nano.a(lib_a-impure.o)
 .data.impure_data
                0x0000000000000000       0x60 c:/program files (x86)/stmicroelectronics/stm32cubeide_1.4.0/stm32cubeide/plugins/com.st.stm32cube.ide.mcu.externaltools.gnu-tools-for-stm32.7-2018-q2-update.win32_1.4.0.202007081208/tools/bin/../lib/gcc/arm-none-eabi/7.3.1/../../../../arm-none-eabi/lib/thumb/v7-m\libc_nano.a(lib_a-impure.o)
 .rodata._global_impure_ptr
                0x0000000000000000        0x4 c:/program files (x86)/stmicroelectronics/stm32cubeide_1.4.0/stm32cubeide/plugins/com.st.stm32cube.ide.mcu.externaltools.gnu-tools-for-stm32.7-2018-q2-update.win32_1.4.0.202007081208/tools/bin/../lib/gcc/arm-none-eabi/7.3.1/../../../../arm-none-eabi/lib/thumb/v7-m\libc_nano.a(lib_a-impure.o)
 .ARM.attributes
                0x0000000000000000       0x2d c:/program files (x86)/stmicroelectronics/stm32cubeide_1.4.0/stm32cubeide/plugins/com.st.stm32cube.ide.mcu.externaltools.gnu-tools-for-stm32.7-2018-q2-update.win32_1.4.0.202007081208/tools/bin/../lib/gcc/arm-none-eabi/7.3.1/../../../../arm-none-eabi/lib/thumb/v7-m\libc_nano.a(lib_a-impure.o)
 .text          0x0000000000000000        0x0 c:/program files (x86)/stmicroelectronics/stm32cubeide_1.4.0/stm32cubeide/plugins/com.st.stm32cube.ide.mcu.externaltools.gnu-tools-for-stm32.7-2018-q2-update.win32_1.4.0.202007081208/tools/bin/../lib/gcc/arm-none-eabi/7.3.1/../../../../arm-none-eabi/lib/thumb/v7-m\libc_nano.a(lib_a-init.o)
 .data          0x0000000000000000        0x0 c:/program files (x86)/stmicroelectronics/stm32cubeide_1.4.0/stm32cubeide/plugins/com.st.stm32cube.ide.mcu.externaltools.gnu-tools-for-stm32.7-2018-q2-update.win32_1.4.0.202007081208/tools/bin/../lib/gcc/arm-none-eabi/7.3.1/../../../../arm-none-eabi/lib/thumb/v7-m\libc_nano.a(lib_a-init.o)
 .bss           0x0000000000000000        0x0 c:/program files (x86)/stmicroelectronics/stm32cubeide_1.4.0/stm32cubeide/plugins/com.st.stm32cube.ide.mcu.externaltools.gnu-tools-for-stm32.7-2018-q2-update.win32_1.4.0.202007081208/tools/bin/../lib/gcc/arm-none-eabi/7.3.1/../../../../arm-none-eabi/lib/thumb/v7-m\libc_nano.a(lib_a-init.o)
 .text          0x0000000000000000        0x0 c:/program files (x86)/stmicroelectronics/stm32cubeide_1.4.0/stm32cubeide/plugins/com.st.stm32cube.ide.mcu.externaltools.gnu-tools-for-stm32.7-2018-q2-update.win32_1.4.0.202007081208/tools/bin/../lib/gcc/arm-none-eabi/7.3.1/../../../../arm-none-eabi/lib/thumb/v7-m\libc_nano.a(lib_a-memset.o)
 .data          0x0000000000000000        0x0 c:/program files (x86)/stmicroelectronics/stm32cubeide_1.4.0/stm32cubeide/plugins/com.st.stm32cube.ide.mcu.externaltools.gnu-tools-for-stm32.7-2018-q2-update.win32_1.4.0.202007081208/tools/bin/../lib/gcc/arm-none-eabi/7.3.1/../../../../arm-none-eabi/lib/thumb/v7-m\libc_nano.a(lib_a-memset.o)
 .bss           0x0000000000000000        0x0 c:/program files (x86)/stmicroelectronics/stm32cubeide_1.4.0/stm32cubeide/plugins/com.st.stm32cube.ide.mcu.externaltools.gnu-tools-for-stm32.7-2018-q2-update.win32_1.4.0.202007081208/tools/bin/../lib/gcc/arm-none-eabi/7.3.1/../../../../arm-none-eabi/lib/thumb/v7-m\libc_nano.a(lib_a-memset.o)
 .text.memset   0x0000000000000000       0x10 c:/program files (x86)/stmicroelectronics/stm32cubeide_1.4.0/stm32cubeide/plugins/com.st.stm32cube.ide.mcu.externaltools.gnu-tools-for-stm32.7-2018-q2-update.win32_1.4.0.202007081208/tools/bin/../lib/gcc/arm-none-eabi/7.3.1/../../../../arm-none-eabi/lib/thumb/v7-m\libc_nano.a(lib_a-memset.o)
 .debug_frame   0x0000000000000000       0x20 c:/program files (x86)/stmicroelectronics/stm32cubeide_1.4.0/stm32cubeide/plugins/com.st.stm32cube.ide.mcu.externaltools.gnu-tools-for-stm32.7-2018-q2-update.win32_1.4.0.202007081208/tools/bin/../lib/gcc/arm-none-eabi/7.3.1/../../../../arm-none-eabi/lib/thumb/v7-m\libc_nano.a(lib_a-memset.o)
 .ARM.attributes
                0x0000000000000000       0x2d c:/program files (x86)/stmicroelectronics/stm32cubeide_1.4.0/stm32cubeide/plugins/com.st.stm32cube.ide.mcu.externaltools.gnu-tools-for-stm32.7-2018-q2-update.win32_1.4.0.202007081208/tools/bin/../lib/gcc/arm-none-eabi/7.3.1/../../../../arm-none-eabi/lib/thumb/v7-m\libc_nano.a(lib_a-memset.o)
 .text          0x0000000000000000        0x0 c:/program files (x86)/stmicroelectronics/stm32cubeide_1.4.0/stm32cubeide/plugins/com.st.stm32cube.ide.mcu.externaltools.gnu-tools-for-stm32.7-2018-q2-update.win32_1.4.0.202007081208/tools/bin/../lib/gcc/arm-none-eabi/7.3.1/../../../../arm-none-eabi/lib/thumb/v7-m\libnosys.a(_exit.o)
 .data          0x0000000000000000        0x0 c:/program files (x86)/stmicroelectronics/stm32cubeide_1.4.0/stm32cubeide/plugins/com.st.stm32cube.ide.mcu.externaltools.gnu-tools-for-stm32.7-2018-q2-update.win32_1.4.0.202007081208/tools/bin/../lib/gcc/arm-none-eabi/7.3.1/../../../../arm-none-eabi/lib/thumb/v7-m\libnosys.a(_exit.o)
 .bss           0x0000000000000000        0x0 c:/program files (x86)/stmicroelectronics/stm32cubeide_1.4.0/stm32cubeide/plugins/com.st.stm32cube.ide.mcu.externaltools.gnu-tools-for-stm32.7-2018-q2-update.win32_1.4.0.202007081208/tools/bin/../lib/gcc/arm-none-eabi/7.3.1/../../../../arm-none-eabi/lib/thumb/v7-m\libnosys.a(_exit.o)
 .text._exit    0x0000000000000000        0x2 c:/program files (x86)/stmicroelectronics/stm32cubeide_1.4.0/stm32cubeide/plugins/com.st.stm32cube.ide.mcu.externaltools.gnu-tools-for-stm32.7-2018-q2-update.win32_1.4.0.202007081208/tools/bin/../lib/gcc/arm-none-eabi/7.3.1/../../../../arm-none-eabi/lib/thumb/v7-m\libnosys.a(_exit.o)
 .debug_frame   0x0000000000000000       0x20 c:/program files (x86)/stmicroelectronics/stm32cubeide_1.4.0/stm32cubeide/plugins/com.st.stm32cube.ide.mcu.externaltools.gnu-tools-for-stm32.7-2018-q2-update.win32_1.4.0.202007081208/tools/bin/../lib/gcc/arm-none-eabi/7.3.1/../../../../arm-none-eabi/lib/thumb/v7-m\libnosys.a(_exit.o)
 .ARM.attributes
                0x0000000000000000       0x2d c:/program files (x86)/stmicroelectronics/stm32cubeide_1.4.0/stm32cubeide/plugins/com.st.stm32cube.ide.mcu.externaltools.gnu-tools-for-stm32.7-2018-q2-update.win32_1.4.0.202007081208/tools/bin/../lib/gcc/arm-none-eabi/7.3.1/../../../../arm-none-eabi/lib/thumb/v7-m\libnosys.a(_exit.o)
 .text          0x0000000000000000        0x0 c:/program files (x86)/stmicroelectronics/stm32cubeide_1.4.0/stm32cubeide/plugins/com.st.stm32cube.ide.mcu.externaltools.gnu-tools-for-stm32.7-2018-q2-update.win32_1.4.0.202007081208/tools/bin/../lib/gcc/arm-none-eabi/7.3.1/thumb/v7-m/crtend.o
 .data          0x0000000000000000        0x0 c:/program files (x86)/stmicroelectronics/stm32cubeide_1.4.0/stm32cubeide/plugins/com.st.stm32cube.ide.mcu.externaltools.gnu-tools-for-stm32.7-2018-q2-update.win32_1.4.0.202007081208/tools/bin/../lib/gcc/arm-none-eabi/7.3.1/thumb/v7-m/crtend.o
 .bss           0x0000000000000000        0x0 c:/program files (x86)/stmicroelectronics/stm32cubeide_1.4.0/stm32cubeide/plugins/com.st.stm32cube.ide.mcu.externaltools.gnu-tools-for-stm32.7-2018-q2-update.win32_1.4.0.202007081208/tools/bin/../lib/gcc/arm-none-eabi/7.3.1/thumb/v7-m/crtend.o
 .eh_frame      0x0000000000000000        0x4 c:/program files (x86)/stmicroelectronics/stm32cubeide_1.4.0/stm32cubeide/plugins/com.st.stm32cube.ide.mcu.externaltools.gnu-tools-for-stm32.7-2018-q2-update.win32_1.4.0.202007081208/tools/bin/../lib/gcc/arm-none-eabi/7.3.1/thumb/v7-m/crtend.o
 .ARM.attributes
                0x0000000000000000       0x2d c:/program files (x86)/stmicroelectronics/stm32cubeide_1.4.0/stm32cubeide/plugins/com.st.stm32cube.ide.mcu.externaltools.gnu-tools-for-stm32.7-2018-q2-update.win32_1.4.0.202007081208/tools/bin/../lib/gcc/arm-none-eabi/7.3.1/thumb/v7-m/crtend.o
 .text          0x0000000000000000        0x0 c:/program files (x86)/stmicroelectronics/stm32cubeide_1.4.0/stm32cubeide/plugins/com.st.stm32cube.ide.mcu.externaltools.gnu-tools-for-stm32.7-2018-q2-update.win32_1.4.0.202007081208/tools/bin/../lib/gcc/arm-none-eabi/7.3.1/thumb/v7-m/crtn.o
 .data          0x0000000000000000        0x0 c:/program files (x86)/stmicroelectronics/stm32cubeide_1.4.0/stm32cubeide/plugins/com.st.stm32cube.ide.mcu.externaltools.gnu-tools-for-stm32.7-2018-q2-update.win32_1.4.0.202007081208/tools/bin/../lib/gcc/arm-none-eabi/7.3.1/thumb/v7-m/crtn.o
 .bss           0x0000000000000000        0x0 c:/program files (x86)/stmicroelectronics/stm32cubeide_1.4.0/stm32cubeide/plugins/com.st.stm32cube.ide.mcu.externaltools.gnu-tools-for-stm32.7-2018-q2-update.win32_1.4.0.202007081208/tools/bin/../lib/gcc/arm-none-eabi/7.3.1/thumb/v7-m/crtn.o

Memory Configuration

Name             Origin             Length             Attributes
RAM              0x0000000020000000 0x0000000000005000 xrw
ROM              0x0000000008000000 0x0000000000010000 xr
*default*        0x0000000000000000 0xffffffffffffffff

Linker script and memory map

LOAD c:/program files (x86)/stmicroelectronics/stm32cubeide_1.4.0/stm32cubeide/plugins/com.st.stm32cube.ide.mcu.externaltools.gnu-tools-for-stm32.7-2018-q2-update.win32_1.4.0.202007081208/tools/bin/../lib/gcc/arm-none-eabi/7.3.1/thumb/v7-m/crti.o
LOAD c:/program files (x86)/stmicroelectronics/stm32cubeide_1.4.0/stm32cubeide/plugins/com.st.stm32cube.ide.mcu.externaltools.gnu-tools-for-stm32.7-2018-q2-update.win32_1.4.0.202007081208/tools/bin/../lib/gcc/arm-none-eabi/7.3.1/thumb/v7-m/crtbegin.o
LOAD c:/program files (x86)/stmicroelectronics/stm32cubeide_1.4.0/stm32cubeide/plugins/com.st.stm32cube.ide.mcu.externaltools.gnu-tools-for-stm32.7-2018-q2-update.win32_1.4.0.202007081208/tools/bin/../lib/gcc/arm-none-eabi/7.3.1/../../../../arm-none-eabi/lib/thumb/v7-m/crt0.o
LOAD Src/CAN_program.o
LOAD Src/GPIO_program.o
LOAD Src/NVIC_program.o
LOAD Src/RCC_program.o
LOAD Src/SYSTICK_program.o
LOAD Src/main.o
LOAD Startup/startup_stm32f103c8tx.o
START GROUP
LOAD c:/program files (x86)/stmicroelectronics/stm32cubeide_1.4.0/stm32cubeide/plugins/com.st.stm32cube.ide.mcu.externaltools.gnu-tools-for-stm32.7-2018-q2-update.win32_1.4.0.202007081208/tools/bin/../lib/gcc/arm-none-eabi/7.3.1/../../../../arm-none-eabi/lib/thumb/v7-m\libc_nano.a
LOAD c:/program files (x86)/stmicroelectronics/stm32cubeide_1.4.0/stm32cubeide/plugins/com.st.stm32cube.ide.mcu.externaltools.gnu-tools-for-stm32.7-2018-q2-update.win32_1.4.0.202007081208/tools/bin/../lib/gcc/arm-none-eabi/7.3.1/../../../../arm-none-eabi/lib/thumb/v7-m\libm.a
END GROUP
START GROUP
LOAD c:/program files (x86)/stmicroelectronics/stm32cubeide_1.4.0/stm32cubeide/plugins/com.st.stm32cube.ide.mcu.externaltools.gnu-tools-for-stm32.7-2018-q2-update.win32_1.4.0.202007081208/tools/bin/../lib/gcc/arm-none-eabi/7.3.1/thumb/v7-m\libgcc.a
LOAD c:/program files (x86)/stmicroelectronics/stm32cubeide_1.4.0/stm32cubeide/plugins/com.st.stm32cube.ide.mcu.externaltools.gnu-tools-for-stm32.7-2018-q2-update.win32_1.4.0.202007081208/tools/bin/../lib/gcc/arm-none-eabi/7.3.1/../../../../arm-none-eabi/lib/thumb/v7-m\libc_nano.a
END GROUP
START GROUP
LOAD c:/program files (x86)/stmicroelectronics/stm32cubeide_1.4.0/stm32cubeide/plugins/com.st.stm32cube.ide.mcu.externaltools.gnu-tools-for-stm32.7-2018-q2-update.win32_1.4.0.202007081208/tools/bin/../lib/gcc/arm-none-eabi/7.3.1/thumb/v7-m\libgcc.a
LOAD c:/program files (x86)/stmicroelectronics/stm32cubeide_1.4.0/stm32cubeide/plugins/com.st.stm32cube.ide.mcu.externaltools.gnu-tools-for-stm32.7-2018-q2-update.win32_1.4.0.202007081208/tools/bin/../lib/gcc/arm-none-eabi/7.3.1/../../../../arm-none-eabi/lib/thumb/v7-m\libc_nano.a
LOAD c:/program files (x86)/stmicroelectronics/stm32cubeide_1.4.0/stm32cubeide/plugins/com.st.stm32cube.ide.mcu.externaltools.gnu-tools-for-stm32.7-2018-q2-update.win32_1.4.0.202007081208/tools/bin/../lib/gcc/arm-none-eabi/7.3.1/../../../../arm-none-eabi/lib/thumb/v7-m\libnosys.a
END GROUP
START GROUP
LOAD c:/program files (x86)/stmicroelectronics/stm32cubeide_1.4.0/stm32cubeide/plugins/com.st.stm32cube.ide.mcu.externaltools.gnu-tools-for-stm32.7-2018-q2-update.win32_1.4.0.202007081208/tools/bin/../lib/gcc/arm-none-eabi/7.3.1/thumb/v7-m\libgcc.a
LOAD c:/program files (x86)/stmicroelectronics/stm32cubeide_1.4.0/stm32cubeide/plugins/com.st.stm32cube.ide.mcu.externaltools.gnu-tools-for-stm32.7-2018-q2-update.win32_1.4.0.202007081208/tools/bin/../lib/gcc/arm-none-eabi/7.3.1/../../../../arm-none-eabi/lib/thumb/v7-m\libc_nano.a
LOAD c:/program files (x86)/stmicroelectronics/stm32cubeide_1.4.0/stm32cubeide/plugins/com.st.stm32cube.ide.mcu.externaltools.gnu-tools-for-stm32.7-2018-q2-update.win32_1.4.0.202007081208/tools/bin/../lib/gcc/arm-none-eabi/7.3.1/../../../../arm-none-eabi/lib/thumb/v7-m\libnosys.a
END GROUP
LOAD c:/program files (x86)/stmicroelectronics/stm32cubeide_1.4.0/stm32cubeide/plugins/com.st.stm32cube.ide.mcu.externaltools.gnu-tools-for-stm32.7-2018-q2-update.win32_1.4.0.202007081208/tools/bin/../lib/gcc/arm-none-eabi/7.3.1/thumb/v7-m/crtend.o
LOAD c:/program files (x86)/stmicroelectronics/stm32cubeide_1.4.0/stm32cubeide/plugins/com.st.stm32cube.ide.mcu.externaltools.gnu-tools-for-stm32.7-2018-q2-update.win32_1.4.0.202007081208/tools/bin/../lib/gcc/arm-none-eabi/7.3.1/thumb/v7-m/crtn.o
                0x0000000020005000                _estack = (ORIGIN (RAM) + LENGTH (RAM))
                0x0000000000000200                _Min_Heap_Size = 0x200
                0x0000000000000400                _Min_Stack_Size = 0x400

.isr_vector     0x0000000008000000      0x130
                0x0000000008000000                . = ALIGN (0x4)
 *(.isr_vector)
 .isr_vector    0x0000000008000000      0x130 Startup/startup_stm32f103c8tx.o
                0x0000000008000000                g_pfnVectors
                0x0000000008000130                . = ALIGN (0x4)

.text           0x0000000008000130      0xb80
                0x0000000008000130                . = ALIGN (0x4)
 *(.text)
 .text          0x0000000008000130       0x40 c:/program files (x86)/stmicroelectronics/stm32cubeide_1.4.0/stm32cubeide/plugins/com.st.stm32cube.ide.mcu.externaltools.gnu-tools-for-stm32.7-2018-q2-update.win32_1.4.0.202007081208/tools/bin/../lib/gcc/arm-none-eabi/7.3.1/thumb/v7-m/crtbegin.o
 *(.text*)
 .text.CAN_voidFilterConfiguration
                0x0000000008000170       0xf8 Src/CAN_program.o
                0x0000000008000170                CAN_voidFilterConfiguration
 .text.CAN_u32GetProperFilterValues
                0x0000000008000268       0x3e Src/CAN_program.o
                0x0000000008000268                CAN_u32GetProperFilterValues
 *fill*         0x00000000080002a6        0x2 
 .text.CAN_voidInit
                0x00000000080002a8       0x48 Src/CAN_program.o
                0x00000000080002a8                CAN_voidInit
 .text.CAN_voidOperatingMode
                0x00000000080002f0       0xd0 Src/CAN_program.o
                0x00000000080002f0                CAN_voidOperatingMode
 .text.CAN_voidSetTiming
                0x00000000080003c0       0x54 Src/CAN_program.o
 .text.CAN_voidInterruptStatus
                0x0000000008000414       0x40 Src/CAN_program.o
                0x0000000008000414                CAN_voidInterruptStatus
 .text.CAN_TransmitMailBox
                0x0000000008000454       0xec Src/CAN_program.o
                0x0000000008000454                CAN_TransmitMailBox
 .text.CAN_voidReceiveMailBox
                0x0000000008000540      0x1a0 Src/CAN_program.o
                0x0000000008000540                CAN_voidReceiveMailBox
 .text.MGPIO_voidSetPinDirection
                0x00000000080006e0      0x164 Src/GPIO_program.o
                0x00000000080006e0                MGPIO_voidSetPinDirection
 .text.MNVIC_voidEnableInterrupt
                0x0000000008000844       0x30 Src/NVIC_program.o
                0x0000000008000844                MNVIC_voidEnableInterrupt
 .text.MRCC_voidInit
                0x0000000008000874       0x58 Src/RCC_program.o
                0x0000000008000874                MRCC_voidInit
 .text.MRCC_u8CheckClockSource
                0x00000000080008cc       0x68 Src/RCC_program.o
                0x00000000080008cc                MRCC_u8CheckClockSource
 .text.MRCC_voidSetClockSource
                0x0000000008000934       0x58 Src/RCC_program.o
                0x0000000008000934                MRCC_voidSetClockSource
 .text.MRCC_voidEnableClockSource
                0x000000000800098c       0x44 Src/RCC_program.o
                0x000000000800098c                MRCC_voidEnableClockSource
 .text.MRCC_voidSetBusClocks
                0x00000000080009d0       0x5c Src/RCC_program.o
                0x00000000080009d0                MRCC_voidSetBusClocks
 .text.MRCC_voidSetPeripheralClock
                0x0000000008000a2c       0x98 Src/RCC_program.o
                0x0000000008000a2c                MRCC_voidSetPeripheralClock
 .text.SysTick_Handler
                0x0000000008000ac4       0x48 Src/SYSTICK_program.o
                0x0000000008000ac4                SysTick_Handler
 .text.USB_LP_CAN_RX0_IRQHandler
                0x0000000008000b0c       0x1c Src/main.o
                0x0000000008000b0c                USB_LP_CAN_RX0_IRQHandler
 .text.CAN_RX1_IRQHandler
                0x0000000008000b28       0x1c Src/main.o
                0x0000000008000b28                CAN_RX1_IRQHandler
 .text.main     0x0000000008000b44       0xb8 Src/main.o
                0x0000000008000b44                main
 .text.Reset_Handler
                0x0000000008000bfc       0x50 Startup/startup_stm32f103c8tx.o
                0x0000000008000bfc                Reset_Handler
 .text.Default_Handler
                0x0000000008000c4c        0x2 Startup/startup_stm32f103c8tx.o
                0x0000000008000c4c                EXTI2_IRQHandler
                0x0000000008000c4c                TIM8_TRG_COM_IRQHandler
                0x0000000008000c4c                TIM8_CC_IRQHandler
                0x0000000008000c4c                DebugMon_Handler
                0x0000000008000c4c                TIM1_CC_IRQHandler
                0x0000000008000c4c                HardFault_Handler
                0x0000000008000c4c                TIM6_IRQHandler
                0x0000000008000c4c                PVD_IRQHandler
                0x0000000008000c4c                SDIO_IRQHandler
                0x0000000008000c4c                PendSV_Handler
                0x0000000008000c4c                NMI_Handler
                0x0000000008000c4c                EXTI3_IRQHandler
                0x0000000008000c4c                USB_HP_CAN_TX_IRQHandler
                0x0000000008000c4c                EXTI0_IRQHandler
                0x0000000008000c4c                I2C2_EV_IRQHandler
                0x0000000008000c4c                UsageFault_Handler
                0x0000000008000c4c                ADC1_2_IRQHandler
                0x0000000008000c4c                SPI1_IRQHandler
                0x0000000008000c4c                CAN_SCE_IRQHandler
                0x0000000008000c4c                TAMPER_IRQHandler
                0x0000000008000c4c                TIM8_UP_IRQHandler
                0x0000000008000c4c                DMA2_Channel2_IRQHandler
                0x0000000008000c4c                DMA1_Channel4_IRQHandler
                0x0000000008000c4c                USART3_IRQHandler
                0x0000000008000c4c                RTC_IRQHandler
                0x0000000008000c4c                DMA1_Channel7_IRQHandler
                0x0000000008000c4c                UART5_IRQHandler
                0x0000000008000c4c                ADC3_IRQHandler
                0x0000000008000c4c                TIM4_IRQHandler
                0x0000000008000c4c                DMA2_Channel1_IRQHandler
                0x0000000008000c4c                I2C1_EV_IRQHandler
                0x0000000008000c4c                DMA1_Channel6_IRQHandler
                0x0000000008000c4c                UART4_IRQHandler
                0x0000000008000c4c                TIM3_IRQHandler
                0x0000000008000c4c                RCC_IRQHandler
                0x0000000008000c4c                TIM1_TRG_COM_IRQHandler
                0x0000000008000c4c                DMA1_Channel1_IRQHandler
                0x0000000008000c4c                Default_Handler
                0x0000000008000c4c                EXTI15_10_IRQHandler
                0x0000000008000c4c                TIM7_IRQHandler
                0x0000000008000c4c                TIM5_IRQHandler
                0x0000000008000c4c                EXTI9_5_IRQHandler
                0x0000000008000c4c                SPI2_IRQHandler
                0x0000000008000c4c                MemManage_Handler
                0x0000000008000c4c                SVC_Handler
                0x0000000008000c4c                DMA1_Channel5_IRQHandler
                0x0000000008000c4c                EXTI4_IRQHandler
                0x0000000008000c4c                DMA1_Channel3_IRQHandler
                0x0000000008000c4c                FSMC_IRQHandler
                0x0000000008000c4c                TIM1_UP_IRQHandler
                0x0000000008000c4c                WWDG_IRQHandler
                0x0000000008000c4c                TIM2_IRQHandler
                0x0000000008000c4c                TIM1_BRK_IRQHandler
                0x0000000008000c4c                EXTI1_IRQHandler
                0x0000000008000c4c                RTCAlarm_IRQHandler
                0x0000000008000c4c                DMA2_Channel4_5_IRQHandler
                0x0000000008000c4c                USART2_IRQHandler
                0x0000000008000c4c                I2C2_ER_IRQHandler
                0x0000000008000c4c                DMA1_Channel2_IRQHandler
                0x0000000008000c4c                TIM8_BRK_IRQHandler
                0x0000000008000c4c                FLASH_IRQHandler
                0x0000000008000c4c                BusFault_Handler
                0x0000000008000c4c                USART1_IRQHandler
                0x0000000008000c4c                SPI3_IRQHandler
                0x0000000008000c4c                I2C1_ER_IRQHandler
                0x0000000008000c4c                DMA2_Channel3_IRQHandler
 *fill*         0x0000000008000c4e        0x2 
 .text.__libc_init_array
                0x0000000008000c50       0x48 c:/program files (x86)/stmicroelectronics/stm32cubeide_1.4.0/stm32cubeide/plugins/com.st.stm32cube.ide.mcu.externaltools.gnu-tools-for-stm32.7-2018-q2-update.win32_1.4.0.202007081208/tools/bin/../lib/gcc/arm-none-eabi/7.3.1/../../../../arm-none-eabi/lib/thumb/v7-m\libc_nano.a(lib_a-init.o)
                0x0000000008000c50                __libc_init_array
 *(.glue_7)
 .glue_7        0x0000000008000c98        0x0 linker stubs
 *(.glue_7t)
 .glue_7t       0x0000000008000c98        0x0 linker stubs
 *(.eh_frame)
 .eh_frame      0x0000000008000c98        0x0 c:/program files (x86)/stmicroelectronics/stm32cubeide_1.4.0/stm32cubeide/plugins/com.st.stm32cube.ide.mcu.externaltools.gnu-tools-for-stm32.7-2018-q2-update.win32_1.4.0.202007081208/tools/bin/../lib/gcc/arm-none-eabi/7.3.1/thumb/v7-m/crtbegin.o
 *(.init)
 .init          0x0000000008000c98        0x4 c:/program files (x86)/stmicroelectronics/stm32cubeide_1.4.0/stm32cubeide/plugins/com.st.stm32cube.ide.mcu.externaltools.gnu-tools-for-stm32.7-2018-q2-update.win32_1.4.0.202007081208/tools/bin/../lib/gcc/arm-none-eabi/7.3.1/thumb/v7-m/crti.o
                0x0000000008000c98                _init
 .init          0x0000000008000c9c        0x8 c:/program files (x86)/stmicroelectronics/stm32cubeide_1.4.0/stm32cubeide/plugins/com.st.stm32cube.ide.mcu.externaltools.gnu-tools-for-stm32.7-2018-q2-update.win32_1.4.0.202007081208/tools/bin/../lib/gcc/arm-none-eabi/7.3.1/thumb/v7-m/crtn.o
 *(.fini)
 .fini          0x0000000008000ca4        0x4 c:/program files (x86)/stmicroelectronics/stm32cubeide_1.4.0/stm32cubeide/plugins/com.st.stm32cube.ide.mcu.externaltools.gnu-tools-for-stm32.7-2018-q2-update.win32_1.4.0.202007081208/tools/bin/../lib/gcc/arm-none-eabi/7.3.1/thumb/v7-m/crti.o
                0x0000000008000ca4                _fini
 .fini          0x0000000008000ca8        0x8 c:/program files (x86)/stmicroelectronics/stm32cubeide_1.4.0/stm32cubeide/plugins/com.st.stm32cube.ide.mcu.externaltools.gnu-tools-for-stm32.7-2018-q2-update.win32_1.4.0.202007081208/tools/bin/../lib/gcc/arm-none-eabi/7.3.1/thumb/v7-m/crtn.o
                0x0000000008000cb0                . = ALIGN (0x4)
                0x0000000008000cb0                _etext = .

.vfp11_veneer   0x0000000008000cb0        0x0
 .vfp11_veneer  0x0000000008000cb0        0x0 linker stubs

.v4_bx          0x0000000008000cb0        0x0
 .v4_bx         0x0000000008000cb0        0x0 linker stubs

.iplt           0x0000000008000cb0        0x0
 .iplt          0x0000000008000cb0        0x0 c:/program files (x86)/stmicroelectronics/stm32cubeide_1.4.0/stm32cubeide/plugins/com.st.stm32cube.ide.mcu.externaltools.gnu-tools-for-stm32.7-2018-q2-update.win32_1.4.0.202007081208/tools/bin/../lib/gcc/arm-none-eabi/7.3.1/thumb/v7-m/crtbegin.o

.rel.dyn        0x0000000008000cb0        0x0
 .rel.iplt      0x0000000008000cb0        0x0 c:/program files (x86)/stmicroelectronics/stm32cubeide_1.4.0/stm32cubeide/plugins/com.st.stm32cube.ide.mcu.externaltools.gnu-tools-for-stm32.7-2018-q2-update.win32_1.4.0.202007081208/tools/bin/../lib/gcc/arm-none-eabi/7.3.1/thumb/v7-m/crtbegin.o

.rodata         0x0000000008000cb0        0x0
                0x0000000008000cb0                . = ALIGN (0x4)
 *(.rodata)
 *(.rodata*)
                0x0000000008000cb0                . = ALIGN (0x4)

.ARM.extab      0x0000000008000cb0        0x0
                0x0000000008000cb0                . = ALIGN (0x4)
 *(.ARM.extab* .gnu.linkonce.armextab.*)
                0x0000000008000cb0                . = ALIGN (0x4)

.ARM            0x0000000008000cb0        0x0
                0x0000000008000cb0                . = ALIGN (0x4)
                0x0000000008000cb0                __exidx_start = .
 *(.ARM.exidx*)
                0x0000000008000cb0                __exidx_end = .
                0x0000000008000cb0                . = ALIGN (0x4)

.preinit_array  0x0000000008000cb0        0x0
                0x0000000008000cb0                . = ALIGN (0x4)
                0x0000000008000cb0                PROVIDE (__preinit_array_start = .)
 *(.preinit_array*)
                0x0000000008000cb0                PROVIDE (__preinit_array_end = .)
                0x0000000008000cb0                . = ALIGN (0x4)

.init_array     0x0000000008000cb0        0x4
                0x0000000008000cb0                . = ALIGN (0x4)
                0x0000000008000cb0                PROVIDE (__init_array_start = .)
 *(SORT_BY_NAME(.init_array.*))
 *(.init_array*)
 .init_array    0x0000000008000cb0        0x4 c:/program files (x86)/stmicroelectronics/stm32cubeide_1.4.0/stm32cubeide/plugins/com.st.stm32cube.ide.mcu.externaltools.gnu-tools-for-stm32.7-2018-q2-update.win32_1.4.0.202007081208/tools/bin/../lib/gcc/arm-none-eabi/7.3.1/thumb/v7-m/crtbegin.o
                0x0000000008000cb4                PROVIDE (__init_array_end = .)
                0x0000000008000cb4                . = ALIGN (0x4)

.fini_array     0x0000000008000cb4        0x4
                0x0000000008000cb4                . = ALIGN (0x4)
                [!provide]                        PROVIDE (__fini_array_start = .)
 *(SORT_BY_NAME(.fini_array.*))
 *(.fini_array*)
 .fini_array    0x0000000008000cb4        0x4 c:/program files (x86)/stmicroelectronics/stm32cubeide_1.4.0/stm32cubeide/plugins/com.st.stm32cube.ide.mcu.externaltools.gnu-tools-for-stm32.7-2018-q2-update.win32_1.4.0.202007081208/tools/bin/../lib/gcc/arm-none-eabi/7.3.1/thumb/v7-m/crtbegin.o
                [!provide]                        PROVIDE (__fini_array_end = .)
                0x0000000008000cb8                . = ALIGN (0x4)
                0x0000000008000cb8                _sidata = LOADADDR (.data)

.data           0x0000000020000000        0x8 load address 0x0000000008000cb8
                0x0000000020000000                . = ALIGN (0x4)
                0x0000000020000000                _sdata = .
 *(.data)
 *(.data*)
 .data.Tx_Data  0x0000000020000000        0x8 Src/main.o
                0x0000000020000000                Tx_Data
                0x0000000020000008                . = ALIGN (0x4)
                0x0000000020000008                _edata = .

.igot.plt       0x0000000020000008        0x0 load address 0x0000000008000cc0
 .igot.plt      0x0000000020000008        0x0 c:/program files (x86)/stmicroelectronics/stm32cubeide_1.4.0/stm32cubeide/plugins/com.st.stm32cube.ide.mcu.externaltools.gnu-tools-for-stm32.7-2018-q2-update.win32_1.4.0.202007081208/tools/bin/../lib/gcc/arm-none-eabi/7.3.1/thumb/v7-m/crtbegin.o
                0x0000000020000008                . = ALIGN (0x4)

.bss            0x0000000020000008       0x48 load address 0x0000000008000cc0
                0x0000000020000008                _sbss = .
                0x0000000020000008                __bss_start__ = _sbss
 *(.bss)
 .bss           0x0000000020000008       0x1c c:/program files (x86)/stmicroelectronics/stm32cubeide_1.4.0/stm32cubeide/plugins/com.st.stm32cube.ide.mcu.externaltools.gnu-tools-for-stm32.7-2018-q2-update.win32_1.4.0.202007081208/tools/bin/../lib/gcc/arm-none-eabi/7.3.1/thumb/v7-m/crtbegin.o
 *(.bss*)
 .bss.SYSTICK_CALLBACK
                0x0000000020000024        0x4 Src/SYSTICK_program.o
                0x0000000020000024                SYSTICK_CALLBACK
 .bss.SYSTICK_ISR_TYPE_PERIODIC
                0x0000000020000028        0x1 Src/SYSTICK_program.o
                0x0000000020000028                SYSTICK_ISR_TYPE_PERIODIC
 *(COMMON)
 *fill*         0x0000000020000029        0x3 
 COMMON         0x000000002000002c       0x10 Src/RCC_program.o
                0x000000002000002c                RCC_F_CPU
                0x0000000020000030                RCC_APB1_Frequency
                0x0000000020000034                RCC_AHB_Frequency
                0x0000000020000038                RCC_APB2_Frequency
 COMMON         0x000000002000003c       0x14 Src/main.o
                0x000000002000003c                Rx_Data
                0x0000000020000044                RX_Header
                0x0000000020000050                . = ALIGN (0x4)
                0x0000000020000050                _ebss = .
                0x0000000020000050                __bss_end__ = _ebss

._user_heap_stack
                0x0000000020000050      0x600 load address 0x0000000008000cc0
                0x0000000020000050                . = ALIGN (0x8)
                [!provide]                        PROVIDE (end = .)
                [!provide]                        PROVIDE (_end = .)
                0x0000000020000250                . = (. + _Min_Heap_Size)
 *fill*         0x0000000020000050      0x200 
                0x0000000020000650                . = (. + _Min_Stack_Size)
 *fill*         0x0000000020000250      0x400 
                0x0000000020000650                . = ALIGN (0x8)

/DISCARD/
 libc.a(*)
 libm.a(*)
 libgcc.a(*)

.ARM.attributes
                0x0000000000000000       0x29
 *(.ARM.attributes)
 .ARM.attributes
                0x0000000000000000       0x1d c:/program files (x86)/stmicroelectronics/stm32cubeide_1.4.0/stm32cubeide/plugins/com.st.stm32cube.ide.mcu.externaltools.gnu-tools-for-stm32.7-2018-q2-update.win32_1.4.0.202007081208/tools/bin/../lib/gcc/arm-none-eabi/7.3.1/thumb/v7-m/crti.o
 .ARM.attributes
                0x000000000000001d       0x2d c:/program files (x86)/stmicroelectronics/stm32cubeide_1.4.0/stm32cubeide/plugins/com.st.stm32cube.ide.mcu.externaltools.gnu-tools-for-stm32.7-2018-q2-update.win32_1.4.0.202007081208/tools/bin/../lib/gcc/arm-none-eabi/7.3.1/thumb/v7-m/crtbegin.o
 .ARM.attributes
                0x000000000000004a       0x33 Src/CAN_program.o
 .ARM.attributes
                0x000000000000007d       0x33 Src/GPIO_program.o
 .ARM.attributes
                0x00000000000000b0       0x33 Src/NVIC_program.o
 .ARM.attributes
                0x00000000000000e3       0x33 Src/RCC_program.o
 .ARM.attributes
                0x0000000000000116       0x33 Src/SYSTICK_program.o
 .ARM.attributes
                0x0000000000000149       0x33 Src/main.o
 .ARM.attributes
                0x000000000000017c       0x21 Startup/startup_stm32f103c8tx.o
 .ARM.attributes
                0x000000000000019d       0x2d c:/program files (x86)/stmicroelectronics/stm32cubeide_1.4.0/stm32cubeide/plugins/com.st.stm32cube.ide.mcu.externaltools.gnu-tools-for-stm32.7-2018-q2-update.win32_1.4.0.202007081208/tools/bin/../lib/gcc/arm-none-eabi/7.3.1/../../../../arm-none-eabi/lib/thumb/v7-m\libc_nano.a(lib_a-init.o)
 .ARM.attributes
                0x00000000000001ca       0x1d c:/program files (x86)/stmicroelectronics/stm32cubeide_1.4.0/stm32cubeide/plugins/com.st.stm32cube.ide.mcu.externaltools.gnu-tools-for-stm32.7-2018-q2-update.win32_1.4.0.202007081208/tools/bin/../lib/gcc/arm-none-eabi/7.3.1/thumb/v7-m/crtn.o
OUTPUT(CAN.elf elf32-littlearm)

.debug_info     0x0000000000000000     0x18d5
 .debug_info    0x0000000000000000      0x75c Src/CAN_program.o
 .debug_info    0x000000000000075c      0x4f2 Src/GPIO_program.o
 .debug_info    0x0000000000000c4e      0x28e Src/NVIC_program.o
 .debug_info    0x0000000000000edc      0x3dc Src/RCC_program.o
 .debug_info    0x00000000000012b8      0x2cf Src/SYSTICK_program.o
 .debug_info    0x0000000000001587      0x32c Src/main.o
 .debug_info    0x00000000000018b3       0x22 Startup/startup_stm32f103c8tx.o

.debug_abbrev   0x0000000000000000      0x6c0
 .debug_abbrev  0x0000000000000000      0x15b Src/CAN_program.o
 .debug_abbrev  0x000000000000015b      0x11c Src/GPIO_program.o
 .debug_abbrev  0x0000000000000277      0x106 Src/NVIC_program.o
 .debug_abbrev  0x000000000000037d       0xf6 Src/RCC_program.o
 .debug_abbrev  0x0000000000000473      0x149 Src/SYSTICK_program.o
 .debug_abbrev  0x00000000000005bc       0xf2 Src/main.o
 .debug_abbrev  0x00000000000006ae       0x12 Startup/startup_stm32f103c8tx.o

.debug_aranges  0x0000000000000000      0x240
 .debug_aranges
                0x0000000000000000       0x78 Src/CAN_program.o
 .debug_aranges
                0x0000000000000078       0x58 Src/GPIO_program.o
 .debug_aranges
                0x00000000000000d0       0x50 Src/NVIC_program.o
 .debug_aranges
                0x0000000000000120       0x50 Src/RCC_program.o
 .debug_aranges
                0x0000000000000170       0x78 Src/SYSTICK_program.o
 .debug_aranges
                0x00000000000001e8       0x30 Src/main.o
 .debug_aranges
                0x0000000000000218       0x28 Startup/startup_stm32f103c8tx.o

.debug_ranges   0x0000000000000000      0x1d8
 .debug_ranges  0x0000000000000000       0x68 Src/CAN_program.o
 .debug_ranges  0x0000000000000068       0x48 Src/GPIO_program.o
 .debug_ranges  0x00000000000000b0       0x40 Src/NVIC_program.o
 .debug_ranges  0x00000000000000f0       0x40 Src/RCC_program.o
 .debug_ranges  0x0000000000000130       0x68 Src/SYSTICK_program.o
 .debug_ranges  0x0000000000000198       0x20 Src/main.o
 .debug_ranges  0x00000000000001b8       0x20 Startup/startup_stm32f103c8tx.o

.debug_macro    0x0000000000000000     0x10ff
 .debug_macro   0x0000000000000000       0x3f Src/CAN_program.o
 .debug_macro   0x000000000000003f      0xa60 Src/CAN_program.o
 .debug_macro   0x0000000000000a9f       0x40 Src/CAN_program.o
 .debug_macro   0x0000000000000adf       0x10 Src/CAN_program.o
 .debug_macro   0x0000000000000aef       0x5e Src/CAN_program.o
 .debug_macro   0x0000000000000b4d       0x59 Src/CAN_program.o
 .debug_macro   0x0000000000000ba6       0x3f Src/GPIO_program.o
 .debug_macro   0x0000000000000be5       0x10 Src/GPIO_program.o
 .debug_macro   0x0000000000000bf5       0x22 Src/GPIO_program.o
 .debug_macro   0x0000000000000c17       0x3f Src/NVIC_program.o
 .debug_macro   0x0000000000000c56      0x196 Src/NVIC_program.o
 .debug_macro   0x0000000000000dec       0x1c Src/NVIC_program.o
 .debug_macro   0x0000000000000e08       0x3e Src/RCC_program.o
 .debug_macro   0x0000000000000e46      0x104 Src/RCC_program.o
 .debug_macro   0x0000000000000f4a       0x34 Src/RCC_program.o
 .debug_macro   0x0000000000000f7e       0xac Src/RCC_program.o
 .debug_macro   0x000000000000102a       0x3f Src/SYSTICK_program.o
 .debug_macro   0x0000000000001069       0x28 Src/SYSTICK_program.o
 .debug_macro   0x0000000000001091       0x1c Src/SYSTICK_program.o
 .debug_macro   0x00000000000010ad       0x52 Src/main.o

.debug_line     0x0000000000000000      0xaaf
 .debug_line    0x0000000000000000      0x215 Src/CAN_program.o
 .debug_line    0x0000000000000215      0x1df Src/GPIO_program.o
 .debug_line    0x00000000000003f4      0x141 Src/NVIC_program.o
 .debug_line    0x0000000000000535      0x18f Src/RCC_program.o
 .debug_line    0x00000000000006c4      0x1db Src/SYSTICK_program.o
 .debug_line    0x000000000000089f      0x18c Src/main.o
 .debug_line    0x0000000000000a2b       0x84 Startup/startup_stm32f103c8tx.o

.debug_str      0x0000000000000000     0x5585
 .debug_str     0x0000000000000000     0x38c7 Src/CAN_program.o
                                       0x393d (size before relaxing)
 .debug_str     0x00000000000038c7      0x5ba Src/GPIO_program.o
                                       0x34f3 (size before relaxing)
 .debug_str     0x0000000000003e81      0x6d1 Src/NVIC_program.o
                                       0x3609 (size before relaxing)
 .debug_str     0x0000000000004552      0xba3 Src/RCC_program.o
                                       0x3ad5 (size before relaxing)
 .debug_str     0x00000000000050f5      0x3c8 Src/SYSTICK_program.o
                                       0x3309 (size before relaxing)
 .debug_str     0x00000000000054bd       0x97 Src/main.o
                                       0x3c6f (size before relaxing)
 .debug_str     0x0000000000005554       0x31 Startup/startup_stm32f103c8tx.o
                                         0x5b (size before relaxing)

.comment        0x0000000000000000       0x7b
 .comment       0x0000000000000000       0x7b Src/CAN_program.o
                                         0x7c (size before relaxing)
 .comment       0x000000000000007b       0x7c Src/GPIO_program.o
 .comment       0x000000000000007b       0x7c Src/NVIC_program.o
 .comment       0x000000000000007b       0x7c Src/RCC_program.o
 .comment       0x000000000000007b       0x7c Src/SYSTICK_program.o
 .comment       0x000000000000007b       0x7c Src/main.o

.debug_frame    0x0000000000000000      0x7dc
 .debug_frame   0x0000000000000000      0x1e8 Src/CAN_program.o
 .debug_frame   0x00000000000001e8      0x154 Src/GPIO_program.o
 .debug_frame   0x000000000000033c      0x12c Src/NVIC_program.o
 .debug_frame   0x0000000000000468      0x11c Src/RCC_program.o
 .debug_frame   0x0000000000000584      0x1c4 Src/SYSTICK_program.o
 .debug_frame   0x0000000000000748       0x68 Src/main.o
 .debug_frame   0x00000000000007b0       0x2c c:/program files (x86)/stmicroelectronics/stm32cubeide_1.4.0/stm32cubeide/plugins/com.st.stm32cube.ide.mcu.externaltools.gnu-tools-for-stm32.7-2018-q2-update.win32_1.4.0.202007081208/tools/bin/../lib/gcc/arm-none-eabi/7.3.1/../../../../arm-none-eabi/lib/thumb/v7-m\libc_nano.a(lib_a-init.o)
