CAN_program.c:21:6:CAN_voidFilterConfiguration	16	static
CAN_program.c:60:5:CAN_u32GetProperFilterValues	24	static
CAN_program.c:76:6:CAN_voidInit	16	static
CAN_program.c:107:6:CAN_voidOperatingMode	16	static
CAN_program.c:141:13:CAN_voidSetTiming	4	static
CAN_program.c:165:6:CAN_voidInterruptStatus	16	static
CAN_program.c:170:4:CAN_u8ReadErrorFlag	24	static
CAN_program.c:187:4:CAN_u8GetErrorCode	16	static
CAN_program.c:196:4:CAN_u8GetReceiveErrorCounter	16	static
CAN_program.c:205:4:CAN_u8GetTransmitErrorCounter	16	static
CAN_program.c:216:6:CAN_TransmitMailBox	24	static
CAN_program.c:255:6:CAN_voidReceiveMailBox	40	static
CAN_program.c:307:11:StringLen	24	static
CAN_program.c:317:6:CAN_TransmitStringTest	32	static
CAN_program.c:354:4:CAN_u8ReceiveStringTest	48	static
CAN_program.c:422:6:CAN_voidSetCallBack	16	static
CAN_program.c:427:6:CAN_RX1_IRQHandler	8	static
